Archive member included because of file (symbol)

C:/ISIS/workspace_BIT/BIT/satellite-subsystems/demo/..//satellite-subsystems/lib\libSatelliteSubsystemsD.a(IsisSolarPanelv2.o)
                              ./src/Demos/IsisSPv2demo.o (IsisSolarPanelv2_initialize)
C:/ISIS/workspace_BIT/BIT/satellite-subsystems/demo/..//satellite-subsystems/lib\libSatelliteSubsystemsD.a(isis_ants.o)
                              ./src/Demos/isis_ants_demo.o (ISIS_ANTS_Init)
C:/ISIS/workspace_BIT/BIT/satellite-subsystems/demo/..//satellite-subsystems/lib\libSatelliteSubsystemsD.a(isis_ants_rev2.o)
                              ./src/Demos/isis_ants2_demo.o (ISIS_ANTS_REV2_Init)
C:/ISIS/workspace_BIT/BIT/satellite-subsystems/demo/..//satellite-subsystems/lib\libSatelliteSubsystemsD.a(isis_aocs.o)
                              ./src/Demos/IsisAOCSdemo.o (ISIS_AOCS_Init)
C:/ISIS/workspace_BIT/BIT/satellite-subsystems/demo/..//satellite-subsystems/lib\libSatelliteSubsystemsD.a(isis_hstxs_v2.o)
                              ./src/Demos/IsisHSTXS_V2demo.o (ISIS_HSTXS_V2_Init)
C:/ISIS/workspace_BIT/BIT/satellite-subsystems/demo/..//satellite-subsystems/lib\libSatelliteSubsystemsD.a(isis_mtq_v2.o)
                              ./src/Demos/IsisMTQv2demo.o (ISIS_MTQ_V2_Init)
C:/ISIS/workspace_BIT/BIT/satellite-subsystems/demo/..//satellite-subsystems/lib\libSatelliteSubsystemsD.a(isis_rxs_c.o)
                              ./src/Demos/isisRXSrevCdemo.o (ISIS_RXS_C_Init)
C:/ISIS/workspace_BIT/BIT/satellite-subsystems/demo/..//satellite-subsystems/lib\libSatelliteSubsystemsD.a(isis_vu_d.o)
                              ./src/Demos/IsisTRXVUrevDdemo.o (ISIS_VU_D_Init)
C:/ISIS/workspace_BIT/BIT/satellite-subsystems/demo/..//satellite-subsystems/lib\libSatelliteSubsystemsD.a(isis_vu_e.o)
                              ./src/Demos/IsisTRXVUrevEdemo.o (ISIS_VU_E_Init)
C:/ISIS/workspace_BIT/BIT/satellite-subsystems/demo/..//satellite-subsystems/lib\libSatelliteSubsystemsD.a(isismepsv2_ivid5_pbu.o)
                              ./src/Demos/isismeps_ivid5_pdu_demo.o (ISISMEPSV2_IVID5_PBU_Init)
C:/ISIS/workspace_BIT/BIT/satellite-subsystems/demo/..//satellite-subsystems/lib\libSatelliteSubsystemsD.a(isismepsv2_ivid5_pcu.o)
                              ./src/Demos/isismeps_ivid5_pdu_demo.o (ISISMEPSV2_IVID5_PCU_Init)
C:/ISIS/workspace_BIT/BIT/satellite-subsystems/demo/..//satellite-subsystems/lib\libSatelliteSubsystemsD.a(isismepsv2_ivid5_pdu.o)
                              ./src/Demos/isismeps_ivid5_pdu_demo.o (ISISMEPSV2_IVID5_PDU_Init)
C:/ISIS/workspace_BIT/BIT/satellite-subsystems/demo/..//satellite-subsystems/lib\libSatelliteSubsystemsD.a(isismepsv2_ivid5_piu.o)
                              ./src/Demos/isismeps_ivid5_piu_demo.o (ISISMEPSV2_IVID5_PIU_Init)
C:/ISIS/workspace_BIT/BIT/satellite-subsystems/demo/..//satellite-subsystems/lib\libSatelliteSubsystemsD.a(version.o)
                              ./src/main.o (SatelliteSubsystemsCompileDate)
c:/isis/application/toolchain/bin/../lib/gcc/arm-none-eabi/4.7.4/../../../../arm-none-eabi/lib\libm.a(lib_a-w_exp.o)
                              ./src/Demos/common.o (exp)
c:/isis/application/toolchain/bin/../lib/gcc/arm-none-eabi/4.7.4/../../../../arm-none-eabi/lib\libm.a(lib_a-e_exp.o)
                              c:/isis/application/toolchain/bin/../lib/gcc/arm-none-eabi/4.7.4/../../../../arm-none-eabi/lib\libm.a(lib_a-w_exp.o) (__ieee754_exp)
c:/isis/application/toolchain/bin/../lib/gcc/arm-none-eabi/4.7.4/../../../../arm-none-eabi/lib\libm.a(lib_a-s_finite.o)
                              c:/isis/application/toolchain/bin/../lib/gcc/arm-none-eabi/4.7.4/../../../../arm-none-eabi/lib\libm.a(lib_a-w_exp.o) (finite)
c:/isis/application/toolchain/bin/../lib/gcc/arm-none-eabi/4.7.4/../../../../arm-none-eabi/lib\libm.a(lib_a-s_lib_ver.o)
                              c:/isis/application/toolchain/bin/../lib/gcc/arm-none-eabi/4.7.4/../../../../arm-none-eabi/lib\libm.a(lib_a-w_exp.o) (__fdlib_version)
c:/isis/application/toolchain/bin/../lib/gcc/arm-none-eabi/4.7.4/../../../../arm-none-eabi/lib\libm.a(lib_a-s_matherr.o)
                              c:/isis/application/toolchain/bin/../lib/gcc/arm-none-eabi/4.7.4/../../../../arm-none-eabi/lib\libm.a(lib_a-w_exp.o) (matherr)
C:/ISIS/workspace_BIT/BIT/satellite-subsystems/demo/../..//hal/hal/lib\libHALD.a(checksum.o)
                              ./src/Demos/isisRXSrevCdemo.o (checksum_prepareLUTCRC16)
C:/ISIS/workspace_BIT/BIT/satellite-subsystems/demo/../..//hal/hal/lib\libHALD.a(SPI.o)
                              ./src/Demos/IsisSPv2demo.o (SPI_start)
C:/ISIS/workspace_BIT/BIT/satellite-subsystems/demo/../..//hal/hal/lib\libHALD.a(LED.o)
                              ./src/main.o (LED_start)
C:/ISIS/workspace_BIT/BIT/satellite-subsystems/demo/../..//hal/hal/lib\libHALD.a(UART.o)
                              ./src/Demos/isisRXSrevCdemo.o (UART_start)
C:/ISIS/workspace_BIT/BIT/satellite-subsystems/demo/../..//hal/hal/lib\libHALD.a(I2C.o)
[...]
Memory Configuration

Name             Origin             Length             Attributes
sram0            0x00200000         0x00004000         w !xr
sram1            0x00300000         0x00004000         w !xr
sdram            0x20000000         0x02000000         w !xr
*default*        0x00000000         0xffffffff

Linker script and memory map

LOAD c:/isis/application/toolchain/bin/../lib/gcc/arm-none-eabi/4.7.4/../../../../arm-none-eabi/lib\libc.a
LOAD ./src/Demos/IsisAOCSdemo.o
LOAD ./src/Demos/IsisHSTXS_V2demo.o
LOAD ./src/Demos/IsisMTQv2demo.o
LOAD ./src/Demos/IsisSPv2demo.o
LOAD ./src/Demos/IsisTRXVUrevDdemo.o
LOAD ./src/Demos/IsisTRXVUrevEdemo.o
LOAD ./src/Demos/common.o
LOAD ./src/Demos/input.o
LOAD ./src/Demos/isisRXSrevCdemo.o
LOAD ./src/Demos/isis_ants2_demo.o
LOAD ./src/Demos/isis_ants_demo.o
LOAD ./src/Demos/isismeps_ivid5_pdu_demo.o
LOAD ./src/Demos/isismeps_ivid5_piu_demo.o
LOAD ./src/Demos/trxvu_frame_ready.o
LOAD ./src/Bit/EPS.o
LOAD ./src/Bit/OBC.o
LOAD ./src/Bit/PayloadAndAnts.o
LOAD ./src/Bit/TRXVU.o
LOAD ./src/main.o
LOAD C:/ISIS/workspace_BIT/BIT/satellite-subsystems/demo/..//satellite-subsystems/lib\libSatelliteSubsystemsD.a
LOAD c:/isis/application/toolchain/bin/../lib/gcc/arm-none-eabi/4.7.4/../../../../arm-none-eabi/lib\libm.a
LOAD C:/ISIS/workspace_BIT/BIT/satellite-subsystems/demo/../..//hal/hcc/lib\libHCCD.a
LOAD C:/ISIS/workspace_BIT/BIT/satellite-subsystems/demo/../..//hal/hal/lib\libHALD.a
LOAD C:/ISIS/workspace_BIT/BIT/satellite-subsystems/demo/../..//hal/freertos/lib\libFreeRTOSD.a
LOAD C:/ISIS/workspace_BIT/BIT/satellite-subsystems/demo/../..//hal/at91/lib\libAt91D.a
START GROUP
LOAD c:/isis/application/toolchain/bin/../lib/gcc/arm-none-eabi/4.7.4\libgcc.a
LOAD c:/isis/application/toolchain/bin/../lib/gcc/arm-none-eabi/4.7.4/../../../../arm-none-eabi/lib\libg.a
LOAD c:/isis/application/toolchain/bin/../lib/gcc/arm-none-eabi/4.7.4/../../../../arm-none-eabi/lib\libc.a
END GROUP

.fixed          0x20000000    0x11054
                0x20000000                . = ALIGN (0x4)
                0x20000000                _sfixed = .
 *(.startup)
 .startup       0x20000000      0x184 C:/ISIS/workspace_BIT/BIT/satellite-subsystems/demo/../..//hal/at91/lib\libAt91D.a(board_cstartup.o)
                0x20000000                entry
 *(.text)
 .text          0x20000184       0x64 C:/ISIS/workspace_BIT/BIT/satellite-subsystems/demo/../..//hal/at91/lib\libAt91D.a(cp15_asm.o)
                0x20000184                _readControlRegister
                0x20000190                _writeControlRegister
                0x20000198                _waitForInterrupt
                0x200001a4                _writeTTB
                0x200001ac                _writeDomain
                0x200001b4                _writeITLBLockdown
                0x200001bc                _prefetchICacheLine
                0x200001c4                _flushDCache
                0x200001d0                _flushWriteBuffer
                0x200001dc                _invalidateIDTLBs
 .text          0x200001e8      0x114 c:/isis/application/toolchain/bin/../lib/gcc/arm-none-eabi/4.7.4\libgcc.a(_udivsi3.o)
                0x200001e8                __aeabi_uidiv
                0x200001e8                __udivsi3
                0x200002dc                __aeabi_uidivmod
 .text          0x200002fc        0x4 c:/isis/application/toolchain/bin/../lib/gcc/arm-none-eabi/4.7.4\libgcc.a(_dvmd_tls.o)
                0x200002fc                __aeabi_idiv0
                0x200002fc                __aeabi_ldiv0
 .text          0x20000300      0x41c c:/isis/application/toolchain/bin/../lib/gcc/arm-none-eabi/4.7.4\libgcc.a(_arm_addsubdf3.o)
                0x20000300                __aeabi_drsub
                0x20000308                __aeabi_dsub
                0x20000308                __subdf3
                0x2000030c                __aeabi_dadd
                0x2000030c                __adddf3
                0x2000061c                __floatunsidf
                0x2000061c                __aeabi_ui2d
                0x20000640                __floatsidf
                0x20000640                __aeabi_i2d
                0x20000668                __aeabi_f2d
                0x20000668                __extendsfdf2
                0x200006a8                __floatundidf
                0x200006a8                __aeabi_ul2d
                0x200006bc                __floatdidf
                0x200006bc                __aeabi_l2d
 .text          0x2000071c      0x49c c:/isis/application/toolchain/bin/../lib/gcc/arm-none-eabi/4.7.4\libgcc.a(_arm_muldivdf3.o)
                0x2000071c                __aeabi_dmul
                0x2000071c                __muldf3
                0x200009ac                __divdf3
                0x200009ac                __aeabi_ddiv
 .text          0x20000bb8      0x144 c:/isis/application/toolchain/bin/../lib/gcc/arm-none-eabi/4.7.4\libgcc.a(_arm_cmpdf2.o)
                0x20000bb8                __gtdf2
                0x20000bb8                __gedf2
                0x20000bc0                __ltdf2
                0x20000bc0                __ledf2
                0x20000bc8                __nedf2
                0x20000bc8                __eqdf2
                0x20000bc8                __cmpdf2
                0x20000c50                __aeabi_cdrcmple
                0x20000c6c                __aeabi_cdcmpeq
                0x20000c6c                __aeabi_cdcmple
                0x20000c84                __aeabi_dcmpeq
                0x20000c9c                __aeabi_dcmplt
                0x20000cb4                __aeabi_dcmple
                0x20000ccc                __aeabi_dcmpge
                0x20000ce4                __aeabi_dcmpgt
 .text          0x20000cfc       0x5c c:/isis/application/toolchain/bin/../lib/gcc/arm-none-eabi/4.7.4\libgcc.a(_arm_fixdfsi.o)
                0x20000cfc                __aeabi_d2iz
                0x20000cfc                __fixdfsi
 .text          0x20000d58       0x3c c:/isis/application/toolchain/bin/../lib/gcc/arm-none-eabi/4.7.4\libgcc.a(_aeabi_uldivmod.o)
                0x20000d58                __aeabi_uldivmod
 .text          0x20000d94       0x84 c:/isis/application/toolchain/bin/../lib/gcc/arm-none-eabi/4.7.4\libgcc.a(bpabi.o)
                0x20000d94                __gnu_ldivmod_helper
                0x20000dd8                __gnu_uldivmod_helper
 .text          0x20000e18      0x4f0 c:/isis/application/toolchain/bin/../lib/gcc/arm-none-eabi/4.7.4\libgcc.a(_divdi3.o)
                0x20000e18                __divdi3
 .text          0x20001308      0x488 c:/isis/application/toolchain/bin/../lib/gcc/arm-none-eabi/4.7.4\libgcc.a(_udivdi3.o)
                0x20001308                __udivdi3
 .text          0x20001790       0x48 c:/isis/application/toolchain/bin/../lib/gcc/arm-none-eabi/4.7.4\libgcc.a(_clzsi2.o)
                0x20001790                __clzsi2
 *(.text*)
 .text.EPS_Test
                0x200017d8       0x24 ./src/Bit/EPS.o
                0x200017d8                EPS_Test
 .text.OBC_Test
                0x200017fc       0x24 ./src/Bit/OBC.o
                0x200017fc                OBC_Test
 .text.PayloadAndAnts_Test
                0x20001820       0x24 ./src/Bit/PayloadAndAnts.o
                0x20001820                PayloadAndAnts_Test
 .text.TRXVU_Test
                0x20001844       0x24 ./src/Bit/TRXVU.o
                0x20001844                TRXVU_Test
 .text.initI2C  0x20001868       0x68 ./src/main.o
                0x20001868                initI2C
 .text.selectAndExecuteTest
                0x200018d0       0xe0 ./src/main.o
                0x200018d0                selectAndExecuteTest
 .text.taskMain
                0x200019b0       0x60 ./src/main.o
                0x200019b0                taskMain
 .text.main     0x20001a10      0x234 ./src/main.o
                0x20001a10                main
 .text.uSdelay  0x20001c44       0x88 C:/ISIS/workspace_BIT/BIT/satellite-subsystems/demo/../..//hal/hal/lib\libHALD.a(LED.o)
 .text.LED_start
                0x20001ccc       0x1c C:/ISIS/workspace_BIT/BIT/satellite-subsystems/demo/../..//hal/hal/lib\libHALD.a(LED.o)
                0x20001ccc                LED_start
 .text.LED_glow
                0x20001ce8       0x58 C:/ISIS/workspace_BIT/BIT/satellite-subsystems/demo/../..//hal/hal/lib\libHALD.a(LED.o)
                0x20001ce8                LED_glow
 .text.LED_dark
                0x20001d40       0x58 C:/ISIS/workspace_BIT/BIT/satellite-subsystems/demo/../..//hal/hal/lib\libHALD.a(LED.o)
                0x20001d40                LED_dark
 .text.LED_toggle
                0x20001d98       0x50 C:/ISIS/workspace_BIT/BIT/satellite-subsystems/demo/../..//hal/hal/lib\libHALD.a(LED.o)
                0x20001d98                LED_toggle
 .text.LED_wave
                0x20001de8       0xd0 C:/ISIS/workspace_BIT/BIT/satellite-subsystems/demo/../..//hal/hal/lib\libHALD.a(LED.o)
                0x20001de8                LED_wave
 .text.LED_waveReverse
                0x20001eb8       0xd0 C:/ISIS/workspace_BIT/BIT/satellite-subsystems/demo/../..//hal/hal/lib\libHALD.a(LED.o)
                0x20001eb8                LED_waveReverse
 .text.I2C_start
                0x20001f88      0x2e8 C:/ISIS/workspace_BIT/BIT/satellite-subsystems/demo/../..//hal/hal/lib\libHALD.a(I2C.o)
                0x20001f88                I2C_start
 .text.I2C_stop
                0x20002270      0x184 C:/ISIS/workspace_BIT/BIT/satellite-subsystems/demo/../..//hal/hal/lib\libHALD.a(I2C.o)
                0x20002270                I2C_stop
 .text.I2C_setTransferTimeout
                0x200023f4       0x48 C:/ISIS/workspace_BIT/BIT/satellite-subsystems/demo/../..//hal/hal/lib\libHALD.a(I2C.o)
                0x200023f4                I2C_setTransferTimeout
 .text.WDT_start
                0x2000243c       0x48 C:/ISIS/workspace_BIT/BIT/satellite-subsystems/demo/../..//hal/hal/lib\libHALD.a(WatchDogTimerNoOS.o)
                0x2000243c                WDT_start
 .text.WDT_startWatchdogKickTask
                0x20002484       0xb4 C:/ISIS/workspace_BIT/BIT/satellite-subsystems/demo/../..//hal/hal/lib\libHALD.a(WatchDogTimerOS.o)
                0x20002484                WDT_startWatchdogKickTask
 .text.WDT_forceKickEveryNms
                0x20002538       0x50 C:/ISIS/workspace_BIT/BIT/satellite-subsystems/demo/../..//hal/hal/lib\libHALD.a(WatchDogTimerOS.o)
                0x20002538                WDT_forceKickEveryNms
 .text.UTIL_DbguGetInteger
                0x20002588      0x168 C:/ISIS/workspace_BIT/BIT/satellite-subsystems/demo/../..//hal/hal/lib\libHALD.a(util.o)
                0x20002588                UTIL_DbguGetInteger
 .text.UTIL_DbguGetIntegerMinMax
                0x200026f0       0xa4 C:/ISIS/workspace_BIT/BIT/satellite-subsystems/demo/../..//hal/hal/lib\libHALD.a(util.o)
                0x200026f0                UTIL_DbguGetIntegerMinMax
 .text.xQueueGenericReset
                0x20002794      0x150 C:/ISIS/workspace_BIT/BIT/satellite-subsystems/demo/../..//hal/freertos/lib\libFreeRTOSD.a(queue.o)
                0x20002794                xQueueGenericReset
 .text.xQueueGenericCreate
                0x200028e4      0x108 C:/ISIS/workspace_BIT/BIT/satellite-subsystems/demo/../..//hal/freertos/lib\libFreeRTOSD.a(queue.o)
                0x200028e4                xQueueGenericCreate
 .text.xQueueCreateMutex
                0x200029ec      0x11c C:/ISIS/workspace_BIT/BIT/satellite-subsystems/demo/../..//hal/freertos/lib\libFreeRTOSD.a(queue.o)
                0x200029ec                xQueueCreateMutex
 .text.xQueueGenericSend
                0x20002b08      0x298 C:/ISIS/workspace_BIT/BIT/satellite-subsystems/demo/../..//hal/freertos/lib\libFreeRTOSD.a(queue.o)
                0x20002b08                xQueueGenericSend
 .text.xQueueGenericSendFromISR
                0x20002da0      0x1e0 C:/ISIS/workspace_BIT/BIT/satellite-subsystems/demo/../..//hal/freertos/lib\libFreeRTOSD.a(queue.o)
                0x20002da0                xQueueGenericSendFromISR
 .text.xQueueGenericReceive
                0x20002f80      0x2cc C:/ISIS/workspace_BIT/BIT/satellite-subsystems/demo/../..//hal/freertos/lib\libFreeRTOSD.a(queue.o)
                0x20002f80                xQueueGenericReceive
 .text.uxQueueMessagesWaiting
                0x2000324c       0x6c C:/ISIS/workspace_BIT/BIT/satellite-subsystems/demo/../..//hal/freertos/lib\libFreeRTOSD.a(queue.o)
                0x2000324c                uxQueueMessagesWaiting
 .text.vQueueDelete
                0x200032b8       0x78 C:/ISIS/workspace_BIT/BIT/satellite-subsystems/demo/../..//hal/freertos/lib\libFreeRTOSD.a(queue.o)
                0x200032b8                vQueueDelete
 .text.prvCopyDataToQueue
                0x20003330      0x190 C:/ISIS/workspace_BIT/BIT/satellite-subsystems/demo/../..//hal/freertos/lib\libFreeRTOSD.a(queue.o)
 .text.prvCopyDataFromQueue
                0x200034c0       0x90 C:/ISIS/workspace_BIT/BIT/satellite-subsystems/demo/../..//hal/freertos/lib\libFreeRTOSD.a(queue.o)
 .text.prvUnlockQueue
                0x20003550      0x130 C:/ISIS/workspace_BIT/BIT/satellite-subsystems/demo/../..//hal/freertos/lib\libFreeRTOSD.a(queue.o)
 .text.prvIsQueueEmpty
                0x20003680       0x4c C:/ISIS/workspace_BIT/BIT/satellite-subsystems/demo/../..//hal/freertos/lib\libFreeRTOSD.a(queue.o)
 .text.prvIsQueueFull
                0x200036cc       0x54 C:/ISIS/workspace_BIT/BIT/satellite-subsystems/demo/../..//hal/freertos/lib\libFreeRTOSD.a(queue.o)
 .text.vQueueUnregisterQueue
                0x20003720       0x80 C:/ISIS/workspace_BIT/BIT/satellite-subsystems/demo/../..//hal/freertos/lib\libFreeRTOSD.a(queue.o)
                0x20003720                vQueueUnregisterQueue
 .text.vQueueWaitForMessageRestricted
                0x200037a0       0x90 C:/ISIS/workspace_BIT/BIT/satellite-subsystems/demo/../..//hal/freertos/lib\libFreeRTOSD.a(queue.o)
                0x200037a0                vQueueWaitForMessageRestricted
 .text.prvNotifyQueueSetContainer
                0x20003830      0x108 C:/ISIS/workspace_BIT/BIT/satellite-subsystems/demo/../..//hal/freertos/lib\libFreeRTOSD.a(queue.o)
 .text.vListInitialise
                0x20003938       0x64 C:/ISIS/workspace_BIT/BIT/satellite-subsystems/demo/../..//hal/freertos/lib\libFreeRTOSD.a(list.o)
                0x20003938                vListInitialise
 .text.vListInitialiseItem
                0x2000399c       0x28 C:/ISIS/workspace_BIT/BIT/satellite-subsystems/demo/../..//hal/freertos/lib\libFreeRTOSD.a(list.o)
                0x2000399c                vListInitialiseItem
 .text.vListInsertEnd
                0x200039c4       0x84 C:/ISIS/workspace_BIT/BIT/satellite-subsystems/demo/../..//hal/freertos/lib\libFreeRTOSD.a(list.o)
                0x200039c4                vListInsertEnd
 .text.vListInsert
                0x20003a48       0xd4 C:/ISIS/workspace_BIT/BIT/satellite-subsystems/demo/../..//hal/freertos/lib\libFreeRTOSD.a(list.o)
                0x20003a48                vListInsert
 .text.uxListRemove
                0x20003b1c       0xa0 C:/ISIS/workspace_BIT/BIT/satellite-subsystems/demo/../..//hal/freertos/lib\libFreeRTOSD.a(list.o)
                0x20003b1c                uxListRemove
 .text.xTaskGenericCreate
                0x20003bbc      0x2ac C:/ISIS/workspace_BIT/BIT/satellite-subsystems/demo/../..//hal/freertos/lib\libFreeRTOSD.a(tasks.o)
                0x20003bbc                xTaskGenericCreate
 .text.vTaskDelete
                0x20003e68       0xe8 C:/ISIS/workspace_BIT/BIT/satellite-subsystems/demo/../..//hal/freertos/lib\libFreeRTOSD.a(tasks.o)
                0x20003e68                vTaskDelete
 .text.vTaskDelay
                0x20003f50       0x80 C:/ISIS/workspace_BIT/BIT/satellite-subsystems/demo/../..//hal/freertos/lib\libFreeRTOSD.a(tasks.o)
                0x20003f50                vTaskDelay
 .text.vTaskStartScheduler
                0x20003fd0      0x104 C:/ISIS/workspace_BIT/BIT/satellite-subsystems/demo/../..//hal/freertos/lib\libFreeRTOSD.a(tasks.o)
                0x20003fd0                vTaskStartScheduler
 .text.vTaskSuspendAll
                0x200040d4       0x2c C:/ISIS/workspace_BIT/BIT/satellite-subsystems/demo/../..//hal/freertos/lib\libFreeRTOSD.a(tasks.o)
                0x200040d4                vTaskSuspendAll
 .text.xTaskResumeAll
                0x20004100      0x1f4 C:/ISIS/workspace_BIT/BIT/satellite-subsystems/demo/../..//hal/freertos/lib\libFreeRTOSD.a(tasks.o)
                0x20004100                xTaskResumeAll
 .text.xTaskGetTickCount
                0x200042f4       0x34 C:/ISIS/workspace_BIT/BIT/satellite-subsystems/demo/../..//hal/freertos/lib\libFreeRTOSD.a(tasks.o)
                0x200042f4                xTaskGetTickCount
 .text.xTaskIncrementTick
                0x20004328      0x298 C:/ISIS/workspace_BIT/BIT/satellite-subsystems/demo/../..//hal/freertos/lib\libFreeRTOSD.a(tasks.o)
                0x20004328                xTaskIncrementTick
 .text.vTaskSwitchContext
                0x200045c0      0x1a4 C:/ISIS/workspace_BIT/BIT/satellite-subsystems/demo/../..//hal/freertos/lib\libFreeRTOSD.a(tasks.o)
                0x200045c0                vTaskSwitchContext
 .text.vTaskPlaceOnEventList
                0x20004764       0xcc C:/ISIS/workspace_BIT/BIT/satellite-subsystems/demo/../..//hal/freertos/lib\libFreeRTOSD.a(tasks.o)
                0x20004764                vTaskPlaceOnEventList
 .text.vTaskPlaceOnEventListRestricted
                0x20004830       0xa4 C:/ISIS/workspace_BIT/BIT/satellite-subsystems/demo/../..//hal/freertos/lib\libFreeRTOSD.a(tasks.o)
                0x20004830                vTaskPlaceOnEventListRestricted
 .text.xTaskRemoveFromEventList
                0x200048d4      0x160 C:/ISIS/workspace_BIT/BIT/satellite-subsystems/demo/../..//hal/freertos/lib\libFreeRTOSD.a(tasks.o)
                0x200048d4                xTaskRemoveFromEventList
 .text.vTaskSetTimeOutState
                0x20004a34       0x78 C:/ISIS/workspace_BIT/BIT/satellite-subsystems/demo/../..//hal/freertos/lib\libFreeRTOSD.a(tasks.o)
                0x20004a34                vTaskSetTimeOutState
 .text.xTaskCheckForTimeOut
                0x20004aac      0x158 C:/ISIS/workspace_BIT/BIT/satellite-subsystems/demo/../..//hal/freertos/lib\libFreeRTOSD.a(tasks.o)
                0x20004aac                xTaskCheckForTimeOut
 .text.vTaskMissedYield
                0x20004c04       0x24 C:/ISIS/workspace_BIT/BIT/satellite-subsystems/demo/../..//hal/freertos/lib\libFreeRTOSD.a(tasks.o)
                0x20004c04                vTaskMissedYield
 .text.prvIdleTask
                0x20004c28       0x20 C:/ISIS/workspace_BIT/BIT/satellite-subsystems/demo/../..//hal/freertos/lib\libFreeRTOSD.a(tasks.o)
 .text.prvInitialiseTCBVariables
                0x20004c48      0x450 C:/ISIS/workspace_BIT/BIT/satellite-subsystems/demo/../..//hal/freertos/lib\libFreeRTOSD.a(tasks.o)
 .text.prvInitialiseTaskLists
                0x20005098       0xbc C:/ISIS/workspace_BIT/BIT/satellite-subsystems/demo/../..//hal/freertos/lib\libFreeRTOSD.a(tasks.o)
 .text.prvCheckTasksWaitingTermination
                0x20005154       0xbc C:/ISIS/workspace_BIT/BIT/satellite-subsystems/demo/../..//hal/freertos/lib\libFreeRTOSD.a(tasks.o)
 .text.prvAddCurrentTaskToDelayedList
                0x20005210       0xb4 C:/ISIS/workspace_BIT/BIT/satellite-subsystems/demo/../..//hal/freertos/lib\libFreeRTOSD.a(tasks.o)
 .text.prvAllocateTCBAndStack
                0x200052c4       0xb4 C:/ISIS/workspace_BIT/BIT/satellite-subsystems/demo/../..//hal/freertos/lib\libFreeRTOSD.a(tasks.o)
 .text.prvDeleteTCB
                0x20005378       0x30 C:/ISIS/workspace_BIT/BIT/satellite-subsystems/demo/../..//hal/freertos/lib\libFreeRTOSD.a(tasks.o)
 .text.xTaskGetCurrentTaskHandle
                0x200053a8       0x30 C:/ISIS/workspace_BIT/BIT/satellite-subsystems/demo/../..//hal/freertos/lib\libFreeRTOSD.a(tasks.o)
                0x200053a8                xTaskGetCurrentTaskHandle
 .text.xTaskGetSchedulerState
                0x200053d8       0x68 C:/ISIS/workspace_BIT/BIT/satellite-subsystems/demo/../..//hal/freertos/lib\libFreeRTOSD.a(tasks.o)
                0x200053d8                xTaskGetSchedulerState
 .text.vTaskPriorityInherit
                0x20005440      0x148 C:/ISIS/workspace_BIT/BIT/satellite-subsystems/demo/../..//hal/freertos/lib\libFreeRTOSD.a(tasks.o)
                0x20005440                vTaskPriorityInherit
 .text.vTaskPriorityDisinherit
                0x20005588       0xdc C:/ISIS/workspace_BIT/BIT/satellite-subsystems/demo/../..//hal/freertos/lib\libFreeRTOSD.a(tasks.o)
                0x20005588                vTaskPriorityDisinherit
 .text.xTimerCreateTimerTask
                0x20005664       0xb0 C:/ISIS/workspace_BIT/BIT/satellite-subsystems/demo/../..//hal/freertos/lib\libFreeRTOSD.a(timers.o)
                0x20005664                xTimerCreateTimerTask
 .text.xTimerGenericCommand
                0x20005714       0xf0 C:/ISIS/workspace_BIT/BIT/satellite-subsystems/demo/../..//hal/freertos/lib\libFreeRTOSD.a(timers.o)
                0x20005714                xTimerGenericCommand
 .text.prvProcessExpiredTimer
                0x20005804       0xec C:/ISIS/workspace_BIT/BIT/satellite-subsystems/demo/../..//hal/freertos/lib\libFreeRTOSD.a(timers.o)
 .text.prvTimerTask
                0x200058f0       0x38 C:/ISIS/workspace_BIT/BIT/satellite-subsystems/demo/../..//hal/freertos/lib\libFreeRTOSD.a(timers.o)
 .text.prvProcessTimerOrBlockTask
                0x20005928       0xb4 C:/ISIS/workspace_BIT/BIT/satellite-subsystems/demo/../..//hal/freertos/lib\libFreeRTOSD.a(timers.o)
 .text.prvGetNextExpireTime
                0x200059dc       0x80 C:/ISIS/workspace_BIT/BIT/satellite-subsystems/demo/../..//hal/freertos/lib\libFreeRTOSD.a(timers.o)
 .text.prvSampleTimeNow
                0x20005a5c       0x78 C:/ISIS/workspace_BIT/BIT/satellite-subsystems/demo/../..//hal/freertos/lib\libFreeRTOSD.a(timers.o)
 .text.prvInsertTimerInActiveList
                0x20005ad4       0xf4 C:/ISIS/workspace_BIT/BIT/satellite-subsystems/demo/../..//hal/freertos/lib\libFreeRTOSD.a(timers.o)
 .text.prvProcessReceivedCommands
                0x20005bc8      0x1d0 C:/ISIS/workspace_BIT/BIT/satellite-subsystems/demo/../..//hal/freertos/lib\libFreeRTOSD.a(timers.o)
 .text.prvSwitchTimerLists
                0x20005d98      0x16c C:/ISIS/workspace_BIT/BIT/satellite-subsystems/demo/../..//hal/freertos/lib\libFreeRTOSD.a(timers.o)
 .text.prvCheckForValidListAndQueue
                0x20005f04       0x7c C:/ISIS/workspace_BIT/BIT/satellite-subsystems/demo/../..//hal/freertos/lib\libFreeRTOSD.a(timers.o)
 .text.vApplicationStackOverflowHook
                0x20005f80       0x5c C:/ISIS/workspace_BIT/BIT/satellite-subsystems/demo/../..//hal/freertos/lib\libFreeRTOSD.a(hooks.o)
                0x20005f80                vApplicationStackOverflowHook
 .text.vApplicationIdleHook
                0x20005fdc       0x18 C:/ISIS/workspace_BIT/BIT/satellite-subsystems/demo/../..//hal/freertos/lib\libFreeRTOSD.a(hooks.o)
                0x20005fdc                vApplicationIdleHook
 .text.vApplicationMallocFailedHook
                0x20005ff4       0x30 C:/ISIS/workspace_BIT/BIT/satellite-subsystems/demo/../..//hal/freertos/lib\libFreeRTOSD.a(hooks.o)
                0x20005ff4                vApplicationMallocFailedHook
 .text.pvPortMalloc
                0x20006024       0x28 C:/ISIS/workspace_BIT/BIT/satellite-subsystems/demo/../..//hal/freertos/lib\libFreeRTOSD.a(standardMemMang.o)
                0x20006024                pvPortMalloc
 .text.vPortFree
                0x2000604c       0x20 C:/ISIS/workspace_BIT/BIT/satellite-subsystems/demo/../..//hal/freertos/lib\libFreeRTOSD.a(standardMemMang.o)
                0x2000604c                vPortFree
 .text._sbrk    0x2000606c       0xd0 C:/ISIS/workspace_BIT/BIT/satellite-subsystems/demo/../..//hal/freertos/lib\libFreeRTOSD.a(standardMemMang.o)
                0x2000606c                _sbrk
 .text.__malloc_lock
                0x2000613c       0x10 C:/ISIS/workspace_BIT/BIT/satellite-subsystems/demo/../..//hal/freertos/lib\libFreeRTOSD.a(standardMemMang.o)
                0x2000613c                __malloc_lock
 .text.__malloc_unlock
                0x2000614c       0x10 C:/ISIS/workspace_BIT/BIT/satellite-subsystems/demo/../..//hal/freertos/lib\libFreeRTOSD.a(standardMemMang.o)
                0x2000614c                __malloc_unlock
 .text.pxPortInitialiseStack
                0x2000615c      0x218 C:/ISIS/workspace_BIT/BIT/satellite-subsystems/demo/../..//hal/freertos/lib\libFreeRTOSD.a(port.o)
                0x2000615c                pxPortInitialiseStack
 .text.xPortStartScheduler
                0x20006374       0x1c C:/ISIS/workspace_BIT/BIT/satellite-subsystems/demo/../..//hal/freertos/lib\libFreeRTOSD.a(port.o)
                0x20006374                xPortStartScheduler
 .text.prvSetupTimerInterrupt
                0x20006390       0x54 C:/ISIS/workspace_BIT/BIT/satellite-subsystems/demo/../..//hal/freertos/lib\libFreeRTOSD.a(port.o)
 .text.vPortISRStartFirstTask
                0x200063e4       0x64 C:/ISIS/workspace_BIT/BIT/satellite-subsystems/demo/../..//hal/freertos/lib\libFreeRTOSD.a(port.o)
 .text.vPortEnterCritical
                0x20006448       0x40 C:/ISIS/workspace_BIT/BIT/satellite-subsystems/demo/../..//hal/freertos/lib\libFreeRTOSD.a(port.o)
                0x20006448                vPortEnterCritical
 .text.vPortExitCritical
                0x20006488       0x60 C:/ISIS/workspace_BIT/BIT/satellite-subsystems/demo/../..//hal/freertos/lib\libFreeRTOSD.a(port.o)
                0x20006488                vPortExitCritical
 .text._read    0x200064e8       0xa4 C:/ISIS/workspace_BIT/BIT/satellite-subsystems/demo/../..//hal/at91/lib\libAt91D.a(syscalls.o)
                0x200064e8                _read
 .text._write   0x2000658c       0xd4 C:/ISIS/workspace_BIT/BIT/satellite-subsystems/demo/../..//hal/at91/lib\libAt91D.a(syscalls.o)
                0x2000658c                _write
 .text._lseek   0x20006660       0x2c C:/ISIS/workspace_BIT/BIT/satellite-subsystems/demo/../..//hal/at91/lib\libAt91D.a(syscalls.o)
                0x20006660                _lseek
 .text._close   0x2000668c       0x24 C:/ISIS/workspace_BIT/BIT/satellite-subsystems/demo/../..//hal/at91/lib\libAt91D.a(syscalls.o)
                0x2000668c                _close
 .text._fstat   0x200066b0       0x28 C:/ISIS/workspace_BIT/BIT/satellite-subsystems/demo/../..//hal/at91/lib\libAt91D.a(syscalls.o)
                0x200066b0                _fstat
 .text._isatty  0x200066d8       0x38 C:/ISIS/workspace_BIT/BIT/satellite-subsystems/demo/../..//hal/at91/lib\libAt91D.a(syscalls.o)
                0x200066d8                _isatty
 .text.exit     0x20006710       0x18 C:/ISIS/workspace_BIT/BIT/satellite-subsystems/demo/../..//hal/at91/lib\libAt91D.a(syscalls.o)
                0x20006710                exit
 .text._exit    0x20006728       0x28 C:/ISIS/workspace_BIT/BIT/satellite-subsystems/demo/../..//hal/at91/lib\libAt91D.a(syscalls.o)
                0x20006728                _exit
 .text.AIC_ConfigureIT
                0x20006750       0x74 C:/ISIS/workspace_BIT/BIT/satellite-subsystems/demo/../..//hal/at91/lib\libAt91D.a(aic.o)
                0x20006750                AIC_ConfigureIT
 .text.AIC_EnableIT
                0x200067c4       0x34 C:/ISIS/workspace_BIT/BIT/satellite-subsystems/demo/../..//hal/at91/lib\libAt91D.a(aic.o)
                0x200067c4                AIC_EnableIT
 .text.AIC_DisableIT
                0x200067f8       0x34 C:/ISIS/workspace_BIT/BIT/satellite-subsystems/demo/../..//hal/at91/lib\libAt91D.a(aic.o)
                0x200067f8                AIC_DisableIT
 .text.CP15_Enable_I_Cache
                0x2000682c       0x6c C:/ISIS/workspace_BIT/BIT/satellite-subsystems/demo/../..//hal/at91/lib\libAt91D.a(cp15.o)
                0x2000682c                CP15_Enable_I_Cache
 .text.CP15_Disable_I_Cache
                0x20006898       0x94 C:/ISIS/workspace_BIT/BIT/satellite-subsystems/demo/../..//hal/at91/lib\libAt91D.a(cp15.o)
                0x20006898                CP15_Disable_I_Cache
 .text.CP15_DisableMMU
                0x2000692c       0xa0 C:/ISIS/workspace_BIT/BIT/satellite-subsystems/demo/../..//hal/at91/lib\libAt91D.a(cp15.o)
                0x2000692c                CP15_DisableMMU
 .text.CP15_Disable_D_Cache
                0x200069cc       0x94 C:/ISIS/workspace_BIT/BIT/satellite-subsystems/demo/../..//hal/at91/lib\libAt91D.a(cp15.o)
                0x200069cc                CP15_Disable_D_Cache
 .text.CP15_Disable_AlignmentFault
                0x20006a60       0x94 C:/ISIS/workspace_BIT/BIT/satellite-subsystems/demo/../..//hal/at91/lib\libAt91D.a(cp15.o)
                0x20006a60                CP15_Disable_AlignmentFault
 .text.DBGU_Configure
                0x20006af4       0x84 C:/ISIS/workspace_BIT/BIT/satellite-subsystems/demo/../..//hal/at91/lib\libAt91D.a(dbgu.o)
                0x20006af4                DBGU_Configure
 .text.DBGU_PutChar
                0x20006b78       0x60 C:/ISIS/workspace_BIT/BIT/satellite-subsystems/demo/../..//hal/at91/lib\libAt91D.a(dbgu.o)
                0x20006b78                DBGU_PutChar
 .text.DBGU_IsRxReady
                0x20006bd8       0x28 C:/ISIS/workspace_BIT/BIT/satellite-subsystems/demo/../..//hal/at91/lib\libAt91D.a(dbgu.o)
                0x20006bd8                DBGU_IsRxReady
 .text.DBGU_GetChar
                0x20006c00       0x40 C:/ISIS/workspace_BIT/BIT/satellite-subsystems/demo/../..//hal/at91/lib\libAt91D.a(dbgu.o)
                0x20006c00                DBGU_GetChar
 .text.PioInterruptHandler
                0x20006c40      0x11c C:/ISIS/workspace_BIT/BIT/satellite-subsystems/demo/../..//hal/at91/lib\libAt91D.a(pio_it.o)
 .text.InterruptHandler
                0x20006d5c       0x3c C:/ISIS/workspace_BIT/BIT/satellite-subsystems/demo/../..//hal/at91/lib\libAt91D.a(pio_it.o)
 .text.PIO_InitializeInterrupts
                0x20006d98       0xf8 C:/ISIS/workspace_BIT/BIT/satellite-subsystems/demo/../..//hal/at91/lib\libAt91D.a(pio_it.o)
                0x20006d98                PIO_InitializeInterrupts
 .text.PIO_SetPeripheralA
                0x20006e90       0x74 C:/ISIS/workspace_BIT/BIT/satellite-subsystems/demo/../..//hal/at91/lib\libAt91D.a(pio.o)
 .text.PIO_SetPeripheralB
                0x20006f04       0x74 C:/ISIS/workspace_BIT/BIT/satellite-subsystems/demo/../..//hal/at91/lib\libAt91D.a(pio.o)
 .text.PIO_SetInput
                0x20006f78       0x9c C:/ISIS/workspace_BIT/BIT/satellite-subsystems/demo/../..//hal/at91/lib\libAt91D.a(pio.o)
 .text.PIO_SetOutput
                0x20007014       0xc4 C:/ISIS/workspace_BIT/BIT/satellite-subsystems/demo/../..//hal/at91/lib\libAt91D.a(pio.o)
 .text.PIO_Configure
                0x200070d8      0x1ec C:/ISIS/workspace_BIT/BIT/satellite-subsystems/demo/../..//hal/at91/lib\libAt91D.a(pio.o)
                0x200070d8                PIO_Configure
 .text.PIO_Set  0x200072c4       0x3c C:/ISIS/workspace_BIT/BIT/satellite-subsystems/demo/../..//hal/at91/lib\libAt91D.a(pio.o)
                0x200072c4                PIO_Set
 .text.PIO_Clear
                0x20007300       0x3c C:/ISIS/workspace_BIT/BIT/satellite-subsystems/demo/../..//hal/at91/lib\libAt91D.a(pio.o)
                0x20007300                PIO_Clear
 .text.PIT_Init
                0x2000733c       0x68 C:/ISIS/workspace_BIT/BIT/satellite-subsystems/demo/../..//hal/at91/lib\libAt91D.a(pit.o)
                0x2000733c                PIT_Init
 .text.PIT_Enable
                0x200073a4       0x2c C:/ISIS/workspace_BIT/BIT/satellite-subsystems/demo/../..//hal/at91/lib\libAt91D.a(pit.o)
                0x200073a4                PIT_Enable
 .text.PIT_EnableIT
                0x200073d0       0x2c C:/ISIS/workspace_BIT/BIT/satellite-subsystems/demo/../..//hal/at91/lib\libAt91D.a(pit.o)
                0x200073d0                PIT_EnableIT
 .text.PMC_EnablePeripheral
                0x200073fc       0xc4 C:/ISIS/workspace_BIT/BIT/satellite-subsystems/demo/../..//hal/at91/lib\libAt91D.a(pmc.o)
                0x200073fc                PMC_EnablePeripheral
 .text.PMC_DisablePeripheral
                0x200074c0       0xc4 C:/ISIS/workspace_BIT/BIT/satellite-subsystems/demo/../..//hal/at91/lib\libAt91D.a(pmc.o)
                0x200074c0                PMC_DisablePeripheral
 .text.TWI_ConfigureMaster
                0x20007584      0x2c0 C:/ISIS/workspace_BIT/BIT/satellite-subsystems/demo/../..//hal/at91/lib\libAt91D.a(twi_at91.o)
                0x20007584                TWI_ConfigureMaster
 .text.TWI_GetMaskedStatus
                0x20007844       0x78 C:/ISIS/workspace_BIT/BIT/satellite-subsystems/demo/../..//hal/at91/lib\libAt91D.a(twi_at91.o)
                0x20007844                TWI_GetMaskedStatus
 .text.disableCaches
                0x200078bc       0x18 C:/ISIS/workspace_BIT/BIT/satellite-subsystems/demo/../..//hal/at91/lib\libAt91D.a(ExitHandler.o)
 .text.restart  0x200078d4       0x28 C:/ISIS/workspace_BIT/BIT/satellite-subsystems/demo/../..//hal/at91/lib\libAt91D.a(ExitHandler.o)
                0x200078d4                restart
 .text.print_hex
                0x200078fc       0xa0 C:/ISIS/workspace_BIT/BIT/satellite-subsystems/demo/../..//hal/at91/lib\libAt91D.a(ExitHandler.o)
 .text.print_stack_trace
                0x2000799c      0x1b4 C:/ISIS/workspace_BIT/BIT/satellite-subsystems/demo/../..//hal/at91/lib\libAt91D.a(ExitHandler.o)
 .text.handleAbort
                0x20007b50      0x890 C:/ISIS/workspace_BIT/BIT/satellite-subsystems/demo/../..//hal/at91/lib\libAt91D.a(ExitHandler.o)
                0x20007b50                handleAbort
 .text.defaultSpuriousHandler
                0x200083e0       0x38 C:/ISIS/workspace_BIT/BIT/satellite-subsystems/demo/../..//hal/at91/lib\libAt91D.a(board_lowlevel.o)
                0x200083e0                defaultSpuriousHandler
 .text.defaultFiqHandler
                0x20008418       0x38 C:/ISIS/workspace_BIT/BIT/satellite-subsystems/demo/../..//hal/at91/lib\libAt91D.a(board_lowlevel.o)
                0x20008418                defaultFiqHandler
 .text.defaultIrqHandler
                0x20008450       0x38 C:/ISIS/workspace_BIT/BIT/satellite-subsystems/demo/../..//hal/at91/lib\libAt91D.a(board_lowlevel.o)
                0x20008450                defaultIrqHandler
 .text.LowLevelInit
                0x20008488       0xf4 C:/ISIS/workspace_BIT/BIT/satellite-subsystems/demo/../..//hal/at91/lib\libAt91D.a(board_lowlevel.o)
                0x20008488                LowLevelInit
 .text.BOARD_RemapRam
                0x2000857c       0x24 C:/ISIS/workspace_BIT/BIT/satellite-subsystems/demo/../..//hal/at91/lib\libAt91D.a(board_memories.o)
                0x2000857c                BOARD_RemapRam
 .text.__errno  0x200085a0       0x10 c:/isis/application/toolchain/bin/../lib/gcc/arm-none-eabi/4.7.4/../../../../arm-none-eabi/lib\libg.a(lib_a-errno.o)
                0x200085a0                __errno
 .text._fflush_r
                0x200085b0      0x250 c:/isis/application/toolchain/bin/../lib/gcc/arm-none-eabi/4.7.4/../../../../arm-none-eabi/lib\libg.a(lib_a-fflush.o)
                0x200085b0                _fflush_r
 .text.fflush   0x20008800       0x40 c:/isis/application/toolchain/bin/../lib/gcc/arm-none-eabi/4.7.4/../../../../arm-none-eabi/lib\libg.a(lib_a-fflush.o)
                0x20008800                fflush
 .text._cleanup_r
                0x20008840       0x18 c:/isis/application/toolchain/bin/../lib/gcc/arm-none-eabi/4.7.4/../../../../arm-none-eabi/lib\libg.a(lib_a-findfp.o)
                0x20008840                _cleanup_r
 .text.std.isra.0
                0x20008858       0x7c c:/isis/application/toolchain/bin/../lib/gcc/arm-none-eabi/4.7.4/../../../../arm-none-eabi/lib\libg.a(lib_a-findfp.o)
 .text.__sinit  0x200088d4       0x78 c:/isis/application/toolchain/bin/../lib/gcc/arm-none-eabi/4.7.4/../../../../arm-none-eabi/lib\libg.a(lib_a-findfp.o)
                0x200088d4                __sinit
 .text.__sfp_lock_acquire
                0x2000894c        0x4 c:/isis/application/toolchain/bin/../lib/gcc/arm-none-eabi/4.7.4/../../../../arm-none-eabi/lib\libg.a(lib_a-findfp.o)
                0x2000894c                __sfp_lock_acquire
 .text.__sfp_lock_release
                0x20008950        0x4 c:/isis/application/toolchain/bin/../lib/gcc/arm-none-eabi/4.7.4/../../../../arm-none-eabi/lib\libg.a(lib_a-findfp.o)
                0x20008950                __sfp_lock_release
 .text._malloc_trim_r
                0x20008954       0xfc c:/isis/application/toolchain/bin/../lib/gcc/arm-none-eabi/4.7.4/../../../../arm-none-eabi/lib\libg.a(lib_a-freer.o)
                0x20008954                _malloc_trim_r
 .text._free_r  0x20008a50      0x26c c:/isis/application/toolchain/bin/../lib/gcc/arm-none-eabi/4.7.4/../../../../arm-none-eabi/lib\libg.a(lib_a-freer.o)
                0x20008a50                _free_r
 .text._fwalk   0x20008cbc       0x88 c:/isis/application/toolchain/bin/../lib/gcc/arm-none-eabi/4.7.4/../../../../arm-none-eabi/lib\libg.a(lib_a-fwalk.o)
                0x20008cbc                _fwalk
 .text._fwalk_reent
                0x20008d44       0x8c c:/isis/application/toolchain/bin/../lib/gcc/arm-none-eabi/4.7.4/../../../../arm-none-eabi/lib\libg.a(lib_a-fwalk.o)
                0x20008d44                _fwalk_reent
 .text.malloc   0x20008dd0       0x20 c:/isis/application/toolchain/bin/../lib/gcc/arm-none-eabi/4.7.4/../../../../arm-none-eabi/lib\libg.a(lib_a-malloc.o)
                0x20008dd0                malloc
 .text.free     0x20008df0       0x20 c:/isis/application/toolchain/bin/../lib/gcc/arm-none-eabi/4.7.4/../../../../arm-none-eabi/lib\libg.a(lib_a-malloc.o)
                0x20008df0                free
 .text._malloc_r
                0x20008e10      0x73c c:/isis/application/toolchain/bin/../lib/gcc/arm-none-eabi/4.7.4/../../../../arm-none-eabi/lib\libg.a(lib_a-mallocr.o)
                0x20008e10                _malloc_r
 .text.memcpy   0x2000954c       0xf4 c:/isis/application/toolchain/bin/../lib/gcc/arm-none-eabi/4.7.4/../../../../arm-none-eabi/lib\libg.a(lib_a-memcpy.o)
                0x2000954c                memcpy
 .text.memset   0x20009640       0xf8 c:/isis/application/toolchain/bin/../lib/gcc/arm-none-eabi/4.7.4/../../../../arm-none-eabi/lib\libg.a(lib_a-memset.o)
                0x20009640                memset
 .text.printf   0x20009738       0x40 c:/isis/application/toolchain/bin/../lib/gcc/arm-none-eabi/4.7.4/../../../../arm-none-eabi/lib\libg.a(lib_a-printf.o)
                0x20009738                printf
 .text._puts_r  0x20009778       0xa4 c:/isis/application/toolchain/bin/../lib/gcc/arm-none-eabi/4.7.4/../../../../arm-none-eabi/lib\libg.a(lib_a-puts.o)
                0x20009778                _puts_r
 .text.puts     0x2000981c       0x14 c:/isis/application/toolchain/bin/../lib/gcc/arm-none-eabi/4.7.4/../../../../arm-none-eabi/lib\libg.a(lib_a-puts.o)
                0x2000981c                puts
 .text._sbrk_r  0x20009830       0x40 c:/isis/application/toolchain/bin/../lib/gcc/arm-none-eabi/4.7.4/../../../../arm-none-eabi/lib\libg.a(lib_a-sbrkr.o)
                0x20009830                _sbrk_r
 .text.__sread  0x20009870       0x34 c:/isis/application/toolchain/bin/../lib/gcc/arm-none-eabi/4.7.4/../../../../arm-none-eabi/lib\libg.a(lib_a-stdio.o)
                0x20009870                __sread
 .text.__swrite
                0x200098a4       0x58 c:/isis/application/toolchain/bin/../lib/gcc/arm-none-eabi/4.7.4/../../../../arm-none-eabi/lib\libg.a(lib_a-stdio.o)
                0x200098a4                __swrite
 .text.__sseek  0x200098fc       0x34 c:/isis/application/toolchain/bin/../lib/gcc/arm-none-eabi/4.7.4/../../../../arm-none-eabi/lib\libg.a(lib_a-stdio.o)
                0x200098fc                __sseek
 .text.__sclose
                0x20009930       0x14 c:/isis/application/toolchain/bin/../lib/gcc/arm-none-eabi/4.7.4/../../../../arm-none-eabi/lib\libg.a(lib_a-stdio.o)
                0x20009930                __sclose
 .text.strlen   0x20009944       0x60 c:/isis/application/toolchain/bin/../lib/gcc/arm-none-eabi/4.7.4/../../../../arm-none-eabi/lib\libg.a(lib_a-strlen.o)
                0x20009944                strlen
 .text.write    0x200099a4       0x30 c:/isis/application/toolchain/bin/../lib/gcc/arm-none-eabi/4.7.4/../../../../arm-none-eabi/lib\libg.a(lib_a-syswrite.o)
                0x200099a4                write
 .text._vfprintf_r
                0x200099d4     0x1fe8 c:/isis/application/toolchain/bin/../lib/gcc/arm-none-eabi/4.7.4/../../../../arm-none-eabi/lib\libg.a(lib_a-vfprintf.o)
                0x200099d4                _vfprintf_r
 .text.__sbprintf
                0x2000b9bc       0xd0 c:/isis/application/toolchain/bin/../lib/gcc/arm-none-eabi/4.7.4/../../../../arm-none-eabi/lib\libg.a(lib_a-vfprintf.o)
 .text._write_r
                0x2000ba8c       0x44 c:/isis/application/toolchain/bin/../lib/gcc/arm-none-eabi/4.7.4/../../../../arm-none-eabi/lib\libg.a(lib_a-writer.o)
                0x2000ba8c                _write_r
 .text.__swsetup_r
                0x2000bad0      0x138 c:/isis/application/toolchain/bin/../lib/gcc/arm-none-eabi/4.7.4/../../../../arm-none-eabi/lib\libg.a(lib_a-wsetup.o)
                0x2000bad0                __swsetup_r
 .text._close_r
                0x2000bc08       0x3c c:/isis/application/toolchain/bin/../lib/gcc/arm-none-eabi/4.7.4/../../../../arm-none-eabi/lib\libg.a(lib_a-closer.o)
                0x2000bc08                _close_r
 .text.quorem   0x2000bc44      0x1e0 c:/isis/application/toolchain/bin/../lib/gcc/arm-none-eabi/4.7.4/../../../../arm-none-eabi/lib\libg.a(lib_a-dtoa.o)
 *fill*         0x2000be24        0x4 00
 .text._dtoa_r  0x2000be28     0x1698 c:/isis/application/toolchain/bin/../lib/gcc/arm-none-eabi/4.7.4/../../../../arm-none-eabi/lib\libg.a(lib_a-dtoa.o)
                0x2000be28                _dtoa_r
 .text._fclose_r
                0x2000d4c0       0xf8 c:/isis/application/toolchain/bin/../lib/gcc/arm-none-eabi/4.7.4/../../../../arm-none-eabi/lib\libg.a(lib_a-fclose.o)
                0x2000d4c0                _fclose_r
 .text.fclose   0x2000d5b8       0x14 c:/isis/application/toolchain/bin/../lib/gcc/arm-none-eabi/4.7.4/../../../../arm-none-eabi/lib\libg.a(lib_a-fclose.o)
                0x2000d5b8                fclose
 .text.__sfvwrite_r
                0x2000d5cc      0x4c4 c:/isis/application/toolchain/bin/../lib/gcc/arm-none-eabi/4.7.4/../../../../arm-none-eabi/lib\libg.a(lib_a-fvwrite.o)
                0x2000d5cc                __sfvwrite_r
 .text.__locale_charset
                0x2000da90        0xc c:/isis/application/toolchain/bin/../lib/gcc/arm-none-eabi/4.7.4/../../../../arm-none-eabi/lib\libg.a(lib_a-locale.o)
                0x2000da90                __locale_charset
 .text.__locale_mb_cur_max
                0x2000da9c       0x10 c:/isis/application/toolchain/bin/../lib/gcc/arm-none-eabi/4.7.4/../../../../arm-none-eabi/lib\libg.a(lib_a-locale.o)
                0x2000da9c                __locale_mb_cur_max
 .text._localeconv_r
                0x2000daac        0xc c:/isis/application/toolchain/bin/../lib/gcc/arm-none-eabi/4.7.4/../../../../arm-none-eabi/lib\libg.a(lib_a-locale.o)
                0x2000daac                _localeconv_r
 .text._lseek_r
                0x2000dab8       0x44 c:/isis/application/toolchain/bin/../lib/gcc/arm-none-eabi/4.7.4/../../../../arm-none-eabi/lib\libg.a(lib_a-lseekr.o)
                0x2000dab8                _lseek_r
 .text.__smakebuf_r
                0x2000dafc      0x15c c:/isis/application/toolchain/bin/../lib/gcc/arm-none-eabi/4.7.4/../../../../arm-none-eabi/lib\libg.a(lib_a-makebuf.o)
                0x2000dafc                __smakebuf_r
 .text.memchr   0x2000dc58      0x11c c:/isis/application/toolchain/bin/../lib/gcc/arm-none-eabi/4.7.4/../../../../arm-none-eabi/lib\libg.a(lib_a-memchr.o)
                0x2000dc58                memchr
 .text.memmove  0x2000dd74      0x134 c:/isis/application/toolchain/bin/../lib/gcc/arm-none-eabi/4.7.4/../../../../arm-none-eabi/lib\libg.a(lib_a-memmove.o)
                0x2000dd74                memmove
 .text._Balloc  0x2000dea8       0x8c c:/isis/application/toolchain/bin/../lib/gcc/arm-none-eabi/4.7.4/../../../../arm-none-eabi/lib\libg.a(lib_a-mprec.o)
                0x2000dea8                _Balloc
 .text._Bfree   0x2000df34       0x1c c:/isis/application/toolchain/bin/../lib/gcc/arm-none-eabi/4.7.4/../../../../arm-none-eabi/lib\libg.a(lib_a-mprec.o)
                0x2000df34                _Bfree
 .text.__multadd
                0x2000df50       0xdc c:/isis/application/toolchain/bin/../lib/gcc/arm-none-eabi/4.7.4/../../../../arm-none-eabi/lib\libg.a(lib_a-mprec.o)
                0x2000df50                __multadd
 .text.__hi0bits
                0x2000e02c       0x50 c:/isis/application/toolchain/bin/../lib/gcc/arm-none-eabi/4.7.4/../../../../arm-none-eabi/lib\libg.a(lib_a-mprec.o)
                0x2000e02c                __hi0bits
 .text.__lo0bits
                0x2000e07c       0x94 c:/isis/application/toolchain/bin/../lib/gcc/arm-none-eabi/4.7.4/../../../../arm-none-eabi/lib\libg.a(lib_a-mprec.o)
                0x2000e07c                __lo0bits
 .text.__i2b    0x2000e110       0x24 c:/isis/application/toolchain/bin/../lib/gcc/arm-none-eabi/4.7.4/../../../../arm-none-eabi/lib\libg.a(lib_a-mprec.o)
                0x2000e110                __i2b
 .text.__multiply
                0x2000e134      0x1e4 c:/isis/application/toolchain/bin/../lib/gcc/arm-none-eabi/4.7.4/../../../../arm-none-eabi/lib\libg.a(lib_a-mprec.o)
                0x2000e134                __multiply
 .text.__pow5mult
                0x2000e318       0xf4 c:/isis/application/toolchain/bin/../lib/gcc/arm-none-eabi/4.7.4/../../../../arm-none-eabi/lib\libg.a(lib_a-mprec.o)
                0x2000e318                __pow5mult
 .text.__lshift
                0x2000e40c      0x104 c:/isis/application/toolchain/bin/../lib/gcc/arm-none-eabi/4.7.4/../../../../arm-none-eabi/lib\libg.a(lib_a-mprec.o)
                0x2000e40c                __lshift
 .text.__mcmp   0x2000e510       0x64 c:/isis/application/toolchain/bin/../lib/gcc/arm-none-eabi/4.7.4/../../../../arm-none-eabi/lib\libg.a(lib_a-mprec.o)
                0x2000e510                __mcmp
 .text.__mdiff  0x2000e574      0x14c c:/isis/application/toolchain/bin/../lib/gcc/arm-none-eabi/4.7.4/../../../../arm-none-eabi/lib\libg.a(lib_a-mprec.o)
                0x2000e574                __mdiff
 .text.__d2b    0x2000e6c0      0x108 c:/isis/application/toolchain/bin/../lib/gcc/arm-none-eabi/4.7.4/../../../../arm-none-eabi/lib\libg.a(lib_a-mprec.o)
                0x2000e6c0                __d2b
 .text._read_r  0x2000e7c8       0x44 c:/isis/application/toolchain/bin/../lib/gcc/arm-none-eabi/4.7.4/../../../../arm-none-eabi/lib\libg.a(lib_a-readr.o)
                0x2000e7c8                _read_r
 .text._realloc_r
                0x2000e80c      0x574 c:/isis/application/toolchain/bin/../lib/gcc/arm-none-eabi/4.7.4/../../../../arm-none-eabi/lib\libg.a(lib_a-reallocr.o)
                0x2000e80c                _realloc_r
 .text.__fpclassifyd
                0x2000ed80       0x6c c:/isis/application/toolchain/bin/../lib/gcc/arm-none-eabi/4.7.4/../../../../arm-none-eabi/lib\libg.a(lib_a-s_fpclassify.o)
                0x2000ed80                __fpclassifyd
 .text.__sprint_r
                0x2000edec       0xc0 c:/isis/application/toolchain/bin/../lib/gcc/arm-none-eabi/4.7.4/../../../../arm-none-eabi/lib\libg.a(lib_a-vfiprintf.o)
                0x2000edec                __sprint_r
 .text._calloc_r
                0x2000eeac       0x94 c:/isis/application/toolchain/bin/../lib/gcc/arm-none-eabi/4.7.4/../../../../arm-none-eabi/lib\libg.a(lib_a-callocr.o)
                0x2000eeac                _calloc_r
 .text._fputwc_r
                0x2000ef40      0x150 c:/isis/application/toolchain/bin/../lib/gcc/arm-none-eabi/4.7.4/../../../../arm-none-eabi/lib\libg.a(lib_a-fputwc.o)
                0x2000ef40                _fputwc_r
 .text._fstat_r
                0x2000f090       0x40 c:/isis/application/toolchain/bin/../lib/gcc/arm-none-eabi/4.7.4/../../../../arm-none-eabi/lib\libg.a(lib_a-fstatr.o)
                0x2000f090                _fstat_r
 .text._isatty_r
                0x2000f0d0       0x3c c:/isis/application/toolchain/bin/../lib/gcc/arm-none-eabi/4.7.4/../../../../arm-none-eabi/lib\libg.a(lib_a-isattyr.o)
                0x2000f0d0                _isatty_r
 .text.__swbuf_r
                0x2000f10c      0x130 c:/isis/application/toolchain/bin/../lib/gcc/arm-none-eabi/4.7.4/../../../../arm-none-eabi/lib\libg.a(lib_a-wbuf.o)
                0x2000f10c                __swbuf_r
 .text._wcrtomb_r
                0x2000f23c       0x90 c:/isis/application/toolchain/bin/../lib/gcc/arm-none-eabi/4.7.4/../../../../arm-none-eabi/lib\libg.a(lib_a-wcrtomb.o)
                0x2000f23c                _wcrtomb_r
 .text.__ascii_wctomb
                0x2000f2cc       0x2c c:/isis/application/toolchain/bin/../lib/gcc/arm-none-eabi/4.7.4/../../../../arm-none-eabi/lib\libg.a(lib_a-wctomb_r.o)
                0x2000f2cc                __ascii_wctomb
 .text.__ascii_wctomb.stub
                0x2000f2f8       0x10 linker stubs
 *(.rodata)
 .rodata        0x2000f308       0x30 ./src/Bit/EPS.o
 .rodata        0x2000f338       0x30 ./src/Bit/OBC.o
 .rodata        0x2000f368       0x48 ./src/Bit/PayloadAndAnts.o
 .rodata        0x2000f3b0       0x34 ./src/Bit/TRXVU.o
 .rodata        0x2000f3e4      0x28c ./src/main.o
 .rodata        0x2000f670       0x24 C:/ISIS/workspace_BIT/BIT/satellite-subsystems/demo/..//satellite-subsystems/lib\libSatelliteSubsystemsD.a(version.o)
                0x2000f670                SatelliteSubsystemsCompileDate
                0x2000f67c                SatelliteSubsystemsCompileTime
                0x2000f688                SatelliteSubsystemsVersionMajor
                0x2000f68c                SatelliteSubsystemsVersionMinor
                0x2000f690                SatelliteSubsystemsVersionRevision
 .rodata        0x2000f694       0x30 C:/ISIS/workspace_BIT/BIT/satellite-subsystems/demo/../..//hal/hal/lib\libHALD.a(LED.o)
 .rodata        0x2000f6c4      0x12c C:/ISIS/workspace_BIT/BIT/satellite-subsystems/demo/../..//hal/hal/lib\libHALD.a(I2C.o)
 .rodata        0x2000f7f0        0xc C:/ISIS/workspace_BIT/BIT/satellite-subsystems/demo/../..//hal/hal/lib\libHALD.a(WatchDogTimerNoOS.o)
 .rodata        0x2000f7fc       0x14 C:/ISIS/workspace_BIT/BIT/satellite-subsystems/demo/../..//hal/hal/lib\libHALD.a(WatchDogTimerOS.o)
 .rodata        0x2000f810       0xcc C:/ISIS/workspace_BIT/BIT/satellite-subsystems/demo/../..//hal/hal/lib\libHALD.a(util.o)
 .rodata        0x2000f8dc       0x2c C:/ISIS/workspace_BIT/BIT/satellite-subsystems/demo/../..//hal/hal/lib\libHALD.a(version.o)
                0x2000f8dc                HalCompileDate
                0x2000f8e8                HalCompileTime
                0x2000f8f4                HalVersionMajor
                0x2000f8f8                HalVersionMinor
                0x2000f8fc                HalVersionRevision
                0x2000f900                HalOBCHardwareRevision
 .rodata        0x2000f908       0x40 C:/ISIS/workspace_BIT/BIT/satellite-subsystems/demo/../..//hal/freertos/lib\libFreeRTOSD.a(queue.o)
 .rodata        0x2000f948       0x4c C:/ISIS/workspace_BIT/BIT/satellite-subsystems/demo/../..//hal/freertos/lib\libFreeRTOSD.a(tasks.o)
 .rodata        0x2000f994       0x48 C:/ISIS/workspace_BIT/BIT/satellite-subsystems/demo/../..//hal/freertos/lib\libFreeRTOSD.a(timers.o)
 .rodata        0x2000f9dc       0x90 C:/ISIS/workspace_BIT/BIT/satellite-subsystems/demo/../..//hal/freertos/lib\libFreeRTOSD.a(hooks.o)
 .rodata        0x2000fa6c       0x1c C:/ISIS/workspace_BIT/BIT/satellite-subsystems/demo/../..//hal/at91/lib\libAt91D.a(syscalls.o)
 .rodata        0x2000fa88      0x320 C:/ISIS/workspace_BIT/BIT/satellite-subsystems/demo/../..//hal/at91/lib\libAt91D.a(cp15.o)
 .rodata        0x2000fda8      0x1a0 C:/ISIS/workspace_BIT/BIT/satellite-subsystems/demo/../..//hal/at91/lib\libAt91D.a(pmc.o)
 .rodata        0x2000ff48       0xd0 C:/ISIS/workspace_BIT/BIT/satellite-subsystems/demo/../..//hal/at91/lib\libAt91D.a(twi_at91.o)
 .rodata        0x20010018      0x504 C:/ISIS/workspace_BIT/BIT/satellite-subsystems/demo/../..//hal/at91/lib\libAt91D.a(ExitHandler.o)
 .rodata        0x2001051c      0x100 C:/ISIS/workspace_BIT/BIT/satellite-subsystems/demo/../..//hal/at91/lib\libAt91D.a(board_lowlevel.o)
 *(.rodata*)
 .rodata.str1.4
                0x2001061c        0x2 c:/isis/application/toolchain/bin/../lib/gcc/arm-none-eabi/4.7.4/../../../../arm-none-eabi/lib\libg.a(lib_a-impure.o)
                                  0x4 (size before relaxing)
 *fill*         0x2001061e        0x2 00
 .rodata._global_impure_ptr
                0x20010620        0x4 c:/isis/application/toolchain/bin/../lib/gcc/arm-none-eabi/4.7.4/../../../../arm-none-eabi/lib\libg.a(lib_a-impure.o)
                0x20010620                _global_impure_ptr
 .rodata.str1.4
                0x20010624        0x2 c:/isis/application/toolchain/bin/../lib/gcc/arm-none-eabi/4.7.4/../../../../arm-none-eabi/lib\libg.a(lib_a-puts.o)
                                  0x4 (size before relaxing)
 *fill*         0x20010626        0x2 00
 .rodata.blanks.6735
                0x20010628       0x10 c:/isis/application/toolchain/bin/../lib/gcc/arm-none-eabi/4.7.4/../../../../arm-none-eabi/lib\libg.a(lib_a-vfprintf.o)
 .rodata.str1.4
                0x20010638       0x42 c:/isis/application/toolchain/bin/../lib/gcc/arm-none-eabi/4.7.4/../../../../arm-none-eabi/lib\libg.a(lib_a-vfprintf.o)
                                 0x44 (size before relaxing)
 *fill*         0x2001067a        0x2 00
 .rodata.zeroes.6736
                0x2001067c       0x10 c:/isis/application/toolchain/bin/../lib/gcc/arm-none-eabi/4.7.4/../../../../arm-none-eabi/lib\libg.a(lib_a-vfprintf.o)
 .rodata.str1.4
                0x2001068c       0x10 c:/isis/application/toolchain/bin/../lib/gcc/arm-none-eabi/4.7.4/../../../../arm-none-eabi/lib\libg.a(lib_a-dtoa.o)
                                 0x14 (size before relaxing)
 .rodata.str1.4
                0x2001069c        0xc c:/isis/application/toolchain/bin/../lib/gcc/arm-none-eabi/4.7.4/../../../../arm-none-eabi/lib\libg.a(lib_a-locale.o)
                                 0x14 (size before relaxing)
 .rodata.p05.5242
                0x200106a8        0xc c:/isis/application/toolchain/bin/../lib/gcc/arm-none-eabi/4.7.4/../../../../arm-none-eabi/lib\libg.a(lib_a-mprec.o)
 *fill*         0x200106b4        0x4 00
 .rodata.__mprec_tens
                0x200106b8       0xc8 c:/isis/application/toolchain/bin/../lib/gcc/arm-none-eabi/4.7.4/../../../../arm-none-eabi/lib\libg.a(lib_a-mprec.o)
                0x200106b8                __mprec_tens
 .rodata.__mprec_bigtens
                0x20010780       0x28 c:/isis/application/toolchain/bin/../lib/gcc/arm-none-eabi/4.7.4/../../../../arm-none-eabi/lib\libg.a(lib_a-mprec.o)
                0x20010780                __mprec_bigtens
 *(.rodata.*)
 *(.glue_7)
 .glue_7        0x00000000        0x0 linker stubs
 *(.glue_7t)
 .glue_7t       0x00000000        0x0 linker stubs
 *(.vfp11_veneer)
 .vfp11_veneer  0x00000000        0x0 linker stubs
 *(.v4_bx)
 .v4_bx         0x00000000        0x0 linker stubs
 *(.data)
 .data          0x200107a8        0x8 C:/ISIS/workspace_BIT/BIT/satellite-subsystems/demo/../..//hal/hal/lib\libHALD.a(I2C.o)
 .data          0x200107b0        0x4 C:/ISIS/workspace_BIT/BIT/satellite-subsystems/demo/../..//hal/freertos/lib\libFreeRTOSD.a(tasks.o)
 .data          0x200107b4        0x4 C:/ISIS/workspace_BIT/BIT/satellite-subsystems/demo/../..//hal/freertos/lib\libFreeRTOSD.a(port.o)
                0x200107b4                ulCriticalNesting
 *(.data.*)
 .data.impure_data
                0x200107b8      0x428 c:/isis/application/toolchain/bin/../lib/gcc/arm-none-eabi/4.7.4/../../../../arm-none-eabi/lib\libg.a(lib_a-impure.o)
 .data._impure_ptr
                0x20010be0        0x4 c:/isis/application/toolchain/bin/../lib/gcc/arm-none-eabi/4.7.4/../../../../arm-none-eabi/lib\libg.a(lib_a-impure.o)
                0x20010be0                _impure_ptr
 .data.__malloc_av_
                0x20010be4      0x408 c:/isis/application/toolchain/bin/../lib/gcc/arm-none-eabi/4.7.4/../../../../arm-none-eabi/lib\libg.a(lib_a-mallocr.o)
                0x20010be4                __malloc_av_
 .data.__malloc_trim_threshold
                0x20010fec        0x4 c:/isis/application/toolchain/bin/../lib/gcc/arm-none-eabi/4.7.4/../../../../arm-none-eabi/lib\libg.a(lib_a-mallocr.o)
                0x20010fec                __malloc_trim_threshold
 .data.__malloc_sbrk_base
                0x20010ff0        0x4 c:/isis/application/toolchain/bin/../lib/gcc/arm-none-eabi/4.7.4/../../../../arm-none-eabi/lib\libg.a(lib_a-mallocr.o)
                0x20010ff0                __malloc_sbrk_base
 .data.lconv    0x20010ff4       0x38 c:/isis/application/toolchain/bin/../lib/gcc/arm-none-eabi/4.7.4/../../../../arm-none-eabi/lib\libg.a(lib_a-locale.o)
 .data.lc_ctype_charset
                0x2001102c       0x20 c:/isis/application/toolchain/bin/../lib/gcc/arm-none-eabi/4.7.4/../../../../arm-none-eabi/lib\libg.a(lib_a-locale.o)
 .data.__mb_cur_max
                0x2001104c        0x4 c:/isis/application/toolchain/bin/../lib/gcc/arm-none-eabi/4.7.4/../../../../arm-none-eabi/lib\libg.a(lib_a-locale.o)
                0x2001104c                __mb_cur_max
 .data.__wctomb
                0x20011050        0x4 c:/isis/application/toolchain/bin/../lib/gcc/arm-none-eabi/4.7.4/../../../../arm-none-eabi/lib\libg.a(lib_a-wctomb_r.o)
                0x20011050                __wctomb
 *(.dyn)
 *(.iplt)
 .iplt          0x00000000        0x0 ./src/Demos/IsisAOCSdemo.o
 *(.igot)
 *(.igot.plt)
 .igot.plt      0x00000000        0x0 ./src/Demos/IsisAOCSdemo.o
 *(.rel.dyn)
 *(.rel.iplt)
 .rel.iplt      0x00000000        0x0 ./src/Demos/IsisAOCSdemo.o
                0x20011054                . = ALIGN (0x4)
                0x20011054                _efixed = .

.ARM.exidx      0x20011054        0x8
 *(.ARM.exidx)
 .ARM.exidx     0x20011054        0x8 c:/isis/application/toolchain/bin/../lib/gcc/arm-none-eabi/4.7.4\libgcc.a(_divdi3.o)
 .ARM.exidx     0x2001105c        0x0 c:/isis/application/toolchain/bin/../lib/gcc/arm-none-eabi/4.7.4\libgcc.a(_udivdi3.o)
                                  0x8 (size before relaxing)
                0x2001105c                _eexidx = .

.ARM.extab      0x2001105c        0x0
 *(.ARM.extab)
                0x2001105c                _eextab = .

.prerelocate    0x00200000        0x0 load address 0x2001105c
                0x00200000                . = ALIGN (0x4)
                0x00200000                _sprerelocate = .
                0x00200000                . = ALIGN (0x4)
                0x00200000                _eprerelocate = .

.postrelocate   0x00200000     0x1298 load address 0x2001105c
                0x00200000                . = ALIGN (0x4)
                0x00200000                _spostrelocate = .
 *(.vectors)
 .vectors       0x00200000       0xd4 C:/ISIS/workspace_BIT/BIT/satellite-subsystems/demo/../..//hal/at91/lib\libAt91D.a(board_cstartup.o)
 *(.sramfunc)
 .sramfunc      0x002000d4      0xe54 C:/ISIS/workspace_BIT/BIT/satellite-subsystems/demo/../..//hal/hal/lib\libHALD.a(I2C.o)
                0x0020098c                ISR_I2Cmaster
                0x00200d3c                taskI2Cregulator
 .sramfunc      0x00200f28       0x98 C:/ISIS/workspace_BIT/BIT/satellite-subsystems/demo/../..//hal/hal/lib\libHALD.a(WatchDogTimerNoOS.o)
                0x00200f28                WDT_kickEveryNcalls
                0x00200f70                WDT_forceKick
 .sramfunc      0x00200fc0       0x50 C:/ISIS/workspace_BIT/BIT/satellite-subsystems/demo/../..//hal/hal/lib\libHALD.a(WatchDogTimerOS.o)
 .sramfunc      0x00201010      0x18c C:/ISIS/workspace_BIT/BIT/satellite-subsystems/demo/../..//hal/freertos/lib\libFreeRTOSD.a(port.o)
                0x00201010                vPortTickISR
                0x002010e8                vPortYieldProcessor
 .sramfunc      0x0020119c       0x50 C:/ISIS/workspace_BIT/BIT/satellite-subsystems/demo/../..//hal/at91/lib\libAt91D.a(ExitHandler.o)
                0x0020119c                gracefulReset
 *fill*         0x002011ec        0x4 00
 .sramfunc.stub
                0x002011f0       0xa8 linker stubs
 *(.ramfunc)
                0x00201298                . = ALIGN (0x4)
                0x00201298                _epostrelocate = .

.sramdata       0x00300000        0xc load address 0x200122f4
                0x00300000                . = ALIGN (0x4)
                0x00300000                _ssramdata = .
 *(.sramdata)
 .sramdata      0x00300000        0x4 C:/ISIS/workspace_BIT/BIT/satellite-subsystems/demo/../..//hal/hal/lib\libHALD.a(WatchDogTimerNoOS.o)
 .sramdata      0x00300004        0x8 C:/ISIS/workspace_BIT/BIT/satellite-subsystems/demo/../..//hal/hal/lib\libHALD.a(WatchDogTimerOS.o)
                0x0030000c                . = ALIGN (0x4)
                0x0030000c                _esramdata = .

.srambss        0x0030000c        0x0
                0x0030000c                . = ALIGN (0x4)
                0x0030000c                _ssrambss = .
 *(.srambss)
                0x0030000c                . = ALIGN (0x4)
                0x0030000c                _esrambss = .

.bss            0x2001105c      0x324
                0x2001105c                _szero = .
 *(.bss)
 .bss           0x2001105c       0x10 C:/ISIS/workspace_BIT/BIT/satellite-subsystems/demo/../..//hal/hal/lib\libHALD.a(LED.o)
 .bss           0x2001106c       0x54 C:/ISIS/workspace_BIT/BIT/satellite-subsystems/demo/../..//hal/hal/lib\libHALD.a(I2C.o)
                0x20011074                RescheduleFlag
 .bss           0x200110c0        0x8 C:/ISIS/workspace_BIT/BIT/satellite-subsystems/demo/../..//hal/hal/lib\libHALD.a(WatchDogTimerOS.o)
 .bss           0x200110c8       0xfc C:/ISIS/workspace_BIT/BIT/satellite-subsystems/demo/../..//hal/freertos/lib\libFreeRTOSD.a(tasks.o)
                0x200110c8                pxCurrentTCB
 .bss           0x200111c4       0x38 C:/ISIS/workspace_BIT/BIT/satellite-subsystems/demo/../..//hal/freertos/lib\libFreeRTOSD.a(timers.o)
 .bss           0x200111fc        0x8 C:/ISIS/workspace_BIT/BIT/satellite-subsystems/demo/../..//hal/freertos/lib\libFreeRTOSD.a(standardMemMang.o)
 .bss           0x20011204        0x8 C:/ISIS/workspace_BIT/BIT/satellite-subsystems/demo/../..//hal/freertos/lib\libFreeRTOSD.a(port.o)
 .bss           0x2001120c       0x3c C:/ISIS/workspace_BIT/BIT/satellite-subsystems/demo/../..//hal/at91/lib\libAt91D.a(pio_it.o)
 *(.bss.*)
 .bss.__malloc_max_total_mem
                0x20011248        0x4 c:/isis/application/toolchain/bin/../lib/gcc/arm-none-eabi/4.7.4/../../../../arm-none-eabi/lib\libg.a(lib_a-mallocr.o)
                0x20011248                __malloc_max_total_mem
 .bss.__malloc_max_sbrked_mem
                0x2001124c        0x4 c:/isis/application/toolchain/bin/../lib/gcc/arm-none-eabi/4.7.4/../../../../arm-none-eabi/lib\libg.a(lib_a-mallocr.o)
                0x2001124c                __malloc_max_sbrked_mem
 .bss.__malloc_top_pad
                0x20011250        0x4 c:/isis/application/toolchain/bin/../lib/gcc/arm-none-eabi/4.7.4/../../../../arm-none-eabi/lib\libg.a(lib_a-mallocr.o)
                0x20011250                __malloc_top_pad
 .bss.__malloc_current_mallinfo
                0x20011254       0x28 c:/isis/application/toolchain/bin/../lib/gcc/arm-none-eabi/4.7.4/../../../../arm-none-eabi/lib\libg.a(lib_a-mallocr.o)
                0x20011254                __malloc_current_mallinfo
 *(COMMON)
 COMMON         0x2001127c      0x100 C:/ISIS/workspace_BIT/BIT/satellite-subsystems/demo/../..//hal/freertos/lib\libFreeRTOSD.a(queue.o)
                0x2001127c                xQueueRegistry
 COMMON         0x2001137c        0x4 c:/isis/application/toolchain/bin/../lib/gcc/arm-none-eabi/4.7.4/../../../../arm-none-eabi/lib\libg.a(lib_a-reent.o)
                0x2001137c                errno
 *(COMMON.*)
                0x20011380                . = ALIGN (0x4)
                0x20011380                _ezero = .
                0x20011380                _sheap_ = .
                0x21f00000                _eheap_ = 0x21f00000
                0x21fffc00                _sstack = 0x21fffc00
                0x20011380                end = .
OUTPUT(satellite-subsystems-demo.elf elf32-littlearm)

.debug_info     0x00000000     0xdb95
 .debug_info    0x00000000       0x93 ./src/Bit/EPS.o
 .debug_info    0x00000093       0x93 ./src/Bit/OBC.o
 .debug_info    0x00000126       0x93 ./src/Bit/PayloadAndAnts.o
 .debug_info    0x000001b9       0x93 ./src/Bit/TRXVU.o
 .debug_info    0x0000024c      0xe5a ./src/main.o
 .debug_info    0x000010a6       0xcf C:/ISIS/workspace_BIT/BIT/satellite-subsystems/demo/..//satellite-subsystems/lib\libSatelliteSubsystemsD.a(version.o)
 .debug_info    0x00001175      0x506 C:/ISIS/workspace_BIT/BIT/satellite-subsystems/demo/../..//hal/hal/lib\libHALD.a(LED.o)
 .debug_info    0x0000167b     0x1981 C:/ISIS/workspace_BIT/BIT/satellite-subsystems/demo/../..//hal/hal/lib\libHALD.a(I2C.o)
 .debug_info    0x00002ffc      0x3f1 C:/ISIS/workspace_BIT/BIT/satellite-subsystems/demo/../..//hal/hal/lib\libHALD.a(WatchDogTimerNoOS.o)
 .debug_info    0x000033ed      0x1aa C:/ISIS/workspace_BIT/BIT/satellite-subsystems/demo/../..//hal/hal/lib\libHALD.a(WatchDogTimerOS.o)
 .debug_info    0x00003597      0x2cc C:/ISIS/workspace_BIT/BIT/satellite-subsystems/demo/../..//hal/hal/lib\libHALD.a(util.o)
 .debug_info    0x00003863       0xf6 C:/ISIS/workspace_BIT/BIT/satellite-subsystems/demo/../..//hal/hal/lib\libHALD.a(version.o)
 .debug_info    0x00003959      0xd24 C:/ISIS/workspace_BIT/BIT/satellite-subsystems/demo/../..//hal/freertos/lib\libFreeRTOSD.a(queue.o)
 .debug_info    0x0000467d      0x2aa C:/ISIS/workspace_BIT/BIT/satellite-subsystems/demo/../..//hal/freertos/lib\libFreeRTOSD.a(list.o)
 .debug_info    0x00004927     0x17f9 C:/ISIS/workspace_BIT/BIT/satellite-subsystems/demo/../..//hal/freertos/lib\libFreeRTOSD.a(tasks.o)
 .debug_info    0x00006120      0x762 C:/ISIS/workspace_BIT/BIT/satellite-subsystems/demo/../..//hal/freertos/lib\libFreeRTOSD.a(timers.o)
 .debug_info    0x00006882       0xf4 C:/ISIS/workspace_BIT/BIT/satellite-subsystems/demo/../..//hal/freertos/lib\libFreeRTOSD.a(hooks.o)
 .debug_info    0x00006976      0x214 C:/ISIS/workspace_BIT/BIT/satellite-subsystems/demo/../..//hal/freertos/lib\libFreeRTOSD.a(standardMemMang.o)
 .debug_info    0x00006b8a      0x5d3 C:/ISIS/workspace_BIT/BIT/satellite-subsystems/demo/../..//hal/freertos/lib\libFreeRTOSD.a(port.o)
 .debug_info    0x0000715d      0x597 C:/ISIS/workspace_BIT/BIT/satellite-subsystems/demo/../..//hal/at91/lib\libAt91D.a(syscalls.o)
 .debug_info    0x000076f4      0x287 C:/ISIS/workspace_BIT/BIT/satellite-subsystems/demo/../..//hal/at91/lib\libAt91D.a(aic.o)
 .debug_info    0x0000797b      0xc4d C:/ISIS/workspace_BIT/BIT/satellite-subsystems/demo/../..//hal/at91/lib\libAt91D.a(cp15.o)
 .debug_info    0x000085c8      0xc6e C:/ISIS/workspace_BIT/BIT/satellite-subsystems/demo/../..//hal/at91/lib\libAt91D.a(dbgu.o)
 .debug_info    0x00009236      0x6a5 C:/ISIS/workspace_BIT/BIT/satellite-subsystems/demo/../..//hal/at91/lib\libAt91D.a(pio_it.o)
 .debug_info    0x000098db      0x734 C:/ISIS/workspace_BIT/BIT/satellite-subsystems/demo/../..//hal/at91/lib\libAt91D.a(pio.o)
 .debug_info    0x0000a00f      0x1ae C:/ISIS/workspace_BIT/BIT/satellite-subsystems/demo/../..//hal/at91/lib\libAt91D.a(pit.o)
 .debug_info    0x0000a1bd      0xc40 C:/ISIS/workspace_BIT/BIT/satellite-subsystems/demo/../..//hal/at91/lib\libAt91D.a(pmc.o)
 .debug_info    0x0000adfd      0xf50 C:/ISIS/workspace_BIT/BIT/satellite-subsystems/demo/../..//hal/at91/lib\libAt91D.a(twi_at91.o)
 .debug_info    0x0000bd4d      0x457 C:/ISIS/workspace_BIT/BIT/satellite-subsystems/demo/../..//hal/at91/lib\libAt91D.a(ExitHandler.o)
 .debug_info    0x0000c1a4       0x92 C:/ISIS/workspace_BIT/BIT/satellite-subsystems/demo/../..//hal/at91/lib\libAt91D.a(board_cstartup.o)
 .debug_info    0x0000c236       0x81 C:/ISIS/workspace_BIT/BIT/satellite-subsystems/demo/../..//hal/at91/lib\libAt91D.a(cp15_asm.o)
 .debug_info    0x0000c2b7      0xf88 C:/ISIS/workspace_BIT/BIT/satellite-subsystems/demo/../..//hal/at91/lib\libAt91D.a(board_lowlevel.o)
 .debug_info    0x0000d23f      0x956 C:/ISIS/workspace_BIT/BIT/satellite-subsystems/demo/../..//hal/at91/lib\libAt91D.a(board_memories.o)

.debug_abbrev   0x00000000     0x27e5
 .debug_abbrev  0x00000000       0x42 ./src/Bit/EPS.o
 .debug_abbrev  0x00000042       0x42 ./src/Bit/OBC.o
 .debug_abbrev  0x00000084       0x42 ./src/Bit/PayloadAndAnts.o
 .debug_abbrev  0x000000c6       0x42 ./src/Bit/TRXVU.o
 .debug_abbrev  0x00000108      0x201 ./src/main.o
 .debug_abbrev  0x00000309       0x45 C:/ISIS/workspace_BIT/BIT/satellite-subsystems/demo/..//satellite-subsystems/lib\libSatelliteSubsystemsD.a(version.o)
 .debug_abbrev  0x0000034e      0x163 C:/ISIS/workspace_BIT/BIT/satellite-subsystems/demo/../..//hal/hal/lib\libHALD.a(LED.o)
 .debug_abbrev  0x000004b1      0x353 C:/ISIS/workspace_BIT/BIT/satellite-subsystems/demo/../..//hal/hal/lib\libHALD.a(I2C.o)
 .debug_abbrev  0x00000804       0xf6 C:/ISIS/workspace_BIT/BIT/satellite-subsystems/demo/../..//hal/hal/lib\libHALD.a(WatchDogTimerNoOS.o)
 .debug_abbrev  0x000008fa       0xeb C:/ISIS/workspace_BIT/BIT/satellite-subsystems/demo/../..//hal/hal/lib\libHALD.a(WatchDogTimerOS.o)
 .debug_abbrev  0x000009e5       0xbf C:/ISIS/workspace_BIT/BIT/satellite-subsystems/demo/../..//hal/hal/lib\libHALD.a(util.o)
 .debug_abbrev  0x00000aa4       0x45 C:/ISIS/workspace_BIT/BIT/satellite-subsystems/demo/../..//hal/hal/lib\libHALD.a(version.o)
 .debug_abbrev  0x00000ae9      0x1af C:/ISIS/workspace_BIT/BIT/satellite-subsystems/demo/../..//hal/freertos/lib\libFreeRTOSD.a(queue.o)
 .debug_abbrev  0x00000c98       0xc0 C:/ISIS/workspace_BIT/BIT/satellite-subsystems/demo/../..//hal/freertos/lib\libFreeRTOSD.a(list.o)
 .debug_abbrev  0x00000d58      0x2b2 C:/ISIS/workspace_BIT/BIT/satellite-subsystems/demo/../..//hal/freertos/lib\libFreeRTOSD.a(tasks.o)
 .debug_abbrev  0x0000100a      0x170 C:/ISIS/workspace_BIT/BIT/satellite-subsystems/demo/../..//hal/freertos/lib\libFreeRTOSD.a(timers.o)
 .debug_abbrev  0x0000117a       0xa2 C:/ISIS/workspace_BIT/BIT/satellite-subsystems/demo/../..//hal/freertos/lib\libFreeRTOSD.a(hooks.o)
 .debug_abbrev  0x0000121c      0x116 C:/ISIS/workspace_BIT/BIT/satellite-subsystems/demo/../..//hal/freertos/lib\libFreeRTOSD.a(standardMemMang.o)
 .debug_abbrev  0x00001332      0x21e C:/ISIS/workspace_BIT/BIT/satellite-subsystems/demo/../..//hal/freertos/lib\libFreeRTOSD.a(port.o)
 .debug_abbrev  0x00001550      0x130 C:/ISIS/workspace_BIT/BIT/satellite-subsystems/demo/../..//hal/at91/lib\libAt91D.a(syscalls.o)
 .debug_abbrev  0x00001680       0xc3 C:/ISIS/workspace_BIT/BIT/satellite-subsystems/demo/../..//hal/at91/lib\libAt91D.a(aic.o)
 .debug_abbrev  0x00001743      0x1f0 C:/ISIS/workspace_BIT/BIT/satellite-subsystems/demo/../..//hal/at91/lib\libAt91D.a(cp15.o)
 .debug_abbrev  0x00001933      0x1f7 C:/ISIS/workspace_BIT/BIT/satellite-subsystems/demo/../..//hal/at91/lib\libAt91D.a(dbgu.o)
 .debug_abbrev  0x00001b2a      0x1a0 C:/ISIS/workspace_BIT/BIT/satellite-subsystems/demo/../..//hal/at91/lib\libAt91D.a(pio_it.o)
 .debug_abbrev  0x00001cca      0x185 C:/ISIS/workspace_BIT/BIT/satellite-subsystems/demo/../..//hal/at91/lib\libAt91D.a(pio.o)
 .debug_abbrev  0x00001e4f       0xd3 C:/ISIS/workspace_BIT/BIT/satellite-subsystems/demo/../..//hal/at91/lib\libAt91D.a(pit.o)
 .debug_abbrev  0x00001f22      0x1fc C:/ISIS/workspace_BIT/BIT/satellite-subsystems/demo/../..//hal/at91/lib\libAt91D.a(pmc.o)
 .debug_abbrev  0x0000211e      0x24f C:/ISIS/workspace_BIT/BIT/satellite-subsystems/demo/../..//hal/at91/lib\libAt91D.a(twi_at91.o)
 .debug_abbrev  0x0000236d      0x15d C:/ISIS/workspace_BIT/BIT/satellite-subsystems/demo/../..//hal/at91/lib\libAt91D.a(ExitHandler.o)
 .debug_abbrev  0x000024ca       0x12 C:/ISIS/workspace_BIT/BIT/satellite-subsystems/demo/../..//hal/at91/lib\libAt91D.a(board_cstartup.o)
 .debug_abbrev  0x000024dc       0x14 C:/ISIS/workspace_BIT/BIT/satellite-subsystems/demo/../..//hal/at91/lib\libAt91D.a(cp15_asm.o)
 .debug_abbrev  0x000024f0      0x1ac C:/ISIS/workspace_BIT/BIT/satellite-subsystems/demo/../..//hal/at91/lib\libAt91D.a(board_lowlevel.o)
 .debug_abbrev  0x0000269c      0x149 C:/ISIS/workspace_BIT/BIT/satellite-subsystems/demo/../..//hal/at91/lib\libAt91D.a(board_memories.o)

.debug_loc      0x00000000     0x2d40
 .debug_loc     0x00000000       0x2c ./src/Bit/EPS.o
 .debug_loc     0x0000002c       0x2c ./src/Bit/OBC.o
 .debug_loc     0x00000058       0x2c ./src/Bit/PayloadAndAnts.o
 .debug_loc     0x00000084       0x2c ./src/Bit/TRXVU.o
 .debug_loc     0x000000b0       0xb0 ./src/main.o
 .debug_loc     0x00000160      0x134 C:/ISIS/workspace_BIT/BIT/satellite-subsystems/demo/../..//hal/hal/lib\libHALD.a(LED.o)
 .debug_loc     0x00000294      0x3c8 C:/ISIS/workspace_BIT/BIT/satellite-subsystems/demo/../..//hal/hal/lib\libHALD.a(I2C.o)
 .debug_loc     0x0000065c       0x84 C:/ISIS/workspace_BIT/BIT/satellite-subsystems/demo/../..//hal/hal/lib\libHALD.a(WatchDogTimerNoOS.o)
 .debug_loc     0x000006e0       0xb0 C:/ISIS/workspace_BIT/BIT/satellite-subsystems/demo/../..//hal/hal/lib\libHALD.a(WatchDogTimerOS.o)
 .debug_loc     0x00000790      0x134 C:/ISIS/workspace_BIT/BIT/satellite-subsystems/demo/../..//hal/hal/lib\libHALD.a(util.o)
 .debug_loc     0x000008c4      0x554 C:/ISIS/workspace_BIT/BIT/satellite-subsystems/demo/../..//hal/freertos/lib\libFreeRTOSD.a(queue.o)
 .debug_loc     0x00000e18       0xdc C:/ISIS/workspace_BIT/BIT/satellite-subsystems/demo/../..//hal/freertos/lib\libFreeRTOSD.a(list.o)
 .debug_loc     0x00000ef4      0x688 C:/ISIS/workspace_BIT/BIT/satellite-subsystems/demo/../..//hal/freertos/lib\libFreeRTOSD.a(tasks.o)
 .debug_loc     0x0000157c      0x268 C:/ISIS/workspace_BIT/BIT/satellite-subsystems/demo/../..//hal/freertos/lib\libFreeRTOSD.a(timers.o)
 .debug_loc     0x000017e4       0x84 C:/ISIS/workspace_BIT/BIT/satellite-subsystems/demo/../..//hal/freertos/lib\libFreeRTOSD.a(hooks.o)
 .debug_loc     0x00001868      0x18c C:/ISIS/workspace_BIT/BIT/satellite-subsystems/demo/../..//hal/freertos/lib\libFreeRTOSD.a(standardMemMang.o)
 .debug_loc     0x000019f4      0x1b8 C:/ISIS/workspace_BIT/BIT/satellite-subsystems/demo/../..//hal/freertos/lib\libFreeRTOSD.a(port.o)
 .debug_loc     0x00001bac      0x2f8 C:/ISIS/workspace_BIT/BIT/satellite-subsystems/demo/../..//hal/at91/lib\libAt91D.a(syscalls.o)
 .debug_loc     0x00001ea4       0x84 C:/ISIS/workspace_BIT/BIT/satellite-subsystems/demo/../..//hal/at91/lib\libAt91D.a(aic.o)
 .debug_loc     0x00001f28      0x210 C:/ISIS/workspace_BIT/BIT/satellite-subsystems/demo/../..//hal/at91/lib\libAt91D.a(cp15.o)
 .debug_loc     0x00002138      0x134 C:/ISIS/workspace_BIT/BIT/satellite-subsystems/demo/../..//hal/at91/lib\libAt91D.a(dbgu.o)
 .debug_loc     0x0000226c      0x108 C:/ISIS/workspace_BIT/BIT/satellite-subsystems/demo/../..//hal/at91/lib\libAt91D.a(pio_it.o)
 .debug_loc     0x00002374      0x1b8 C:/ISIS/workspace_BIT/BIT/satellite-subsystems/demo/../..//hal/at91/lib\libAt91D.a(pio.o)
 .debug_loc     0x0000252c      0x18c C:/ISIS/workspace_BIT/BIT/satellite-subsystems/demo/../..//hal/at91/lib\libAt91D.a(pit.o)
 .debug_loc     0x000026b8      0x160 C:/ISIS/workspace_BIT/BIT/satellite-subsystems/demo/../..//hal/at91/lib\libAt91D.a(pmc.o)
 .debug_loc     0x00002818      0x294 C:/ISIS/workspace_BIT/BIT/satellite-subsystems/demo/../..//hal/at91/lib\libAt91D.a(twi_at91.o)
 .debug_loc     0x00002aac      0x108 C:/ISIS/workspace_BIT/BIT/satellite-subsystems/demo/../..//hal/at91/lib\libAt91D.a(ExitHandler.o)
 .debug_loc     0x00002bb4       0xdc C:/ISIS/workspace_BIT/BIT/satellite-subsystems/demo/../..//hal/at91/lib\libAt91D.a(board_lowlevel.o)
 .debug_loc     0x00002c90       0xb0 C:/ISIS/workspace_BIT/BIT/satellite-subsystems/demo/../..//hal/at91/lib\libAt91D.a(board_memories.o)

.debug_aranges  0x00000000      0xb80
 .debug_aranges
                0x00000000       0x20 ./src/Bit/EPS.o
 .debug_aranges
                0x00000020       0x20 ./src/Bit/OBC.o
 .debug_aranges
                0x00000040       0x20 ./src/Bit/PayloadAndAnts.o
 .debug_aranges
                0x00000060       0x20 ./src/Bit/TRXVU.o
 .debug_aranges
                0x00000080       0x38 ./src/main.o
 .debug_aranges
                0x000000b8       0x18 C:/ISIS/workspace_BIT/BIT/satellite-subsystems/demo/..//satellite-subsystems/lib\libSatelliteSubsystemsD.a(version.o)
 .debug_aranges
                0x000000d0       0x50 C:/ISIS/workspace_BIT/BIT/satellite-subsystems/demo/../..//hal/hal/lib\libHALD.a(LED.o)
 .debug_aranges
                0x00000120       0xc8 C:/ISIS/workspace_BIT/BIT/satellite-subsystems/demo/../..//hal/hal/lib\libHALD.a(I2C.o)
 .debug_aranges
                0x000001e8       0x30 C:/ISIS/workspace_BIT/BIT/satellite-subsystems/demo/../..//hal/hal/lib\libHALD.a(WatchDogTimerNoOS.o)
 .debug_aranges
                0x00000218       0x38 C:/ISIS/workspace_BIT/BIT/satellite-subsystems/demo/../..//hal/hal/lib\libHALD.a(WatchDogTimerOS.o)
 .debug_aranges
                0x00000250       0x50 C:/ISIS/workspace_BIT/BIT/satellite-subsystems/demo/../..//hal/hal/lib\libHALD.a(util.o)
 .debug_aranges
                0x000002a0       0x18 C:/ISIS/workspace_BIT/BIT/satellite-subsystems/demo/../..//hal/hal/lib\libHALD.a(version.o)
 .debug_aranges
                0x000002b8      0x110 C:/ISIS/workspace_BIT/BIT/satellite-subsystems/demo/../..//hal/freertos/lib\libFreeRTOSD.a(queue.o)
 .debug_aranges
                0x000003c8       0x40 C:/ISIS/workspace_BIT/BIT/satellite-subsystems/demo/../..//hal/freertos/lib\libFreeRTOSD.a(list.o)
 .debug_aranges
                0x00000408      0x148 C:/ISIS/workspace_BIT/BIT/satellite-subsystems/demo/../..//hal/freertos/lib\libFreeRTOSD.a(tasks.o)
 .debug_aranges
                0x00000550       0x88 C:/ISIS/workspace_BIT/BIT/satellite-subsystems/demo/../..//hal/freertos/lib\libFreeRTOSD.a(timers.o)
 .debug_aranges
                0x000005d8       0x30 C:/ISIS/workspace_BIT/BIT/satellite-subsystems/demo/../..//hal/freertos/lib\libFreeRTOSD.a(hooks.o)
 .debug_aranges
                0x00000608       0x60 C:/ISIS/workspace_BIT/BIT/satellite-subsystems/demo/../..//hal/freertos/lib\libFreeRTOSD.a(standardMemMang.o)
 .debug_aranges
                0x00000668       0x80 C:/ISIS/workspace_BIT/BIT/satellite-subsystems/demo/../..//hal/freertos/lib\libFreeRTOSD.a(port.o)
 .debug_aranges
                0x000006e8       0xa0 C:/ISIS/workspace_BIT/BIT/satellite-subsystems/demo/../..//hal/at91/lib\libAt91D.a(syscalls.o)
 .debug_aranges
                0x00000788       0x30 C:/ISIS/workspace_BIT/BIT/satellite-subsystems/demo/../..//hal/at91/lib\libAt91D.a(aic.o)
 .debug_aranges
                0x000007b8       0x78 C:/ISIS/workspace_BIT/BIT/satellite-subsystems/demo/../..//hal/at91/lib\libAt91D.a(cp15.o)
 .debug_aranges
                0x00000830       0x50 C:/ISIS/workspace_BIT/BIT/satellite-subsystems/demo/../..//hal/at91/lib\libAt91D.a(dbgu.o)
 .debug_aranges
                0x00000880       0x48 C:/ISIS/workspace_BIT/BIT/satellite-subsystems/demo/../..//hal/at91/lib\libAt91D.a(pio_it.o)
 .debug_aranges
                0x000008c8       0x68 C:/ISIS/workspace_BIT/BIT/satellite-subsystems/demo/../..//hal/at91/lib\libAt91D.a(pio.o)
 .debug_aranges
                0x00000930       0x60 C:/ISIS/workspace_BIT/BIT/satellite-subsystems/demo/../..//hal/at91/lib\libAt91D.a(pit.o)
 .debug_aranges
                0x00000990       0x58 C:/ISIS/workspace_BIT/BIT/satellite-subsystems/demo/../..//hal/at91/lib\libAt91D.a(pmc.o)
 .debug_aranges
                0x000009e8       0x90 C:/ISIS/workspace_BIT/BIT/satellite-subsystems/demo/../..//hal/at91/lib\libAt91D.a(twi_at91.o)
 .debug_aranges
                0x00000a78       0x48 C:/ISIS/workspace_BIT/BIT/satellite-subsystems/demo/../..//hal/at91/lib\libAt91D.a(ExitHandler.o)
 .debug_aranges
                0x00000ac0       0x28 C:/ISIS/workspace_BIT/BIT/satellite-subsystems/demo/../..//hal/at91/lib\libAt91D.a(board_cstartup.o)
 .debug_aranges
                0x00000ae8       0x20 C:/ISIS/workspace_BIT/BIT/satellite-subsystems/demo/../..//hal/at91/lib\libAt91D.a(cp15_asm.o)
 .debug_aranges
                0x00000b08       0x40 C:/ISIS/workspace_BIT/BIT/satellite-subsystems/demo/../..//hal/at91/lib\libAt91D.a(board_lowlevel.o)
 .debug_aranges
                0x00000b48       0x38 C:/ISIS/workspace_BIT/BIT/satellite-subsystems/demo/../..//hal/at91/lib\libAt91D.a(board_memories.o)

.debug_ranges   0x00000000      0x970
 .debug_ranges  0x00000000       0x10 ./src/Bit/EPS.o
 .debug_ranges  0x00000010       0x10 ./src/Bit/OBC.o
 .debug_ranges  0x00000020       0x10 ./src/Bit/PayloadAndAnts.o
 .debug_ranges  0x00000030       0x10 ./src/Bit/TRXVU.o
 .debug_ranges  0x00000040       0x28 ./src/main.o
 .debug_ranges  0x00000068       0x40 C:/ISIS/workspace_BIT/BIT/satellite-subsystems/demo/../..//hal/hal/lib\libHALD.a(LED.o)
 .debug_ranges  0x000000a8       0xb8 C:/ISIS/workspace_BIT/BIT/satellite-subsystems/demo/../..//hal/hal/lib\libHALD.a(I2C.o)
 .debug_ranges  0x00000160       0x20 C:/ISIS/workspace_BIT/BIT/satellite-subsystems/demo/../..//hal/hal/lib\libHALD.a(WatchDogTimerNoOS.o)
 .debug_ranges  0x00000180       0x28 C:/ISIS/workspace_BIT/BIT/satellite-subsystems/demo/../..//hal/hal/lib\libHALD.a(WatchDogTimerOS.o)
 .debug_ranges  0x000001a8       0x40 C:/ISIS/workspace_BIT/BIT/satellite-subsystems/demo/../..//hal/hal/lib\libHALD.a(util.o)
 .debug_ranges  0x000001e8      0x100 C:/ISIS/workspace_BIT/BIT/satellite-subsystems/demo/../..//hal/freertos/lib\libFreeRTOSD.a(queue.o)
 .debug_ranges  0x000002e8       0x30 C:/ISIS/workspace_BIT/BIT/satellite-subsystems/demo/../..//hal/freertos/lib\libFreeRTOSD.a(list.o)
 .debug_ranges  0x00000318      0x150 C:/ISIS/workspace_BIT/BIT/satellite-subsystems/demo/../..//hal/freertos/lib\libFreeRTOSD.a(tasks.o)
 .debug_ranges  0x00000468       0x78 C:/ISIS/workspace_BIT/BIT/satellite-subsystems/demo/../..//hal/freertos/lib\libFreeRTOSD.a(timers.o)
 .debug_ranges  0x000004e0       0x20 C:/ISIS/workspace_BIT/BIT/satellite-subsystems/demo/../..//hal/freertos/lib\libFreeRTOSD.a(hooks.o)
 .debug_ranges  0x00000500       0x50 C:/ISIS/workspace_BIT/BIT/satellite-subsystems/demo/../..//hal/freertos/lib\libFreeRTOSD.a(standardMemMang.o)
 .debug_ranges  0x00000550       0x70 C:/ISIS/workspace_BIT/BIT/satellite-subsystems/demo/../..//hal/freertos/lib\libFreeRTOSD.a(port.o)
 .debug_ranges  0x000005c0       0x90 C:/ISIS/workspace_BIT/BIT/satellite-subsystems/demo/../..//hal/at91/lib\libAt91D.a(syscalls.o)
 .debug_ranges  0x00000650       0x20 C:/ISIS/workspace_BIT/BIT/satellite-subsystems/demo/../..//hal/at91/lib\libAt91D.a(aic.o)
 .debug_ranges  0x00000670       0x68 C:/ISIS/workspace_BIT/BIT/satellite-subsystems/demo/../..//hal/at91/lib\libAt91D.a(cp15.o)
 .debug_ranges  0x000006d8       0x40 C:/ISIS/workspace_BIT/BIT/satellite-subsystems/demo/../..//hal/at91/lib\libAt91D.a(dbgu.o)
 .debug_ranges  0x00000718       0x38 C:/ISIS/workspace_BIT/BIT/satellite-subsystems/demo/../..//hal/at91/lib\libAt91D.a(pio_it.o)
 .debug_ranges  0x00000750       0x58 C:/ISIS/workspace_BIT/BIT/satellite-subsystems/demo/../..//hal/at91/lib\libAt91D.a(pio.o)
 .debug_ranges  0x000007a8       0x50 C:/ISIS/workspace_BIT/BIT/satellite-subsystems/demo/../..//hal/at91/lib\libAt91D.a(pit.o)
 .debug_ranges  0x000007f8       0x48 C:/ISIS/workspace_BIT/BIT/satellite-subsystems/demo/../..//hal/at91/lib\libAt91D.a(pmc.o)
 .debug_ranges  0x00000840       0x80 C:/ISIS/workspace_BIT/BIT/satellite-subsystems/demo/../..//hal/at91/lib\libAt91D.a(twi_at91.o)
 .debug_ranges  0x000008c0       0x38 C:/ISIS/workspace_BIT/BIT/satellite-subsystems/demo/../..//hal/at91/lib\libAt91D.a(ExitHandler.o)
 .debug_ranges  0x000008f8       0x20 C:/ISIS/workspace_BIT/BIT/satellite-subsystems/demo/../..//hal/at91/lib\libAt91D.a(board_cstartup.o)
 .debug_ranges  0x00000918       0x30 C:/ISIS/workspace_BIT/BIT/satellite-subsystems/demo/../..//hal/at91/lib\libAt91D.a(board_lowlevel.o)
 .debug_ranges  0x00000948       0x28 C:/ISIS/workspace_BIT/BIT/satellite-subsystems/demo/../..//hal/at91/lib\libAt91D.a(board_memories.o)

.debug_line     0x00000000     0x4341
 .debug_line    0x00000000       0x41 ./src/Bit/EPS.o
 .debug_line    0x00000041       0x43 ./src/Bit/OBC.o
 .debug_line    0x00000084       0x4e ./src/Bit/PayloadAndAnts.o
 .debug_line    0x000000d2       0x45 ./src/Bit/TRXVU.o
 .debug_line    0x00000117      0x532 ./src/main.o
 .debug_line    0x00000649       0x36 C:/ISIS/workspace_BIT/BIT/satellite-subsystems/demo/..//satellite-subsystems/lib\libSatelliteSubsystemsD.a(version.o)
 .debug_line    0x0000067f      0x1fa C:/ISIS/workspace_BIT/BIT/satellite-subsystems/demo/../..//hal/hal/lib\libHALD.a(LED.o)
 .debug_line    0x00000879      0x5d0 C:/ISIS/workspace_BIT/BIT/satellite-subsystems/demo/../..//hal/hal/lib\libHALD.a(I2C.o)
 .debug_line    0x00000e49       0xe3 C:/ISIS/workspace_BIT/BIT/satellite-subsystems/demo/../..//hal/hal/lib\libHALD.a(WatchDogTimerNoOS.o)
 .debug_line    0x00000f2c      0x147 C:/ISIS/workspace_BIT/BIT/satellite-subsystems/demo/../..//hal/hal/lib\libHALD.a(WatchDogTimerOS.o)
 .debug_line    0x00001073      0x1ec C:/ISIS/workspace_BIT/BIT/satellite-subsystems/demo/../..//hal/hal/lib\libHALD.a(util.o)
 .debug_line    0x0000125f       0x36 C:/ISIS/workspace_BIT/BIT/satellite-subsystems/demo/../..//hal/hal/lib\libHALD.a(version.o)
 .debug_line    0x00001295      0x671 C:/ISIS/workspace_BIT/BIT/satellite-subsystems/demo/../..//hal/freertos/lib\libFreeRTOSD.a(queue.o)
 .debug_line    0x00001906      0x10e C:/ISIS/workspace_BIT/BIT/satellite-subsystems/demo/../..//hal/freertos/lib\libFreeRTOSD.a(list.o)
 .debug_line    0x00001a14      0x8c0 C:/ISIS/workspace_BIT/BIT/satellite-subsystems/demo/../..//hal/freertos/lib\libFreeRTOSD.a(tasks.o)
 .debug_line    0x000022d4      0x2a6 C:/ISIS/workspace_BIT/BIT/satellite-subsystems/demo/../..//hal/freertos/lib\libFreeRTOSD.a(timers.o)
 .debug_line    0x0000257a       0x89 C:/ISIS/workspace_BIT/BIT/satellite-subsystems/demo/../..//hal/freertos/lib\libFreeRTOSD.a(hooks.o)
 .debug_line    0x00002603      0x13e C:/ISIS/workspace_BIT/BIT/satellite-subsystems/demo/../..//hal/freertos/lib\libFreeRTOSD.a(standardMemMang.o)
 .debug_line    0x00002741      0x215 C:/ISIS/workspace_BIT/BIT/satellite-subsystems/demo/../..//hal/freertos/lib\libFreeRTOSD.a(port.o)
 .debug_line    0x00002956      0x2e4 C:/ISIS/workspace_BIT/BIT/satellite-subsystems/demo/../..//hal/at91/lib\libAt91D.a(syscalls.o)
 .debug_line    0x00002c3a       0xb2 C:/ISIS/workspace_BIT/BIT/satellite-subsystems/demo/../..//hal/at91/lib\libAt91D.a(aic.o)
 .debug_line    0x00002cec      0x223 C:/ISIS/workspace_BIT/BIT/satellite-subsystems/demo/../..//hal/at91/lib\libAt91D.a(cp15.o)
 .debug_line    0x00002f0f      0x278 C:/ISIS/workspace_BIT/BIT/satellite-subsystems/demo/../..//hal/at91/lib\libAt91D.a(dbgu.o)
 .debug_line    0x00003187      0x18a C:/ISIS/workspace_BIT/BIT/satellite-subsystems/demo/../..//hal/at91/lib\libAt91D.a(pio_it.o)
 .debug_line    0x00003311      0x1b7 C:/ISIS/workspace_BIT/BIT/satellite-subsystems/demo/../..//hal/at91/lib\libAt91D.a(pio.o)
 .debug_line    0x000034c8      0x136 C:/ISIS/workspace_BIT/BIT/satellite-subsystems/demo/../..//hal/at91/lib\libAt91D.a(pit.o)
 .debug_line    0x000035fe      0x220 C:/ISIS/workspace_BIT/BIT/satellite-subsystems/demo/../..//hal/at91/lib\libAt91D.a(pmc.o)
 .debug_line    0x0000381e      0x3c2 C:/ISIS/workspace_BIT/BIT/satellite-subsystems/demo/../..//hal/at91/lib\libAt91D.a(twi_at91.o)
 .debug_line    0x00003be0      0x29a C:/ISIS/workspace_BIT/BIT/satellite-subsystems/demo/../..//hal/at91/lib\libAt91D.a(ExitHandler.o)
 .debug_line    0x00003e7a      0x11d C:/ISIS/workspace_BIT/BIT/satellite-subsystems/demo/../..//hal/at91/lib\libAt91D.a(board_cstartup.o)
 .debug_line    0x00003f97       0x6f C:/ISIS/workspace_BIT/BIT/satellite-subsystems/demo/../..//hal/at91/lib\libAt91D.a(cp15_asm.o)
 .debug_line    0x00004006      0x1fb C:/ISIS/workspace_BIT/BIT/satellite-subsystems/demo/../..//hal/at91/lib\libAt91D.a(board_lowlevel.o)
 .debug_line    0x00004201      0x140 C:/ISIS/workspace_BIT/BIT/satellite-subsystems/demo/../..//hal/at91/lib\libAt91D.a(board_memories.o)

.debug_str      0x00000000     0x3690
 .debug_str     0x00000000       0xf6 ./src/Bit/EPS.o
                                0x12f (size before relaxing)
 .debug_str     0x000000f6       0x1a ./src/Bit/OBC.o
                                0x12f (size before relaxing)
 .debug_str     0x00000110       0x30 ./src/Bit/PayloadAndAnts.o
                                0x145 (size before relaxing)
 .debug_str     0x00000140       0x1e ./src/Bit/TRXVU.o
                                0x133 (size before relaxing)
 .debug_str     0x0000015e      0x693 ./src/main.o
                                0x7f2 (size before relaxing)
 .debug_str     0x000007f1       0x52 C:/ISIS/workspace_BIT/BIT/satellite-subsystems/demo/..//satellite-subsystems/lib\libSatelliteSubsystemsD.a(version.o)
                                0x14a (size before relaxing)
 .debug_str     0x00000843       0xaa C:/ISIS/workspace_BIT/BIT/satellite-subsystems/demo/../..//hal/hal/lib\libHALD.a(LED.o)
                                0x31d (size before relaxing)
 .debug_str     0x000008ed      0x6a4 C:/ISIS/workspace_BIT/BIT/satellite-subsystems/demo/../..//hal/hal/lib\libHALD.a(I2C.o)
                                0xde0 (size before relaxing)
 .debug_str     0x00000f91       0x6b C:/ISIS/workspace_BIT/BIT/satellite-subsystems/demo/../..//hal/hal/lib\libHALD.a(WatchDogTimerNoOS.o)
                                0x2f3 (size before relaxing)
 .debug_str     0x00000ffc       0xd2 C:/ISIS/workspace_BIT/BIT/satellite-subsystems/demo/../..//hal/hal/lib\libHALD.a(WatchDogTimerOS.o)
                                0x22e (size before relaxing)
 .debug_str     0x000010ce       0xcf C:/ISIS/workspace_BIT/BIT/satellite-subsystems/demo/../..//hal/hal/lib\libHALD.a(util.o)
                                0x1ed (size before relaxing)
 .debug_str     0x0000119d       0x17 C:/ISIS/workspace_BIT/BIT/satellite-subsystems/demo/../..//hal/hal/lib\libHALD.a(version.o)
                                0x10d (size before relaxing)
 .debug_str     0x000011b4      0x628 C:/ISIS/workspace_BIT/BIT/satellite-subsystems/demo/../..//hal/freertos/lib\libFreeRTOSD.a(queue.o)
                                0x76b (size before relaxing)
 .debug_str     0x000017dc       0xa1 C:/ISIS/workspace_BIT/BIT/satellite-subsystems/demo/../..//hal/freertos/lib\libFreeRTOSD.a(list.o)
                                0x257 (size before relaxing)
 .debug_str     0x0000187d      0x762 C:/ISIS/workspace_BIT/BIT/satellite-subsystems/demo/../..//hal/freertos/lib\libFreeRTOSD.a(tasks.o)
                                0xd57 (size before relaxing)
 .debug_str     0x00001fdf      0x334 C:/ISIS/workspace_BIT/BIT/satellite-subsystems/demo/../..//hal/freertos/lib\libFreeRTOSD.a(timers.o)
                                0x565 (size before relaxing)
 .debug_str     0x00002313       0x57 C:/ISIS/workspace_BIT/BIT/satellite-subsystems/demo/../..//hal/freertos/lib\libFreeRTOSD.a(hooks.o)
                                0x19b (size before relaxing)
 .debug_str     0x0000236a       0xfc C:/ISIS/workspace_BIT/BIT/satellite-subsystems/demo/../..//hal/freertos/lib\libFreeRTOSD.a(standardMemMang.o)
                                0x238 (size before relaxing)
 .debug_str     0x00002466      0x2dd C:/ISIS/workspace_BIT/BIT/satellite-subsystems/demo/../..//hal/freertos/lib\libFreeRTOSD.a(port.o)
                                0x492 (size before relaxing)
 .debug_str     0x00002743      0x199 C:/ISIS/workspace_BIT/BIT/satellite-subsystems/demo/../..//hal/at91/lib\libAt91D.a(syscalls.o)
                                0x2c6 (size before relaxing)
 .debug_str     0x000028dc      0x104 C:/ISIS/workspace_BIT/BIT/satellite-subsystems/demo/../..//hal/at91/lib\libAt91D.a(aic.o)
                                0x1be (size before relaxing)
 .debug_str     0x000029e0      0x12a C:/ISIS/workspace_BIT/BIT/satellite-subsystems/demo/../..//hal/at91/lib\libAt91D.a(cp15.o)
                                0x602 (size before relaxing)
 .debug_str     0x00002b0a       0x7e C:/ISIS/workspace_BIT/BIT/satellite-subsystems/demo/../..//hal/at91/lib\libAt91D.a(dbgu.o)
                                0x65a (size before relaxing)
 .debug_str     0x00002b88      0x15c C:/ISIS/workspace_BIT/BIT/satellite-subsystems/demo/../..//hal/at91/lib\libAt91D.a(pio_it.o)
                                0x405 (size before relaxing)
 .debug_str     0x00002ce4       0xde C:/ISIS/workspace_BIT/BIT/satellite-subsystems/demo/../..//hal/at91/lib\libAt91D.a(pio.o)
                                0x408 (size before relaxing)
 .debug_str     0x00002dc2       0x9b C:/ISIS/workspace_BIT/BIT/satellite-subsystems/demo/../..//hal/at91/lib\libAt91D.a(pit.o)
                                0x17c (size before relaxing)
 .debug_str     0x00002e5d       0xcf C:/ISIS/workspace_BIT/BIT/satellite-subsystems/demo/../..//hal/at91/lib\libAt91D.a(pmc.o)
                                0x670 (size before relaxing)
 .debug_str     0x00002f2c      0x166 C:/ISIS/workspace_BIT/BIT/satellite-subsystems/demo/../..//hal/at91/lib\libAt91D.a(twi_at91.o)
                                0x774 (size before relaxing)
 .debug_str     0x00003092      0x1b1 C:/ISIS/workspace_BIT/BIT/satellite-subsystems/demo/../..//hal/at91/lib\libAt91D.a(ExitHandler.o)
                                0x2e5 (size before relaxing)
 .debug_str     0x00003243      0x23d C:/ISIS/workspace_BIT/BIT/satellite-subsystems/demo/../..//hal/at91/lib\libAt91D.a(board_lowlevel.o)
                                0x88a (size before relaxing)
 .debug_str     0x00003480      0x210 C:/ISIS/workspace_BIT/BIT/satellite-subsystems/demo/../..//hal/at91/lib\libAt91D.a(board_memories.o)
                                0x641 (size before relaxing)

.comment        0x00000000       0x70
 .comment       0x00000000       0x70 ./src/Bit/EPS.o