Archive member included to satisfy reference by file (symbol)

/home/sbgmyql/eclipse-workspace/BIT/satellite-subsystems/demo/..//satellite-subsystems/lib/libSatelliteSubsystemsD.a(IsisSolarPanelv2.o)
                              ./src/Demos/IsisSPv2demo.o (IsisSolarPanelv2_initialize)
/home/sbgmyql/eclipse-workspace/BIT/satellite-subsystems/demo/..//satellite-subsystems/lib/libSatelliteSubsystemsD.a(isis_ants.o)
                              ./src/Demos/isis_ants_demo.o (ISIS_ANTS_Init)
/home/sbgmyql/eclipse-workspace/BIT/satellite-subsystems/demo/..//satellite-subsystems/lib/libSatelliteSubsystemsD.a(isis_ants_rev2.o)
                              ./src/Demos/isis_ants2_demo.o (ISIS_ANTS_REV2_Init)
/home/sbgmyql/eclipse-workspace/BIT/satellite-subsystems/demo/..//satellite-subsystems/lib/libSatelliteSubsystemsD.a(isis_aocs.o)
                              ./src/Demos/IsisAOCSdemo.o (ISIS_AOCS_Init)
/home/sbgmyql/eclipse-workspace/BIT/satellite-subsystems/demo/..//satellite-subsystems/lib/libSatelliteSubsystemsD.a(isis_hstxs_v2.o)
                              ./src/Demos/IsisHSTXS_V2demo.o (ISIS_HSTXS_V2_Init)
/home/sbgmyql/eclipse-workspace/BIT/satellite-subsystems/demo/..//satellite-subsystems/lib/libSatelliteSubsystemsD.a(isis_mtq_v2.o)
                              ./src/Demos/IsisMTQv2demo.o (ISIS_MTQ_V2_Init)
/home/sbgmyql/eclipse-workspace/BIT/satellite-subsystems/demo/..//satellite-subsystems/lib/libSatelliteSubsystemsD.a(isis_rxs_c.o)
                              ./src/Demos/isisRXSrevCdemo.o (ISIS_RXS_C_Init)
/home/sbgmyql/eclipse-workspace/BIT/satellite-subsystems/demo/..//satellite-subsystems/lib/libSatelliteSubsystemsD.a(isis_vu_d.o)
                              ./src/Demos/IsisTRXVUrevDdemo.o (ISIS_VU_D_Init)
/home/sbgmyql/eclipse-workspace/BIT/satellite-subsystems/demo/..//satellite-subsystems/lib/libSatelliteSubsystemsD.a(isis_vu_e.o)
                              ./src/Demos/IsisTRXVUrevEdemo.o (ISIS_VU_E_Init)
/home/sbgmyql/eclipse-workspace/BIT/satellite-subsystems/demo/..//satellite-subsystems/lib/libSatelliteSubsystemsD.a(isismepsv2_ivid5_pbu.o)
                              ./src/Demos/isismeps_ivid5_pdu_demo.o (ISISMEPSV2_IVID5_PBU_Init)
/home/sbgmyql/eclipse-workspace/BIT/satellite-subsystems/demo/..//satellite-subsystems/lib/libSatelliteSubsystemsD.a(isismepsv2_ivid5_pcu.o)
                              ./src/Demos/isismeps_ivid5_pdu_demo.o (ISISMEPSV2_IVID5_PCU_Init)
/home/sbgmyql/eclipse-workspace/BIT/satellite-subsystems/demo/..//satellite-subsystems/lib/libSatelliteSubsystemsD.a(isismepsv2_ivid5_pdu.o)
                              ./src/Demos/isismeps_ivid5_pdu_demo.o (ISISMEPSV2_IVID5_PDU_Init)
/home/sbgmyql/eclipse-workspace/BIT/satellite-subsystems/demo/..//satellite-subsystems/lib/libSatelliteSubsystemsD.a(isismepsv2_ivid5_piu.o)
                              ./src/Demos/isismeps_ivid5_piu_demo.o (ISISMEPSV2_IVID5_PIU_Init)
/home/sbgmyql/eclipse-workspace/BIT/satellite-subsystems/demo/..//satellite-subsystems/lib/libSatelliteSubsystemsD.a(isismepsv2_ivid7_piu.o)
                              ./src/Bit/EPS.o (isismepsv2_ivid7_piu__gethousekeepingeng)
/home/sbgmyql/eclipse-workspace/BIT/satellite-subsystems/demo/..//satellite-subsystems/lib/libSatelliteSubsystemsD.a(version.o)
                              ./src/main.o (SatelliteSubsystemsCompileDate)
/usr/lib/gcc/arm-none-eabi/14.2.0/../../../../arm-none-eabi/lib/libm.a(libm_a-w_exp.o)
                              ./src/Demos/common.o (exp)
/usr/lib/gcc/arm-none-eabi/14.2.0/../../../../arm-none-eabi/lib/libm.a(libm_a-s_finite.o)
                              /usr/lib/gcc/arm-none-eabi/14.2.0/../../../../arm-none-eabi/lib/libm.a(libm_a-w_exp.o) (finite)
/usr/lib/gcc/arm-none-eabi/14.2.0/../../../../arm-none-eabi/lib/libm.a(libm_a-e_exp.o)
                              /usr/lib/gcc/arm-none-eabi/14.2.0/../../../../arm-none-eabi/lib/libm.a(libm_a-w_exp.o) (__ieee754_exp)
/usr/lib/gcc/arm-none-eabi/14.2.0/../../../../arm-none-eabi/lib/libm.a(libm_a-math_err.o)
                              /usr/lib/gcc/arm-none-eabi/14.2.0/../../../../arm-none-eabi/lib/libm.a(libm_a-e_exp.o) (__math_uflow)
/home/sbgmyql/eclipse-workspace/BIT/satellite-subsystems/demo/../..//hal/hal/lib/libHALD.a(checksum.o)
                              ./src/Demos/isisRXSrevCdemo.o (checksum_prepareLUTCRC16)
/home/sbgmyql/eclipse-workspace/BIT/satellite-subsystems/demo/../..//hal/hal/lib/libHALD.a(SPI.o)
                              ./src/Demos/IsisSPv2demo.o (SPI_start)
/home/sbgmyql/eclipse-workspace/BIT/satellite-subsystems/demo/../..//hal/hal/lib/libHALD.a(LED.o)
                              ./src/main.o (LED_start)
/home/sbgmyql/eclipse-workspace/BIT/satellite-subsystems/demo/../..//hal/hal/lib/libHALD.a(UART.o)
                              ./src/Demos/isisRXSrevCdemo.o (UART_start)
/home/sbgmyql/eclipse-workspace/BIT/satellite-subsystems/demo/../..//hal/hal/lib/libHALD.a(I2C.o)
[...]
Memory Configuration

Name             Origin             Length             Attributes
sram0            0x00200000         0x00004000         w!xr
sram1            0x00300000         0x00004000         w!xr
sdram            0x20000000         0x02000000         w!xr
*default*        0x00000000         0xffffffff

Linker script and memory map

LOAD /usr/lib/gcc/arm-none-eabi/14.2.0/../../../../arm-none-eabi/lib/libc.a
LOAD ./src/Demos/IsisAOCSdemo.o
LOAD ./src/Demos/IsisHSTXS_V2demo.o
LOAD ./src/Demos/IsisMTQv2demo.o
LOAD ./src/Demos/IsisSPv2demo.o
LOAD ./src/Demos/IsisTRXVUrevDdemo.o
LOAD ./src/Demos/IsisTRXVUrevEdemo.o
LOAD ./src/Demos/common.o
LOAD ./src/Demos/input.o
LOAD ./src/Demos/isisRXSrevCdemo.o
LOAD ./src/Demos/isis_ants2_demo.o
LOAD ./src/Demos/isis_ants_demo.o
LOAD ./src/Demos/isismeps_ivid5_pdu_demo.o
LOAD ./src/Demos/isismeps_ivid5_piu_demo.o
LOAD ./src/Demos/trxvu_frame_ready.o
LOAD ./src/Bit/EPS.o
LOAD ./src/Bit/OBC.o
LOAD ./src/Bit/PayloadAndAnts.o
LOAD ./src/Bit/TRXVU.o
LOAD ./src/main.o
LOAD /home/sbgmyql/eclipse-workspace/BIT/satellite-subsystems/demo/..//satellite-subsystems/lib/libSatelliteSubsystemsD.a
LOAD /usr/lib/gcc/arm-none-eabi/14.2.0/../../../../arm-none-eabi/lib/libm.a
LOAD /home/sbgmyql/eclipse-workspace/BIT/satellite-subsystems/demo/../..//hal/hcc/lib/libHCCD.a
LOAD /home/sbgmyql/eclipse-workspace/BIT/satellite-subsystems/demo/../..//hal/hal/lib/libHALD.a
LOAD /home/sbgmyql/eclipse-workspace/BIT/satellite-subsystems/demo/../..//hal/freertos/lib/libFreeRTOSD.a
LOAD /home/sbgmyql/eclipse-workspace/BIT/satellite-subsystems/demo/../..//hal/at91/lib/libAt91D.a
START GROUP
LOAD /usr/lib/gcc/arm-none-eabi/14.2.0/libgcc.a
LOAD /usr/lib/gcc/arm-none-eabi/14.2.0/../../../../arm-none-eabi/lib/libg.a
LOAD /usr/lib/gcc/arm-none-eabi/14.2.0/../../../../arm-none-eabi/lib/libc.a
END GROUP

.fixed          0x20000000    0x17438
                0x20000000                        . = ALIGN (0x4)
                0x20000000                        _sfixed = .
 *(.startup)
 .startup       0x20000000      0x184 /home/sbgmyql/eclipse-workspace/BIT/satellite-subsystems/demo/../..//hal/at91/lib/libAt91D.a(board_cstartup.o)
                0x20000000                entry
 *(.text)
 .text          0x20000184       0x64 /home/sbgmyql/eclipse-workspace/BIT/satellite-subsystems/demo/../..//hal/at91/lib/libAt91D.a(cp15_asm.o)
                0x20000184                _readControlRegister
                0x20000190                _writeControlRegister
                0x20000198                _waitForInterrupt
                0x200001a4                _writeTTB
                0x200001ac                _writeDomain
                0x200001b4                _writeITLBLockdown
                0x200001bc                _prefetchICacheLine
                0x200001c4                _flushDCache
                0x200001d0                _flushWriteBuffer
                0x200001dc                _invalidateIDTLBs
 .text          0x200001e8      0x114 /usr/lib/gcc/arm-none-eabi/14.2.0/libgcc.a(_udivsi3.o)
                0x200001e8                __udivsi3
                0x200001e8                __aeabi_uidiv
                0x200002dc                __aeabi_uidivmod
 .text          0x200002fc        0x4 /usr/lib/gcc/arm-none-eabi/14.2.0/libgcc.a(_dvmd_tls.o)
                0x200002fc                __aeabi_ldiv0
                0x200002fc                __aeabi_idiv0
 .text          0x20000300      0x424 /usr/lib/gcc/arm-none-eabi/14.2.0/libgcc.a(_arm_addsubdf3.o)
                0x20000300                __aeabi_drsub
                0x20000308                __aeabi_dsub
                0x20000308                __subdf3
                0x2000030c                __adddf3
                0x2000030c                __aeabi_dadd
                0x2000061c                __aeabi_ui2d
                0x2000061c                __floatunsidf
                0x20000640                __floatsidf
                0x20000640                __aeabi_i2d
                0x20000668                __extendsfdf2
                0x20000668                __aeabi_f2d
                0x200006b0                __aeabi_ul2d
                0x200006b0                __floatundidf
                0x200006c4                __floatdidf
                0x200006c4                __aeabi_l2d
 .text          0x20000724      0x49c /usr/lib/gcc/arm-none-eabi/14.2.0/libgcc.a(_arm_muldivdf3.o)
                0x20000724                __aeabi_dmul
                0x20000724                __muldf3
                0x200009b4                __aeabi_ddiv
                0x200009b4                __divdf3
 .text          0x20000bc0      0x144 /usr/lib/gcc/arm-none-eabi/14.2.0/libgcc.a(_arm_cmpdf2.o)
                0x20000bc0                __gtdf2
                0x20000bc0                __gedf2
                0x20000bc8                __ltdf2
                0x20000bc8                __ledf2
                0x20000bd0                __cmpdf2
                0x20000bd0                __eqdf2
                0x20000bd0                __nedf2
                0x20000c58                __aeabi_cdrcmple
                0x20000c74                __aeabi_cdcmple
                0x20000c74                __aeabi_cdcmpeq
                0x20000c8c                __aeabi_dcmpeq
                0x20000ca4                __aeabi_dcmplt
                0x20000cbc                __aeabi_dcmple
                0x20000cd4                __aeabi_dcmpge
                0x20000cec                __aeabi_dcmpgt
 .text          0x20000d04       0x38 /usr/lib/gcc/arm-none-eabi/14.2.0/libgcc.a(_arm_unorddf2.o)
                0x20000d04                __aeabi_dcmpun
                0x20000d04                __unorddf2
 .text          0x20000d3c       0x5c /usr/lib/gcc/arm-none-eabi/14.2.0/libgcc.a(_arm_fixdfsi.o)
                0x20000d3c                __fixdfsi
                0x20000d3c                __aeabi_d2iz
 .text          0x20000d98      0x148 /usr/lib/gcc/arm-none-eabi/14.2.0/libgcc.a(_divsi3.o)
                0x20000d98                __aeabi_idiv
                0x20000d98                __divsi3
                0x20000ec0                __aeabi_idivmod
 *(.text*)
 .text.print    0x20000ee0       0x94 ./src/Bit/EPS.o
                0x20000ee0                print
 .text.EPS_Test
                0x20000f74      0x264 ./src/Bit/EPS.o
                0x20000f74                EPS_Test
 .text.OBC_Test
                0x200011d8       0x28 ./src/Bit/OBC.o
                0x200011d8                OBC_Test
 .text.PayloadAndAnts_Test
                0x20001200       0x28 ./src/Bit/PayloadAndAnts.o
                0x20001200                PayloadAndAnts_Test
 .text.TRXVU_Test
                0x20001228       0x28 ./src/Bit/TRXVU.o
                0x20001228                TRXVU_Test
 .text.initI2C  0x20001250       0x70 ./src/main.o
                0x20001250                initI2C
 .text.selectAndExecuteTest
                0x200012c0       0xdc ./src/main.o
                0x200012c0                selectAndExecuteTest
 .text.taskMain
                0x2000139c       0x54 ./src/main.o
                0x2000139c                taskMain
 .text.main     0x200013f0      0x234 ./src/main.o
                0x200013f0                main
 .text.isismepsv2_ivid7_piu__gethousekeepingeng
                0x20001624       0xc4 /home/sbgmyql/eclipse-workspace/BIT/satellite-subsystems/demo/..//satellite-subsystems/lib/libSatelliteSubsystemsD.a(isismepsv2_ivid7_piu.o)
                0x20001624                isismepsv2_ivid7_piu__gethousekeepingeng
 .text._ISISMEPSV2_IVID7_PIU_I2C_Send
                0x200016e8      0x15c /home/sbgmyql/eclipse-workspace/BIT/satellite-subsystems/demo/..//satellite-subsystems/lib/libSatelliteSubsystemsD.a(isismepsv2_ivid7_piu.o)
 .text.uSdelay  0x20001844       0x88 /home/sbgmyql/eclipse-workspace/BIT/satellite-subsystems/demo/../..//hal/hal/lib/libHALD.a(LED.o)
 .text.LED_start
                0x200018cc       0x1c /home/sbgmyql/eclipse-workspace/BIT/satellite-subsystems/demo/../..//hal/hal/lib/libHALD.a(LED.o)
                0x200018cc                LED_start
 .text.LED_glow
                0x200018e8       0x58 /home/sbgmyql/eclipse-workspace/BIT/satellite-subsystems/demo/../..//hal/hal/lib/libHALD.a(LED.o)
                0x200018e8                LED_glow
 .text.LED_dark
                0x20001940       0x58 /home/sbgmyql/eclipse-workspace/BIT/satellite-subsystems/demo/../..//hal/hal/lib/libHALD.a(LED.o)
                0x20001940                LED_dark
 .text.LED_toggle
                0x20001998       0x50 /home/sbgmyql/eclipse-workspace/BIT/satellite-subsystems/demo/../..//hal/hal/lib/libHALD.a(LED.o)
                0x20001998                LED_toggle
 .text.LED_wave
                0x200019e8       0xd0 /home/sbgmyql/eclipse-workspace/BIT/satellite-subsystems/demo/../..//hal/hal/lib/libHALD.a(LED.o)
                0x200019e8                LED_wave
 .text.LED_waveReverse
                0x20001ab8       0xd0 /home/sbgmyql/eclipse-workspace/BIT/satellite-subsystems/demo/../..//hal/hal/lib/libHALD.a(LED.o)
                0x20001ab8                LED_waveReverse
 .text.validateTransferParameters
                0x20001b88      0x10c /home/sbgmyql/eclipse-workspace/BIT/satellite-subsystems/demo/../..//hal/hal/lib/libHALD.a(I2C.o)
 .text.I2C_queueTransfer
                0x20001c94       0xfc /home/sbgmyql/eclipse-workspace/BIT/satellite-subsystems/demo/../..//hal/hal/lib/libHALD.a(I2C.o)
                0x20001c94                I2C_queueTransfer
 .text.I2C_internalCallback
                0x20001d90       0x64 /home/sbgmyql/eclipse-workspace/BIT/satellite-subsystems/demo/../..//hal/hal/lib/libHALD.a(I2C.o)
 .text.I2C_doBlockingTransfer
                0x20001df4      0x180 /home/sbgmyql/eclipse-workspace/BIT/satellite-subsystems/demo/../..//hal/hal/lib/libHALD.a(I2C.o)
 .text.I2C_writeRead
                0x20001f74      0x17c /home/sbgmyql/eclipse-workspace/BIT/satellite-subsystems/demo/../..//hal/hal/lib/libHALD.a(I2C.o)
                0x20001f74                I2C_writeRead
 .text.I2C_start
                0x200020f0      0x2e8 /home/sbgmyql/eclipse-workspace/BIT/satellite-subsystems/demo/../..//hal/hal/lib/libHALD.a(I2C.o)
                0x200020f0                I2C_start
 .text.I2C_stop
                0x200023d8      0x184 /home/sbgmyql/eclipse-workspace/BIT/satellite-subsystems/demo/../..//hal/hal/lib/libHALD.a(I2C.o)
                0x200023d8                I2C_stop
 .text.I2C_setTransferTimeout
                0x2000255c       0x48 /home/sbgmyql/eclipse-workspace/BIT/satellite-subsystems/demo/../..//hal/hal/lib/libHALD.a(I2C.o)
                0x2000255c                I2C_setTransferTimeout
 .text.WDT_start
                0x200025a4       0x48 /home/sbgmyql/eclipse-workspace/BIT/satellite-subsystems/demo/../..//hal/hal/lib/libHALD.a(WatchDogTimerNoOS.o)
                0x200025a4                WDT_start
 .text.WDT_startWatchdogKickTask
                0x200025ec       0xb4 /home/sbgmyql/eclipse-workspace/BIT/satellite-subsystems/demo/../..//hal/hal/lib/libHALD.a(WatchDogTimerOS.o)
                0x200025ec                WDT_startWatchdogKickTask
 .text.WDT_forceKickEveryNms
                0x200026a0       0x50 /home/sbgmyql/eclipse-workspace/BIT/satellite-subsystems/demo/../..//hal/hal/lib/libHALD.a(WatchDogTimerOS.o)
                0x200026a0                WDT_forceKickEveryNms
 .text.UTIL_DbguGetInteger
                0x200026f0      0x168 /home/sbgmyql/eclipse-workspace/BIT/satellite-subsystems/demo/../..//hal/hal/lib/libHALD.a(util.o)
                0x200026f0                UTIL_DbguGetInteger
 .text.UTIL_DbguGetIntegerMinMax
                0x20002858       0xa4 /home/sbgmyql/eclipse-workspace/BIT/satellite-subsystems/demo/../..//hal/hal/lib/libHALD.a(util.o)
                0x20002858                UTIL_DbguGetIntegerMinMax
 .text.xQueueGenericReset
                0x200028fc      0x150 /home/sbgmyql/eclipse-workspace/BIT/satellite-subsystems/demo/../..//hal/freertos/lib/libFreeRTOSD.a(queue.o)
                0x200028fc                xQueueGenericReset
 .text.xQueueGenericCreate
                0x20002a4c      0x108 /home/sbgmyql/eclipse-workspace/BIT/satellite-subsystems/demo/../..//hal/freertos/lib/libFreeRTOSD.a(queue.o)
                0x20002a4c                xQueueGenericCreate
 .text.xQueueCreateMutex
                0x20002b54      0x11c /home/sbgmyql/eclipse-workspace/BIT/satellite-subsystems/demo/../..//hal/freertos/lib/libFreeRTOSD.a(queue.o)
                0x20002b54                xQueueCreateMutex
 .text.xQueueGenericSend
                0x20002c70      0x298 /home/sbgmyql/eclipse-workspace/BIT/satellite-subsystems/demo/../..//hal/freertos/lib/libFreeRTOSD.a(queue.o)
                0x20002c70                xQueueGenericSend
 .text.xQueueGenericSendFromISR
                0x20002f08      0x1e0 /home/sbgmyql/eclipse-workspace/BIT/satellite-subsystems/demo/../..//hal/freertos/lib/libFreeRTOSD.a(queue.o)
                0x20002f08                xQueueGenericSendFromISR
 .text.xQueueGenericReceive
                0x200030e8      0x2cc /home/sbgmyql/eclipse-workspace/BIT/satellite-subsystems/demo/../..//hal/freertos/lib/libFreeRTOSD.a(queue.o)
                0x200030e8                xQueueGenericReceive
 .text.uxQueueMessagesWaiting
                0x200033b4       0x6c /home/sbgmyql/eclipse-workspace/BIT/satellite-subsystems/demo/../..//hal/freertos/lib/libFreeRTOSD.a(queue.o)
                0x200033b4                uxQueueMessagesWaiting
 .text.vQueueDelete
                0x20003420       0x78 /home/sbgmyql/eclipse-workspace/BIT/satellite-subsystems/demo/../..//hal/freertos/lib/libFreeRTOSD.a(queue.o)
                0x20003420                vQueueDelete
 .text.prvCopyDataToQueue
                0x20003498      0x190 /home/sbgmyql/eclipse-workspace/BIT/satellite-subsystems/demo/../..//hal/freertos/lib/libFreeRTOSD.a(queue.o)
 .text.prvCopyDataFromQueue
                0x20003628       0x90 /home/sbgmyql/eclipse-workspace/BIT/satellite-subsystems/demo/../..//hal/freertos/lib/libFreeRTOSD.a(queue.o)
 .text.prvUnlockQueue
                0x200036b8      0x130 /home/sbgmyql/eclipse-workspace/BIT/satellite-subsystems/demo/../..//hal/freertos/lib/libFreeRTOSD.a(queue.o)
 .text.prvIsQueueEmpty
                0x200037e8       0x4c /home/sbgmyql/eclipse-workspace/BIT/satellite-subsystems/demo/../..//hal/freertos/lib/libFreeRTOSD.a(queue.o)
 .text.prvIsQueueFull
                0x20003834       0x54 /home/sbgmyql/eclipse-workspace/BIT/satellite-subsystems/demo/../..//hal/freertos/lib/libFreeRTOSD.a(queue.o)
 .text.vQueueUnregisterQueue
                0x20003888       0x80 /home/sbgmyql/eclipse-workspace/BIT/satellite-subsystems/demo/../..//hal/freertos/lib/libFreeRTOSD.a(queue.o)
                0x20003888                vQueueUnregisterQueue
 .text.vQueueWaitForMessageRestricted
                0x20003908       0x90 /home/sbgmyql/eclipse-workspace/BIT/satellite-subsystems/demo/../..//hal/freertos/lib/libFreeRTOSD.a(queue.o)
                0x20003908                vQueueWaitForMessageRestricted
 .text.prvNotifyQueueSetContainer
                0x20003998      0x108 /home/sbgmyql/eclipse-workspace/BIT/satellite-subsystems/demo/../..//hal/freertos/lib/libFreeRTOSD.a(queue.o)
 .text.vListInitialise
                0x20003aa0       0x64 /home/sbgmyql/eclipse-workspace/BIT/satellite-subsystems/demo/../..//hal/freertos/lib/libFreeRTOSD.a(list.o)
                0x20003aa0                vListInitialise
 .text.vListInitialiseItem
                0x20003b04       0x28 /home/sbgmyql/eclipse-workspace/BIT/satellite-subsystems/demo/../..//hal/freertos/lib/libFreeRTOSD.a(list.o)
                0x20003b04                vListInitialiseItem
 .text.vListInsertEnd
                0x20003b2c       0x84 /home/sbgmyql/eclipse-workspace/BIT/satellite-subsystems/demo/../..//hal/freertos/lib/libFreeRTOSD.a(list.o)
                0x20003b2c                vListInsertEnd
 .text.vListInsert
                0x20003bb0       0xd4 /home/sbgmyql/eclipse-workspace/BIT/satellite-subsystems/demo/../..//hal/freertos/lib/libFreeRTOSD.a(list.o)
                0x20003bb0                vListInsert
 .text.uxListRemove
                0x20003c84       0xa0 /home/sbgmyql/eclipse-workspace/BIT/satellite-subsystems/demo/../..//hal/freertos/lib/libFreeRTOSD.a(list.o)
                0x20003c84                uxListRemove
 .text.xTaskGenericCreate
                0x20003d24      0x2ac /home/sbgmyql/eclipse-workspace/BIT/satellite-subsystems/demo/../..//hal/freertos/lib/libFreeRTOSD.a(tasks.o)
                0x20003d24                xTaskGenericCreate
 .text.vTaskDelete
                0x20003fd0       0xe8 /home/sbgmyql/eclipse-workspace/BIT/satellite-subsystems/demo/../..//hal/freertos/lib/libFreeRTOSD.a(tasks.o)
                0x20003fd0                vTaskDelete
 .text.vTaskDelay
                0x200040b8       0x80 /home/sbgmyql/eclipse-workspace/BIT/satellite-subsystems/demo/../..//hal/freertos/lib/libFreeRTOSD.a(tasks.o)
                0x200040b8                vTaskDelay
 .text.vTaskStartScheduler
                0x20004138      0x104 /home/sbgmyql/eclipse-workspace/BIT/satellite-subsystems/demo/../..//hal/freertos/lib/libFreeRTOSD.a(tasks.o)
                0x20004138                vTaskStartScheduler
 .text.vTaskSuspendAll
                0x2000423c       0x2c /home/sbgmyql/eclipse-workspace/BIT/satellite-subsystems/demo/../..//hal/freertos/lib/libFreeRTOSD.a(tasks.o)
                0x2000423c                vTaskSuspendAll
 .text.xTaskResumeAll
                0x20004268      0x1f4 /home/sbgmyql/eclipse-workspace/BIT/satellite-subsystems/demo/../..//hal/freertos/lib/libFreeRTOSD.a(tasks.o)
                0x20004268                xTaskResumeAll
 .text.xTaskGetTickCount
                0x2000445c       0x34 /home/sbgmyql/eclipse-workspace/BIT/satellite-subsystems/demo/../..//hal/freertos/lib/libFreeRTOSD.a(tasks.o)
                0x2000445c                xTaskGetTickCount
 .text.xTaskIncrementTick
                0x20004490      0x298 /home/sbgmyql/eclipse-workspace/BIT/satellite-subsystems/demo/../..//hal/freertos/lib/libFreeRTOSD.a(tasks.o)
                0x20004490                xTaskIncrementTick
 .text.vTaskSwitchContext
                0x20004728      0x1a4 /home/sbgmyql/eclipse-workspace/BIT/satellite-subsystems/demo/../..//hal/freertos/lib/libFreeRTOSD.a(tasks.o)
                0x20004728                vTaskSwitchContext
 .text.vTaskPlaceOnEventList
                0x200048cc       0xcc /home/sbgmyql/eclipse-workspace/BIT/satellite-subsystems/demo/../..//hal/freertos/lib/libFreeRTOSD.a(tasks.o)
                0x200048cc                vTaskPlaceOnEventList
 .text.vTaskPlaceOnEventListRestricted
                0x20004998       0xa4 /home/sbgmyql/eclipse-workspace/BIT/satellite-subsystems/demo/../..//hal/freertos/lib/libFreeRTOSD.a(tasks.o)
                0x20004998                vTaskPlaceOnEventListRestricted
 .text.xTaskRemoveFromEventList
                0x20004a3c      0x160 /home/sbgmyql/eclipse-workspace/BIT/satellite-subsystems/demo/../..//hal/freertos/lib/libFreeRTOSD.a(tasks.o)
                0x20004a3c                xTaskRemoveFromEventList
 .text.vTaskSetTimeOutState
                0x20004b9c       0x78 /home/sbgmyql/eclipse-workspace/BIT/satellite-subsystems/demo/../..//hal/freertos/lib/libFreeRTOSD.a(tasks.o)
                0x20004b9c                vTaskSetTimeOutState
 .text.xTaskCheckForTimeOut
                0x20004c14      0x158 /home/sbgmyql/eclipse-workspace/BIT/satellite-subsystems/demo/../..//hal/freertos/lib/libFreeRTOSD.a(tasks.o)
                0x20004c14                xTaskCheckForTimeOut
 .text.vTaskMissedYield
                0x20004d6c       0x24 /home/sbgmyql/eclipse-workspace/BIT/satellite-subsystems/demo/../..//hal/freertos/lib/libFreeRTOSD.a(tasks.o)
                0x20004d6c                vTaskMissedYield
 .text.prvIdleTask
                0x20004d90       0x20 /home/sbgmyql/eclipse-workspace/BIT/satellite-subsystems/demo/../..//hal/freertos/lib/libFreeRTOSD.a(tasks.o)
 .text.prvInitialiseTCBVariables
                0x20004db0      0x450 /home/sbgmyql/eclipse-workspace/BIT/satellite-subsystems/demo/../..//hal/freertos/lib/libFreeRTOSD.a(tasks.o)
 .text.prvInitialiseTaskLists
                0x20005200       0xbc /home/sbgmyql/eclipse-workspace/BIT/satellite-subsystems/demo/../..//hal/freertos/lib/libFreeRTOSD.a(tasks.o)
 .text.prvCheckTasksWaitingTermination
                0x200052bc       0xbc /home/sbgmyql/eclipse-workspace/BIT/satellite-subsystems/demo/../..//hal/freertos/lib/libFreeRTOSD.a(tasks.o)
 .text.prvAddCurrentTaskToDelayedList
                0x20005378       0xb4 /home/sbgmyql/eclipse-workspace/BIT/satellite-subsystems/demo/../..//hal/freertos/lib/libFreeRTOSD.a(tasks.o)
 .text.prvAllocateTCBAndStack
                0x2000542c       0xb4 /home/sbgmyql/eclipse-workspace/BIT/satellite-subsystems/demo/../..//hal/freertos/lib/libFreeRTOSD.a(tasks.o)
 .text.prvDeleteTCB
                0x200054e0       0x30 /home/sbgmyql/eclipse-workspace/BIT/satellite-subsystems/demo/../..//hal/freertos/lib/libFreeRTOSD.a(tasks.o)
 .text.xTaskGetCurrentTaskHandle
                0x20005510       0x30 /home/sbgmyql/eclipse-workspace/BIT/satellite-subsystems/demo/../..//hal/freertos/lib/libFreeRTOSD.a(tasks.o)
                0x20005510                xTaskGetCurrentTaskHandle
 .text.xTaskGetSchedulerState
                0x20005540       0x68 /home/sbgmyql/eclipse-workspace/BIT/satellite-subsystems/demo/../..//hal/freertos/lib/libFreeRTOSD.a(tasks.o)
                0x20005540                xTaskGetSchedulerState
 .text.vTaskPriorityInherit
                0x200055a8      0x148 /home/sbgmyql/eclipse-workspace/BIT/satellite-subsystems/demo/../..//hal/freertos/lib/libFreeRTOSD.a(tasks.o)
                0x200055a8                vTaskPriorityInherit
 .text.vTaskPriorityDisinherit
                0x200056f0       0xdc /home/sbgmyql/eclipse-workspace/BIT/satellite-subsystems/demo/../..//hal/freertos/lib/libFreeRTOSD.a(tasks.o)
                0x200056f0                vTaskPriorityDisinherit
 .text.xTimerCreateTimerTask
                0x200057cc       0xb0 /home/sbgmyql/eclipse-workspace/BIT/satellite-subsystems/demo/../..//hal/freertos/lib/libFreeRTOSD.a(timers.o)
                0x200057cc                xTimerCreateTimerTask
 .text.xTimerGenericCommand
                0x2000587c       0xf0 /home/sbgmyql/eclipse-workspace/BIT/satellite-subsystems/demo/../..//hal/freertos/lib/libFreeRTOSD.a(timers.o)
                0x2000587c                xTimerGenericCommand
 .text.prvProcessExpiredTimer
                0x2000596c       0xec /home/sbgmyql/eclipse-workspace/BIT/satellite-subsystems/demo/../..//hal/freertos/lib/libFreeRTOSD.a(timers.o)
 .text.prvTimerTask
                0x20005a58       0x38 /home/sbgmyql/eclipse-workspace/BIT/satellite-subsystems/demo/../..//hal/freertos/lib/libFreeRTOSD.a(timers.o)
 .text.prvProcessTimerOrBlockTask
                0x20005a90       0xb4 /home/sbgmyql/eclipse-workspace/BIT/satellite-subsystems/demo/../..//hal/freertos/lib/libFreeRTOSD.a(timers.o)
 .text.prvGetNextExpireTime
                0x20005b44       0x80 /home/sbgmyql/eclipse-workspace/BIT/satellite-subsystems/demo/../..//hal/freertos/lib/libFreeRTOSD.a(timers.o)
 .text.prvSampleTimeNow
                0x20005bc4       0x78 /home/sbgmyql/eclipse-workspace/BIT/satellite-subsystems/demo/../..//hal/freertos/lib/libFreeRTOSD.a(timers.o)
 .text.prvInsertTimerInActiveList
                0x20005c3c       0xf4 /home/sbgmyql/eclipse-workspace/BIT/satellite-subsystems/demo/../..//hal/freertos/lib/libFreeRTOSD.a(timers.o)
 .text.prvProcessReceivedCommands
                0x20005d30      0x1d0 /home/sbgmyql/eclipse-workspace/BIT/satellite-subsystems/demo/../..//hal/freertos/lib/libFreeRTOSD.a(timers.o)
 .text.prvSwitchTimerLists
                0x20005f00      0x16c /home/sbgmyql/eclipse-workspace/BIT/satellite-subsystems/demo/../..//hal/freertos/lib/libFreeRTOSD.a(timers.o)
 .text.prvCheckForValidListAndQueue
                0x2000606c       0x7c /home/sbgmyql/eclipse-workspace/BIT/satellite-subsystems/demo/../..//hal/freertos/lib/libFreeRTOSD.a(timers.o)
 .text.vApplicationStackOverflowHook
                0x200060e8       0x5c /home/sbgmyql/eclipse-workspace/BIT/satellite-subsystems/demo/../..//hal/freertos/lib/libFreeRTOSD.a(hooks.o)
                0x200060e8                vApplicationStackOverflowHook
 .text.vApplicationIdleHook
                0x20006144       0x18 /home/sbgmyql/eclipse-workspace/BIT/satellite-subsystems/demo/../..//hal/freertos/lib/libFreeRTOSD.a(hooks.o)
                0x20006144                vApplicationIdleHook
 .text.vApplicationMallocFailedHook
                0x2000615c       0x30 /home/sbgmyql/eclipse-workspace/BIT/satellite-subsystems/demo/../..//hal/freertos/lib/libFreeRTOSD.a(hooks.o)
                0x2000615c                vApplicationMallocFailedHook
 .text.pvPortMalloc
                0x2000618c       0x28 /home/sbgmyql/eclipse-workspace/BIT/satellite-subsystems/demo/../..//hal/freertos/lib/libFreeRTOSD.a(standardMemMang.o)
                0x2000618c                pvPortMalloc
 .text.vPortFree
                0x200061b4       0x20 /home/sbgmyql/eclipse-workspace/BIT/satellite-subsystems/demo/../..//hal/freertos/lib/libFreeRTOSD.a(standardMemMang.o)
                0x200061b4                vPortFree
 .text._sbrk    0x200061d4       0xd0 /home/sbgmyql/eclipse-workspace/BIT/satellite-subsystems/demo/../..//hal/freertos/lib/libFreeRTOSD.a(standardMemMang.o)
                0x200061d4                _sbrk
 .text.__malloc_lock
                0x200062a4       0x10 /home/sbgmyql/eclipse-workspace/BIT/satellite-subsystems/demo/../..//hal/freertos/lib/libFreeRTOSD.a(standardMemMang.o)
                0x200062a4                __malloc_lock
 .text.__malloc_unlock
                0x200062b4       0x10 /home/sbgmyql/eclipse-workspace/BIT/satellite-subsystems/demo/../..//hal/freertos/lib/libFreeRTOSD.a(standardMemMang.o)
                0x200062b4                __malloc_unlock
 .text.pxPortInitialiseStack
                0x200062c4      0x218 /home/sbgmyql/eclipse-workspace/BIT/satellite-subsystems/demo/../..//hal/freertos/lib/libFreeRTOSD.a(port.o)
                0x200062c4                pxPortInitialiseStack
 .text.xPortStartScheduler
                0x200064dc       0x1c /home/sbgmyql/eclipse-workspace/BIT/satellite-subsystems/demo/../..//hal/freertos/lib/libFreeRTOSD.a(port.o)
                0x200064dc                xPortStartScheduler
 .text.prvSetupTimerInterrupt
                0x200064f8       0x54 /home/sbgmyql/eclipse-workspace/BIT/satellite-subsystems/demo/../..//hal/freertos/lib/libFreeRTOSD.a(port.o)
 .text.vPortISRStartFirstTask
                0x2000654c       0x64 /home/sbgmyql/eclipse-workspace/BIT/satellite-subsystems/demo/../..//hal/freertos/lib/libFreeRTOSD.a(port.o)
 .text.vPortEnterCritical
                0x200065b0       0x40 /home/sbgmyql/eclipse-workspace/BIT/satellite-subsystems/demo/../..//hal/freertos/lib/libFreeRTOSD.a(port.o)
                0x200065b0                vPortEnterCritical
 .text.vPortExitCritical
                0x200065f0       0x60 /home/sbgmyql/eclipse-workspace/BIT/satellite-subsystems/demo/../..//hal/freertos/lib/libFreeRTOSD.a(port.o)
                0x200065f0                vPortExitCritical
 .text._read    0x20006650       0xa4 /home/sbgmyql/eclipse-workspace/BIT/satellite-subsystems/demo/../..//hal/at91/lib/libAt91D.a(syscalls.o)
                0x20006650                _read
 .text._write   0x200066f4       0xd4 /home/sbgmyql/eclipse-workspace/BIT/satellite-subsystems/demo/../..//hal/at91/lib/libAt91D.a(syscalls.o)
                0x200066f4                _write
 .text._lseek   0x200067c8       0x2c /home/sbgmyql/eclipse-workspace/BIT/satellite-subsystems/demo/../..//hal/at91/lib/libAt91D.a(syscalls.o)
                0x200067c8                _lseek
 .text._close   0x200067f4       0x24 /home/sbgmyql/eclipse-workspace/BIT/satellite-subsystems/demo/../..//hal/at91/lib/libAt91D.a(syscalls.o)
                0x200067f4                _close
 .text._fstat   0x20006818       0x28 /home/sbgmyql/eclipse-workspace/BIT/satellite-subsystems/demo/../..//hal/at91/lib/libAt91D.a(syscalls.o)
                0x20006818                _fstat
 .text._isatty  0x20006840       0x38 /home/sbgmyql/eclipse-workspace/BIT/satellite-subsystems/demo/../..//hal/at91/lib/libAt91D.a(syscalls.o)
                0x20006840                _isatty
 .text.exit     0x20006878       0x18 /home/sbgmyql/eclipse-workspace/BIT/satellite-subsystems/demo/../..//hal/at91/lib/libAt91D.a(syscalls.o)
                0x20006878                exit
 .text._exit    0x20006890       0x28 /home/sbgmyql/eclipse-workspace/BIT/satellite-subsystems/demo/../..//hal/at91/lib/libAt91D.a(syscalls.o)
                0x20006890                _exit
 .text._kill    0x200068b8       0x1c /home/sbgmyql/eclipse-workspace/BIT/satellite-subsystems/demo/../..//hal/at91/lib/libAt91D.a(syscalls.o)
                0x200068b8                _kill
 .text._getpid  0x200068d4       0x1c /home/sbgmyql/eclipse-workspace/BIT/satellite-subsystems/demo/../..//hal/at91/lib/libAt91D.a(syscalls.o)
                0x200068d4                _getpid
 .text.AIC_ConfigureIT
                0x200068f0       0x74 /home/sbgmyql/eclipse-workspace/BIT/satellite-subsystems/demo/../..//hal/at91/lib/libAt91D.a(aic.o)
                0x200068f0                AIC_ConfigureIT
 .text.AIC_EnableIT
                0x20006964       0x34 /home/sbgmyql/eclipse-workspace/BIT/satellite-subsystems/demo/../..//hal/at91/lib/libAt91D.a(aic.o)
                0x20006964                AIC_EnableIT
 .text.AIC_DisableIT
                0x20006998       0x34 /home/sbgmyql/eclipse-workspace/BIT/satellite-subsystems/demo/../..//hal/at91/lib/libAt91D.a(aic.o)
                0x20006998                AIC_DisableIT
 .text.CP15_Enable_I_Cache
                0x200069cc       0x6c /home/sbgmyql/eclipse-workspace/BIT/satellite-subsystems/demo/../..//hal/at91/lib/libAt91D.a(cp15.o)
                0x200069cc                CP15_Enable_I_Cache
 .text.CP15_Disable_I_Cache
                0x20006a38       0x94 /home/sbgmyql/eclipse-workspace/BIT/satellite-subsystems/demo/../..//hal/at91/lib/libAt91D.a(cp15.o)
                0x20006a38                CP15_Disable_I_Cache
 .text.CP15_DisableMMU
                0x20006acc       0xa0 /home/sbgmyql/eclipse-workspace/BIT/satellite-subsystems/demo/../..//hal/at91/lib/libAt91D.a(cp15.o)
                0x20006acc                CP15_DisableMMU
 .text.CP15_Disable_D_Cache
                0x20006b6c       0x94 /home/sbgmyql/eclipse-workspace/BIT/satellite-subsystems/demo/../..//hal/at91/lib/libAt91D.a(cp15.o)
                0x20006b6c                CP15_Disable_D_Cache
 .text.CP15_Disable_AlignmentFault
                0x20006c00       0x94 /home/sbgmyql/eclipse-workspace/BIT/satellite-subsystems/demo/../..//hal/at91/lib/libAt91D.a(cp15.o)
                0x20006c00                CP15_Disable_AlignmentFault
 .text.DBGU_Configure
                0x20006c94       0x84 /home/sbgmyql/eclipse-workspace/BIT/satellite-subsystems/demo/../..//hal/at91/lib/libAt91D.a(dbgu.o)
                0x20006c94                DBGU_Configure
 .text.DBGU_PutChar
                0x20006d18       0x60 /home/sbgmyql/eclipse-workspace/BIT/satellite-subsystems/demo/../..//hal/at91/lib/libAt91D.a(dbgu.o)
                0x20006d18                DBGU_PutChar
 .text.DBGU_IsRxReady
                0x20006d78       0x28 /home/sbgmyql/eclipse-workspace/BIT/satellite-subsystems/demo/../..//hal/at91/lib/libAt91D.a(dbgu.o)
                0x20006d78                DBGU_IsRxReady
 .text.DBGU_GetChar
                0x20006da0       0x40 /home/sbgmyql/eclipse-workspace/BIT/satellite-subsystems/demo/../..//hal/at91/lib/libAt91D.a(dbgu.o)
                0x20006da0                DBGU_GetChar
 .text.PioInterruptHandler
                0x20006de0      0x11c /home/sbgmyql/eclipse-workspace/BIT/satellite-subsystems/demo/../..//hal/at91/lib/libAt91D.a(pio_it.o)
 .text.InterruptHandler
                0x20006efc       0x3c /home/sbgmyql/eclipse-workspace/BIT/satellite-subsystems/demo/../..//hal/at91/lib/libAt91D.a(pio_it.o)
 .text.PIO_InitializeInterrupts
                0x20006f38       0xf8 /home/sbgmyql/eclipse-workspace/BIT/satellite-subsystems/demo/../..//hal/at91/lib/libAt91D.a(pio_it.o)
                0x20006f38                PIO_InitializeInterrupts
 .text.PIO_SetPeripheralA
                0x20007030       0x74 /home/sbgmyql/eclipse-workspace/BIT/satellite-subsystems/demo/../..//hal/at91/lib/libAt91D.a(pio.o)
 .text.PIO_SetPeripheralB
                0x200070a4       0x74 /home/sbgmyql/eclipse-workspace/BIT/satellite-subsystems/demo/../..//hal/at91/lib/libAt91D.a(pio.o)
 .text.PIO_SetInput
                0x20007118       0x9c /home/sbgmyql/eclipse-workspace/BIT/satellite-subsystems/demo/../..//hal/at91/lib/libAt91D.a(pio.o)
 .text.PIO_SetOutput
                0x200071b4       0xc4 /home/sbgmyql/eclipse-workspace/BIT/satellite-subsystems/demo/../..//hal/at91/lib/libAt91D.a(pio.o)
 .text.PIO_Configure
                0x20007278      0x1ec /home/sbgmyql/eclipse-workspace/BIT/satellite-subsystems/demo/../..//hal/at91/lib/libAt91D.a(pio.o)
                0x20007278                PIO_Configure
 .text.PIO_Set  0x20007464       0x3c /home/sbgmyql/eclipse-workspace/BIT/satellite-subsystems/demo/../..//hal/at91/lib/libAt91D.a(pio.o)
                0x20007464                PIO_Set
 .text.PIO_Clear
                0x200074a0       0x3c /home/sbgmyql/eclipse-workspace/BIT/satellite-subsystems/demo/../..//hal/at91/lib/libAt91D.a(pio.o)
                0x200074a0                PIO_Clear
 .text.PIT_Init
                0x200074dc       0x68 /home/sbgmyql/eclipse-workspace/BIT/satellite-subsystems/demo/../..//hal/at91/lib/libAt91D.a(pit.o)
                0x200074dc                PIT_Init
 .text.PIT_Enable
                0x20007544       0x2c /home/sbgmyql/eclipse-workspace/BIT/satellite-subsystems/demo/../..//hal/at91/lib/libAt91D.a(pit.o)
                0x20007544                PIT_Enable
 .text.PIT_EnableIT
                0x20007570       0x2c /home/sbgmyql/eclipse-workspace/BIT/satellite-subsystems/demo/../..//hal/at91/lib/libAt91D.a(pit.o)
                0x20007570                PIT_EnableIT
 .text.PMC_EnablePeripheral
                0x2000759c       0xc4 /home/sbgmyql/eclipse-workspace/BIT/satellite-subsystems/demo/../..//hal/at91/lib/libAt91D.a(pmc.o)
                0x2000759c                PMC_EnablePeripheral
 .text.PMC_DisablePeripheral
                0x20007660       0xc4 /home/sbgmyql/eclipse-workspace/BIT/satellite-subsystems/demo/../..//hal/at91/lib/libAt91D.a(pmc.o)
                0x20007660                PMC_DisablePeripheral
 .text.TWI_ConfigureMaster
                0x20007724      0x2c0 /home/sbgmyql/eclipse-workspace/BIT/satellite-subsystems/demo/../..//hal/at91/lib/libAt91D.a(twi_at91.o)
                0x20007724                TWI_ConfigureMaster
 .text.TWI_GetMaskedStatus
                0x200079e4       0x78 /home/sbgmyql/eclipse-workspace/BIT/satellite-subsystems/demo/../..//hal/at91/lib/libAt91D.a(twi_at91.o)
                0x200079e4                TWI_GetMaskedStatus
 .text.disableCaches
                0x20007a5c       0x18 /home/sbgmyql/eclipse-workspace/BIT/satellite-subsystems/demo/../..//hal/at91/lib/libAt91D.a(ExitHandler.o)
 .text.restart  0x20007a74       0x28 /home/sbgmyql/eclipse-workspace/BIT/satellite-subsystems/demo/../..//hal/at91/lib/libAt91D.a(ExitHandler.o)
                0x20007a74                restart
 .text.print_hex
                0x20007a9c       0xa0 /home/sbgmyql/eclipse-workspace/BIT/satellite-subsystems/demo/../..//hal/at91/lib/libAt91D.a(ExitHandler.o)
 .text.print_stack_trace
                0x20007b3c      0x1b4 /home/sbgmyql/eclipse-workspace/BIT/satellite-subsystems/demo/../..//hal/at91/lib/libAt91D.a(ExitHandler.o)
 .text.handleAbort
                0x20007cf0      0x890 /home/sbgmyql/eclipse-workspace/BIT/satellite-subsystems/demo/../..//hal/at91/lib/libAt91D.a(ExitHandler.o)
                0x20007cf0                handleAbort
 .text.defaultSpuriousHandler
                0x20008580       0x38 /home/sbgmyql/eclipse-workspace/BIT/satellite-subsystems/demo/../..//hal/at91/lib/libAt91D.a(board_lowlevel.o)
                0x20008580                defaultSpuriousHandler
 .text.defaultFiqHandler
                0x200085b8       0x38 /home/sbgmyql/eclipse-workspace/BIT/satellite-subsystems/demo/../..//hal/at91/lib/libAt91D.a(board_lowlevel.o)
                0x200085b8                defaultFiqHandler
 .text.defaultIrqHandler
                0x200085f0       0x38 /home/sbgmyql/eclipse-workspace/BIT/satellite-subsystems/demo/../..//hal/at91/lib/libAt91D.a(board_lowlevel.o)
                0x200085f0                defaultIrqHandler
 .text.LowLevelInit
                0x20008628       0xf4 /home/sbgmyql/eclipse-workspace/BIT/satellite-subsystems/demo/../..//hal/at91/lib/libAt91D.a(board_lowlevel.o)
                0x20008628                LowLevelInit
 .text.BOARD_RemapRam
                0x2000871c       0x24 /home/sbgmyql/eclipse-workspace/BIT/satellite-subsystems/demo/../..//hal/at91/lib/libAt91D.a(board_memories.o)
                0x2000871c                BOARD_RemapRam
 .text.malloc   0x20008740       0x20 /usr/lib/gcc/arm-none-eabi/14.2.0/../../../../arm-none-eabi/lib/libg.a(libc_a-malloc.o)
                0x20008740                malloc
 .text.free     0x20008760       0x20 /usr/lib/gcc/arm-none-eabi/14.2.0/../../../../arm-none-eabi/lib/libg.a(libc_a-malloc.o)
                0x20008760                free
 .text._malloc_r
                0x20008780      0x7d4 /usr/lib/gcc/arm-none-eabi/14.2.0/../../../../arm-none-eabi/lib/libg.a(libc_a-mallocr.o)
                0x20008780                _malloc_r
 .text.__sflush_r
                0x20008f54      0x20c /usr/lib/gcc/arm-none-eabi/14.2.0/../../../../arm-none-eabi/lib/libg.a(libc_a-fflush.o)
                0x20008f54                __sflush_r
 .text._fflush_r
                0x20009160       0x9c /usr/lib/gcc/arm-none-eabi/14.2.0/../../../../arm-none-eabi/lib/libg.a(libc_a-fflush.o)
                0x20009160                _fflush_r
 .text.fflush   0x200091fc       0xd4 /usr/lib/gcc/arm-none-eabi/14.2.0/../../../../arm-none-eabi/lib/libg.a(libc_a-fflush.o)
                0x200091fc                fflush
 .text.stdio_exit_handler
                0x200092d0       0x28 /usr/lib/gcc/arm-none-eabi/14.2.0/../../../../arm-none-eabi/lib/libg.a(libc_a-findfp.o)
 .text.cleanup_stdio
                0x200092f8       0x54 /usr/lib/gcc/arm-none-eabi/14.2.0/../../../../arm-none-eabi/lib/libg.a(libc_a-findfp.o)
 .text.global_stdio_init.part.0
                0x2000934c      0x14c /usr/lib/gcc/arm-none-eabi/14.2.0/../../../../arm-none-eabi/lib/libg.a(libc_a-findfp.o)
 .text.__sinit  0x20009498       0x64 /usr/lib/gcc/arm-none-eabi/14.2.0/../../../../arm-none-eabi/lib/libg.a(libc_a-findfp.o)
                0x20009498                __sinit
 .text.__sfp_lock_acquire
                0x200094fc       0x18 /usr/lib/gcc/arm-none-eabi/14.2.0/../../../../arm-none-eabi/lib/libg.a(libc_a-findfp.o)
                0x200094fc                __sfp_lock_acquire
 .text.__sfp_lock_release
                0x20009514       0x18 /usr/lib/gcc/arm-none-eabi/14.2.0/../../../../arm-none-eabi/lib/libg.a(libc_a-findfp.o)
                0x20009514                __sfp_lock_release
 .text._fwalk_sglue
                0x2000952c       0x78 /usr/lib/gcc/arm-none-eabi/14.2.0/../../../../arm-none-eabi/lib/libg.a(libc_a-fwalk.o)
                0x2000952c                _fwalk_sglue
 .text.printf   0x200095a4       0x3c /usr/lib/gcc/arm-none-eabi/14.2.0/../../../../arm-none-eabi/lib/libg.a(libc_a-printf.o)
                0x200095a4                printf
 .text._puts_r  0x200095e0      0x140 /usr/lib/gcc/arm-none-eabi/14.2.0/../../../../arm-none-eabi/lib/libg.a(libc_a-puts.o)
                0x200095e0                _puts_r
 .text.puts     0x20009720       0x14 /usr/lib/gcc/arm-none-eabi/14.2.0/../../../../arm-none-eabi/lib/libg.a(libc_a-puts.o)
                0x20009720                puts
 .text.sprintf  0x20009734       0x70 /usr/lib/gcc/arm-none-eabi/14.2.0/../../../../arm-none-eabi/lib/libg.a(libc_a-sprintf.o)
                0x20009734                sprintf
 .text.__sread  0x200097a4       0x34 /usr/lib/gcc/arm-none-eabi/14.2.0/../../../../arm-none-eabi/lib/libg.a(libc_a-stdio.o)
                0x200097a4                __sread
 .text.__swrite
                0x200097d8       0x5c /usr/lib/gcc/arm-none-eabi/14.2.0/../../../../arm-none-eabi/lib/libg.a(libc_a-stdio.o)
                0x200097d8                __swrite
 .text.__sseek  0x20009834       0x30 /usr/lib/gcc/arm-none-eabi/14.2.0/../../../../arm-none-eabi/lib/libg.a(libc_a-stdio.o)
                0x20009834                __sseek
 .text.__sclose
                0x20009864       0x14 /usr/lib/gcc/arm-none-eabi/14.2.0/../../../../arm-none-eabi/lib/libg.a(libc_a-stdio.o)
                0x20009864                __sclose
 .text.memset   0x20009878      0x100 /usr/lib/gcc/arm-none-eabi/14.2.0/../../../../arm-none-eabi/lib/libg.a(libc_a-memset.o)
                0x20009878                memset
 .text._close_r
                0x20009978       0x3c /usr/lib/gcc/arm-none-eabi/14.2.0/../../../../arm-none-eabi/lib/libg.a(libc_a-closer.o)
                0x20009978                _close_r
 .text._lseek_r
                0x200099b4       0x48 /usr/lib/gcc/arm-none-eabi/14.2.0/../../../../arm-none-eabi/lib/libg.a(libc_a-lseekr.o)
                0x200099b4                _lseek_r
 .text._read_r  0x200099fc       0x48 /usr/lib/gcc/arm-none-eabi/14.2.0/../../../../arm-none-eabi/lib/libg.a(libc_a-readr.o)
                0x200099fc                _read_r
 .text._sbrk_r  0x20009a44       0x44 /usr/lib/gcc/arm-none-eabi/14.2.0/../../../../arm-none-eabi/lib/libg.a(libc_a-sbrkr.o)
                0x20009a44                _sbrk_r
 .text._write_r
                0x20009a88       0x48 /usr/lib/gcc/arm-none-eabi/14.2.0/../../../../arm-none-eabi/lib/libg.a(libc_a-writer.o)
                0x20009a88                _write_r
 .text.__errno  0x20009ad0       0x10 /usr/lib/gcc/arm-none-eabi/14.2.0/../../../../arm-none-eabi/lib/libg.a(libc_a-errno.o)
                0x20009ad0                __errno
 .text.__retarget_lock_init_recursive
                0x20009ae0        0x4 /usr/lib/gcc/arm-none-eabi/14.2.0/../../../../arm-none-eabi/lib/libg.a(libc_a-lock.o)
                0x20009ae0                __retarget_lock_init_recursive
 .text.__retarget_lock_close_recursive
                0x20009ae4        0x4 /usr/lib/gcc/arm-none-eabi/14.2.0/../../../../arm-none-eabi/lib/libg.a(libc_a-lock.o)
                0x20009ae4                __retarget_lock_close_recursive
 .text.__retarget_lock_acquire_recursive
                0x20009ae8        0x4 /usr/lib/gcc/arm-none-eabi/14.2.0/../../../../arm-none-eabi/lib/libg.a(libc_a-lock.o)
                0x20009ae8                __retarget_lock_acquire_recursive
 .text.__retarget_lock_release_recursive
                0x20009aec        0x4 /usr/lib/gcc/arm-none-eabi/14.2.0/../../../../arm-none-eabi/lib/libg.a(libc_a-lock.o)
                0x20009aec                __retarget_lock_release_recursive
 .text.write    0x20009af0       0x30 /usr/lib/gcc/arm-none-eabi/14.2.0/../../../../arm-none-eabi/lib/libg.a(libc_a-syswrite.o)
                0x20009af0                write
 .text.sysconf  0x20009b20       0x30 /usr/lib/gcc/arm-none-eabi/14.2.0/../../../../arm-none-eabi/lib/libg.a(libc_a-sysconf.o)
                0x20009b20                sysconf
 .text.memcpy   0x20009b50      0x130 /usr/lib/gcc/arm-none-eabi/14.2.0/../../../../arm-none-eabi/lib/libg.a(libc_a-memcpy-stub.o)
                0x20009b50                memcpy
 .text.strlen   0x20009c80       0x60 /usr/lib/gcc/arm-none-eabi/14.2.0/../../../../arm-none-eabi/lib/libg.a(libc_a-strlen-stub.o)
                0x20009c80                strlen
 .text._malloc_trim_r
                0x20009ce0      0x114 /usr/lib/gcc/arm-none-eabi/14.2.0/../../../../arm-none-eabi/lib/libg.a(libc_a-freer.o)
                0x20009ce0                _malloc_trim_r
 .text._free_r  0x20009df4      0x2e8 /usr/lib/gcc/arm-none-eabi/14.2.0/../../../../arm-none-eabi/lib/libg.a(libc_a-freer.o)
                0x20009df4                _free_r
 .text.__ascii_mbtowc
                0x2000a0dc       0x44 /usr/lib/gcc/arm-none-eabi/14.2.0/../../../../arm-none-eabi/lib/libg.a(libc_a-mbtowc_r.o)
                0x2000a0dc                __ascii_mbtowc
 .text._Balloc  0x2000a120       0x8c /usr/lib/gcc/arm-none-eabi/14.2.0/../../../../arm-none-eabi/lib/libg.a(libc_a-mprec.o)
                0x2000a120                _Balloc
 .text._Bfree   0x2000a1ac       0x1c /usr/lib/gcc/arm-none-eabi/14.2.0/../../../../arm-none-eabi/lib/libg.a(libc_a-mprec.o)
                0x2000a1ac                _Bfree
 .text.__multadd
                0x2000a1c8      0x100 /usr/lib/gcc/arm-none-eabi/14.2.0/../../../../arm-none-eabi/lib/libg.a(libc_a-mprec.o)
                0x2000a1c8                __multadd
 .text.__hi0bits
                0x2000a2c8       0x80 /usr/lib/gcc/arm-none-eabi/14.2.0/../../../../arm-none-eabi/lib/libg.a(libc_a-mprec.o)
                0x2000a2c8                __hi0bits
 .text.__lo0bits
                0x2000a348       0xf8 /usr/lib/gcc/arm-none-eabi/14.2.0/../../../../arm-none-eabi/lib/libg.a(libc_a-mprec.o)
                0x2000a348                __lo0bits
 .text.__i2b    0x2000a440       0xac /usr/lib/gcc/arm-none-eabi/14.2.0/../../../../arm-none-eabi/lib/libg.a(libc_a-mprec.o)
                0x2000a440                __i2b
 .text.__multiply
                0x2000a4ec      0x228 /usr/lib/gcc/arm-none-eabi/14.2.0/../../../../arm-none-eabi/lib/libg.a(libc_a-mprec.o)
                0x2000a4ec                __multiply
 .text.__pow5mult
                0x2000a714      0x134 /usr/lib/gcc/arm-none-eabi/14.2.0/../../../../arm-none-eabi/lib/libg.a(libc_a-mprec.o)
                0x2000a714                __pow5mult
 .text.__lshift
                0x2000a848      0x13c /usr/lib/gcc/arm-none-eabi/14.2.0/../../../../arm-none-eabi/lib/libg.a(libc_a-mprec.o)
                0x2000a848                __lshift
 .text.__mcmp   0x2000a984       0x54 /usr/lib/gcc/arm-none-eabi/14.2.0/../../../../arm-none-eabi/lib/libg.a(libc_a-mprec.o)
                0x2000a984                __mcmp
 .text.__mdiff  0x2000a9d8      0x204 /usr/lib/gcc/arm-none-eabi/14.2.0/../../../../arm-none-eabi/lib/libg.a(libc_a-mprec.o)
                0x2000a9d8                __mdiff
 .text.__d2b    0x2000abdc      0x124 /usr/lib/gcc/arm-none-eabi/14.2.0/../../../../arm-none-eabi/lib/libg.a(libc_a-mprec.o)
                0x2000abdc                __d2b
 .text.__ascii_wctomb
                0x2000ad00       0x30 /usr/lib/gcc/arm-none-eabi/14.2.0/../../../../arm-none-eabi/lib/libg.a(libc_a-wctomb_r.o)
                0x2000ad00                __ascii_wctomb
 .text._svfprintf_r
                0x2000ad30     0x2dec /usr/lib/gcc/arm-none-eabi/14.2.0/../../../../arm-none-eabi/lib/libg.a(libc_a-svfprintf.o)
                0x2000ad30                _svfprintf_r
 .text._vfprintf_r
                0x2000db1c     0x2f54 /usr/lib/gcc/arm-none-eabi/14.2.0/../../../../arm-none-eabi/lib/libg.a(libc_a-vfprintf.o)
                0x2000db1c                _vfprintf_r
 .text.__sbprintf
                0x20010a70       0xd4 /usr/lib/gcc/arm-none-eabi/14.2.0/../../../../arm-none-eabi/lib/libg.a(libc_a-vfprintf.o)
 .text.__sprint_r
                0x20010b44       0x34 /usr/lib/gcc/arm-none-eabi/14.2.0/../../../../arm-none-eabi/lib/libg.a(libc_a-sprint_r.o)
                0x20010b44                __sprint_r
 .text.__ssprint_r
                0x20010b78       0xa8 /usr/lib/gcc/arm-none-eabi/14.2.0/../../../../arm-none-eabi/lib/libg.a(libc_a-ssprint_r.o)
                0x20010b78                __ssprint_r
 .text._fclose_r
                0x20010c20      0x154 /usr/lib/gcc/arm-none-eabi/14.2.0/../../../../arm-none-eabi/lib/libg.a(libc_a-fclose.o)
                0x20010c20                _fclose_r
 .text.__sfvwrite_r
                0x20010d74      0x490 /usr/lib/gcc/arm-none-eabi/14.2.0/../../../../arm-none-eabi/lib/libg.a(libc_a-fvwrite.o)
                0x20010d74                __sfvwrite_r
 .text.__swsetup_r
                0x20011204      0x1a0 /usr/lib/gcc/arm-none-eabi/14.2.0/../../../../arm-none-eabi/lib/libg.a(libc_a-wsetup.o)
                0x20011204                __swsetup_r
 .text.memmove  0x200113a4      0x164 /usr/lib/gcc/arm-none-eabi/14.2.0/../../../../arm-none-eabi/lib/libg.a(libc_a-memmove.o)
                0x200113a4                memmove
 .text.strncpy  0x20011508       0xd0 /usr/lib/gcc/arm-none-eabi/14.2.0/../../../../arm-none-eabi/lib/libg.a(libc_a-strncpy.o)
                0x20011508                strncpy
 .text._localeconv_r
                0x200115d8        0xc /usr/lib/gcc/arm-none-eabi/14.2.0/../../../../arm-none-eabi/lib/libg.a(libc_a-localeconv.o)
                0x200115d8                _localeconv_r
 .text.memchr   0x200115e4       0xe4 /usr/lib/gcc/arm-none-eabi/14.2.0/../../../../arm-none-eabi/lib/libg.a(libc_a-memchr-stub.o)
                0x200115e4                memchr
 .text.frexp    0x200116c8       0xa4 /usr/lib/gcc/arm-none-eabi/14.2.0/../../../../arm-none-eabi/lib/libg.a(libm_a-s_frexp.o)
                0x200116c8                frexp
 .text.__assert_func
                0x2001176c       0x58 /usr/lib/gcc/arm-none-eabi/14.2.0/../../../../arm-none-eabi/lib/libg.a(libc_a-assert.o)
                0x2001176c                __assert_func
 .text._calloc_r
                0x200117c4       0xd0 /usr/lib/gcc/arm-none-eabi/14.2.0/../../../../arm-none-eabi/lib/libg.a(libc_a-callocr.o)
                0x200117c4                _calloc_r
 .text.quorem   0x20011894      0x1d8 /usr/lib/gcc/arm-none-eabi/14.2.0/../../../../arm-none-eabi/lib/libg.a(libc_a-dtoa.o)
 *fill*         0x20011a6c        0x4 
 .text._dtoa_r  0x20011a70     0x1828 /usr/lib/gcc/arm-none-eabi/14.2.0/../../../../arm-none-eabi/lib/libg.a(libc_a-dtoa.o)
                0x20011a70                _dtoa_r
 .text._realloc_r
                0x20013298      0x4c0 /usr/lib/gcc/arm-none-eabi/14.2.0/../../../../arm-none-eabi/lib/libg.a(libc_a-reallocr.o)
                0x20013298                _realloc_r
 .text.fiprintf
                0x20013758       0x3c /usr/lib/gcc/arm-none-eabi/14.2.0/../../../../arm-none-eabi/lib/libg.a(libc_a-fiprintf.o)
                0x20013758                fiprintf
 .text._vfiprintf_r
                0x20013794     0x1494 /usr/lib/gcc/arm-none-eabi/14.2.0/../../../../arm-none-eabi/lib/libg.a(libc_a-vfiprintf.o)
                0x20013794                _vfiprintf_r
 .text.__sbprintf
                0x20014c28       0xd4 /usr/lib/gcc/arm-none-eabi/14.2.0/../../../../arm-none-eabi/lib/libg.a(libc_a-vfiprintf.o)
 .text.__ssputs_r
                0x20014cfc      0x12c /usr/lib/gcc/arm-none-eabi/14.2.0/../../../../arm-none-eabi/lib/libg.a(libc_a-ssputs_r.o)
                0x20014cfc                __ssputs_r
 .text.__smakebuf_r
                0x20014e28      0x144 /usr/lib/gcc/arm-none-eabi/14.2.0/../../../../arm-none-eabi/lib/libg.a(libc_a-makebuf.o)
                0x20014e28                __smakebuf_r
 .text._fstat_r
                0x20014f6c       0x40 /usr/lib/gcc/arm-none-eabi/14.2.0/../../../../arm-none-eabi/lib/libg.a(libc_a-fstatr.o)
                0x20014f6c                _fstat_r
 .text._isatty_r
                0x20014fac       0x3c /usr/lib/gcc/arm-none-eabi/14.2.0/../../../../arm-none-eabi/lib/libg.a(libc_a-isattyr.o)
                0x20014fac                _isatty_r
 .text.abort    0x20014fe8       0x14 /usr/lib/gcc/arm-none-eabi/14.2.0/../../../../arm-none-eabi/lib/libg.a(libc_a-abort.o)
                0x20014fe8                abort
 .text.raise    0x20014ffc       0x98 /usr/lib/gcc/arm-none-eabi/14.2.0/../../../../arm-none-eabi/lib/libg.a(libc_a-signal.o)
                0x20014ffc                raise
 .text._kill_r  0x20015094       0x40 /usr/lib/gcc/arm-none-eabi/14.2.0/../../../../arm-none-eabi/lib/libg.a(libc_a-signalr.o)
                0x20015094                _kill_r
 .text._getpid_r
                0x200150d4       0x10 /usr/lib/gcc/arm-none-eabi/14.2.0/../../../../arm-none-eabi/lib/libg.a(libc_a-signalr.o)
                0x200150d4                _getpid_r
 *fill*         0x200150e4        0x4 
 .text._getpid_r.__stub
                0x200150e8       0x10 linker stubs
 *(.rodata)
 .rodata        0x200150f8      0x39b ./src/Bit/EPS.o
 *fill*         0x20015493        0x1 
 .rodata        0x20015494       0x2e ./src/Bit/OBC.o
 *fill*         0x200154c2        0x2 
 .rodata        0x200154c4       0x47 ./src/Bit/PayloadAndAnts.o
 *fill*         0x2001550b        0x1 
 .rodata        0x2001550c       0x34 ./src/Bit/TRXVU.o
 .rodata        0x20015540      0x299 ./src/main.o
 *fill*         0x200157d9        0x3 
 .rodata        0x200157dc       0x28 /home/sbgmyql/eclipse-workspace/BIT/satellite-subsystems/demo/..//satellite-subsystems/lib/libSatelliteSubsystemsD.a(isismepsv2_ivid7_piu.o)
 .rodata        0x20015804       0x24 /home/sbgmyql/eclipse-workspace/BIT/satellite-subsystems/demo/..//satellite-subsystems/lib/libSatelliteSubsystemsD.a(version.o)
                0x20015804                SatelliteSubsystemsCompileDate
                0x20015810                SatelliteSubsystemsCompileTime
                0x2001581c                SatelliteSubsystemsVersionMajor
                0x20015820                SatelliteSubsystemsVersionMinor
                0x20015824                SatelliteSubsystemsVersionRevision
 .rodata        0x20015828       0x30 /home/sbgmyql/eclipse-workspace/BIT/satellite-subsystems/demo/../..//hal/hal/lib/libHALD.a(LED.o)
 .rodata        0x20015858      0x12c /home/sbgmyql/eclipse-workspace/BIT/satellite-subsystems/demo/../..//hal/hal/lib/libHALD.a(I2C.o)
 .rodata        0x20015984        0xc /home/sbgmyql/eclipse-workspace/BIT/satellite-subsystems/demo/../..//hal/hal/lib/libHALD.a(WatchDogTimerNoOS.o)
 .rodata        0x20015990       0x14 /home/sbgmyql/eclipse-workspace/BIT/satellite-subsystems/demo/../..//hal/hal/lib/libHALD.a(WatchDogTimerOS.o)
 .rodata        0x200159a4       0xcc /home/sbgmyql/eclipse-workspace/BIT/satellite-subsystems/demo/../..//hal/hal/lib/libHALD.a(util.o)
 .rodata        0x20015a70       0x2c /home/sbgmyql/eclipse-workspace/BIT/satellite-subsystems/demo/../..//hal/hal/lib/libHALD.a(version.o)
                0x20015a70                HalCompileDate
                0x20015a7c                HalCompileTime
                0x20015a88                HalVersionMajor
                0x20015a8c                HalVersionMinor
                0x20015a90                HalVersionRevision
                0x20015a94                HalOBCHardwareRevision
 .rodata        0x20015a9c       0x40 /home/sbgmyql/eclipse-workspace/BIT/satellite-subsystems/demo/../..//hal/freertos/lib/libFreeRTOSD.a(queue.o)
 .rodata        0x20015adc       0x4c /home/sbgmyql/eclipse-workspace/BIT/satellite-subsystems/demo/../..//hal/freertos/lib/libFreeRTOSD.a(tasks.o)
 .rodata        0x20015b28       0x48 /home/sbgmyql/eclipse-workspace/BIT/satellite-subsystems/demo/../..//hal/freertos/lib/libFreeRTOSD.a(timers.o)
 .rodata        0x20015b70       0x90 /home/sbgmyql/eclipse-workspace/BIT/satellite-subsystems/demo/../..//hal/freertos/lib/libFreeRTOSD.a(hooks.o)
 .rodata        0x20015c00       0x1c /home/sbgmyql/eclipse-workspace/BIT/satellite-subsystems/demo/../..//hal/at91/lib/libAt91D.a(syscalls.o)
 .rodata        0x20015c1c      0x320 /home/sbgmyql/eclipse-workspace/BIT/satellite-subsystems/demo/../..//hal/at91/lib/libAt91D.a(cp15.o)
 .rodata        0x20015f3c      0x1a0 /home/sbgmyql/eclipse-workspace/BIT/satellite-subsystems/demo/../..//hal/at91/lib/libAt91D.a(pmc.o)
 .rodata        0x200160dc       0xd0 /home/sbgmyql/eclipse-workspace/BIT/satellite-subsystems/demo/../..//hal/at91/lib/libAt91D.a(twi_at91.o)
 .rodata        0x200161ac      0x504 /home/sbgmyql/eclipse-workspace/BIT/satellite-subsystems/demo/../..//hal/at91/lib/libAt91D.a(ExitHandler.o)
 .rodata        0x200166b0      0x100 /home/sbgmyql/eclipse-workspace/BIT/satellite-subsystems/demo/../..//hal/at91/lib/libAt91D.a(board_lowlevel.o)
 *(.rodata*)
 .rodata._ctype_
                0x200167b0      0x101 /usr/lib/gcc/arm-none-eabi/14.2.0/../../../../arm-none-eabi/lib/libg.a(libc_a-ctype_.o)
                0x200167b0                _ctype_
 *fill*         0x200168b1        0x3 
 .rodata._puts_r.str1.4
                0x200168b4      0x131 /usr/lib/gcc/arm-none-eabi/14.2.0/../../../../arm-none-eabi/lib/libg.a(libc_a-puts.o)
                                  0x2 (size before relaxing)
 .rodata._setlocale_r.str1.4
                0x200169e5        0xd /usr/lib/gcc/arm-none-eabi/14.2.0/../../../../arm-none-eabi/lib/libg.a(libc_a-locale.o)
 .rodata.str1.4
                0x200169e5        0x2 /usr/lib/gcc/arm-none-eabi/14.2.0/../../../../arm-none-eabi/lib/libg.a(libc_a-locale.o)
 .rodata.__multadd.str1.4
                0x200169e5       0x4e /usr/lib/gcc/arm-none-eabi/14.2.0/../../../../arm-none-eabi/lib/libg.a(libc_a-mprec.o)
 *fill*         0x200169e5        0x3 
 .rodata.p05.0  0x200169e8        0xc /usr/lib/gcc/arm-none-eabi/14.2.0/../../../../arm-none-eabi/lib/libg.a(libc_a-mprec.o)
 *fill*         0x200169f4        0x4 
 .rodata.__mprec_bigtens
                0x200169f8       0x28 /usr/lib/gcc/arm-none-eabi/14.2.0/../../../../arm-none-eabi/lib/libg.a(libc_a-mprec.o)
                0x200169f8                __mprec_bigtens
 .rodata.__mprec_tens
                0x20016a20       0xc8 /usr/lib/gcc/arm-none-eabi/14.2.0/../../../../arm-none-eabi/lib/libg.a(libc_a-mprec.o)
                0x20016a20                __mprec_tens
 .rodata._svfprintf_r.str1.4
                0x20016ae8       0x42 /usr/lib/gcc/arm-none-eabi/14.2.0/../../../../arm-none-eabi/lib/libg.a(libc_a-svfprintf.o)
 .rodata._svfprintf_r
                0x20016ae8       0xb6 /usr/lib/gcc/arm-none-eabi/14.2.0/../../../../arm-none-eabi/lib/libg.a(libc_a-svfprintf.o)
 *fill*         0x20016b9e        0x2 
 .rodata.zeroes.0
                0x20016ba0       0x10 /usr/lib/gcc/arm-none-eabi/14.2.0/../../../../arm-none-eabi/lib/libg.a(libc_a-svfprintf.o)
 .rodata.blanks.1
                0x20016bb0       0x10 /usr/lib/gcc/arm-none-eabi/14.2.0/../../../../arm-none-eabi/lib/libg.a(libc_a-svfprintf.o)
 .rodata._vfprintf_r.str1.4
                0x20016bc0       0x42 /usr/lib/gcc/arm-none-eabi/14.2.0/../../../../arm-none-eabi/lib/libg.a(libc_a-vfprintf.o)
 .rodata._vfprintf_r
                0x20016bc0       0xb6 /usr/lib/gcc/arm-none-eabi/14.2.0/../../../../arm-none-eabi/lib/libg.a(libc_a-vfprintf.o)
 *fill*         0x20016c76        0x2 
 .rodata.zeroes.0
                0x20016c78       0x10 /usr/lib/gcc/arm-none-eabi/14.2.0/../../../../arm-none-eabi/lib/libg.a(libc_a-vfprintf.o)
 .rodata.blanks.1
                0x20016c88       0x10 /usr/lib/gcc/arm-none-eabi/14.2.0/../../../../arm-none-eabi/lib/libg.a(libc_a-vfprintf.o)
 .rodata.__assert_func.str1.4
                0x20016c98       0x43 /usr/lib/gcc/arm-none-eabi/14.2.0/../../../../arm-none-eabi/lib/libg.a(libc_a-assert.o)
 .rodata._dtoa_r.str1.4
                0x20016c98       0x61 /usr/lib/gcc/arm-none-eabi/14.2.0/../../../../arm-none-eabi/lib/libg.a(libc_a-dtoa.o)
 .rodata._dtoa_r
                0x20016c98        0x8 /usr/lib/gcc/arm-none-eabi/14.2.0/../../../../arm-none-eabi/lib/libg.a(libc_a-dtoa.o)
 .rodata._vfiprintf_r.str1.4
                0x20016ca0       0x2f /usr/lib/gcc/arm-none-eabi/14.2.0/../../../../arm-none-eabi/lib/libg.a(libc_a-vfiprintf.o)
 .rodata._vfiprintf_r
                0x20016ca0       0xb6 /usr/lib/gcc/arm-none-eabi/14.2.0/../../../../arm-none-eabi/lib/libg.a(libc_a-vfiprintf.o)
 *fill*         0x20016d56        0x2 
 .rodata.zeroes.0
                0x20016d58       0x10 /usr/lib/gcc/arm-none-eabi/14.2.0/../../../../arm-none-eabi/lib/libg.a(libc_a-vfiprintf.o)
 .rodata.blanks.1
                0x20016d68       0x10 /usr/lib/gcc/arm-none-eabi/14.2.0/../../../../arm-none-eabi/lib/libg.a(libc_a-vfiprintf.o)
 *(.rodata.*)
 *(.glue_7)
 .glue_7        0x20016d78        0x0 linker stubs
 *(.glue_7t)
 .glue_7t       0x20016d78        0x0 linker stubs
 *(.vfp11_veneer)
 .vfp11_veneer  0x20016d78        0x0 linker stubs
 *(.v4_bx)
 .v4_bx         0x20016d78        0x0 linker stubs
 *(.data)
 .data          0x20016d78        0x8 /home/sbgmyql/eclipse-workspace/BIT/satellite-subsystems/demo/../..//hal/hal/lib/libHALD.a(I2C.o)
 .data          0x20016d80        0x4 /home/sbgmyql/eclipse-workspace/BIT/satellite-subsystems/demo/../..//hal/freertos/lib/libFreeRTOSD.a(tasks.o)
 .data          0x20016d84        0x4 /home/sbgmyql/eclipse-workspace/BIT/satellite-subsystems/demo/../..//hal/freertos/lib/libFreeRTOSD.a(port.o)
                0x20016d84                ulCriticalNesting
 *(.data.*)
 .data.__malloc_sbrk_base
                0x20016d88        0x4 /usr/lib/gcc/arm-none-eabi/14.2.0/../../../../arm-none-eabi/lib/libg.a(libc_a-mallocr.o)
                0x20016d88                __malloc_sbrk_base
 .data.__malloc_trim_threshold
                0x20016d8c        0x4 /usr/lib/gcc/arm-none-eabi/14.2.0/../../../../arm-none-eabi/lib/libg.a(libc_a-mallocr.o)
                0x20016d8c                __malloc_trim_threshold
 .data.__malloc_av_
                0x20016d90      0x408 /usr/lib/gcc/arm-none-eabi/14.2.0/../../../../arm-none-eabi/lib/libg.a(libc_a-mallocr.o)
                0x20016d90                __malloc_av_
 .data.__sglue  0x20017198        0xc /usr/lib/gcc/arm-none-eabi/14.2.0/../../../../arm-none-eabi/lib/libg.a(libc_a-findfp.o)
                0x20017198                __sglue
 .data.__global_locale
                0x200171a4      0x16c /usr/lib/gcc/arm-none-eabi/14.2.0/../../../../arm-none-eabi/lib/libg.a(libc_a-locale.o)
                0x200171a4                __global_locale
 .data._impure_ptr
                0x20017310        0x4 /usr/lib/gcc/arm-none-eabi/14.2.0/../../../../arm-none-eabi/lib/libg.a(libc_a-impure.o)
                0x20017310                _impure_ptr
 *fill*         0x20017314        0x4 
 .data._impure_data
                0x20017318      0x120 /usr/lib/gcc/arm-none-eabi/14.2.0/../../../../arm-none-eabi/lib/libg.a(libc_a-impure.o)
                0x20017318                _impure_data
 *(.dyn)
 *(.iplt)
 .iplt          0x20017438        0x0 ./src/Bit/EPS.o
 *(.igot)
 *(.igot.plt)
 .igot.plt      0x20017438        0x0 ./src/Bit/EPS.o
 *(.rel.dyn)
 *(.rel.iplt)
 .rel.iplt      0x20017438        0x0 ./src/Bit/EPS.o
                0x20017438                        . = ALIGN (0x4)
                0x20017438                        _efixed = .

.ARM.exidx      0x20017438        0x0
 *(.ARM.exidx)
                0x20017438                        _eexidx = .

.ARM.extab      0x20017438        0x0
 *(.ARM.extab)
                0x20017438                        _eextab = .

.prerelocate    0x00200000        0x0 load address 0x20017438
                0x00200000                        . = ALIGN (0x4)
                0x00200000                        _sprerelocate = .
                0x00200000                        . = ALIGN (0x4)
                0x00200000                        _eprerelocate = .

.postrelocate   0x00200000     0x1298 load address 0x20017438
                0x00200000                        . = ALIGN (0x4)
                0x00200000                        _spostrelocate = .
 *(.vectors)
 .vectors       0x00200000       0xd4 /home/sbgmyql/eclipse-workspace/BIT/satellite-subsystems/demo/../..//hal/at91/lib/libAt91D.a(board_cstartup.o)
 *(.sramfunc)
 .sramfunc      0x002000d4      0xe54 /home/sbgmyql/eclipse-workspace/BIT/satellite-subsystems/demo/../..//hal/hal/lib/libHALD.a(I2C.o)
                0x0020098c                ISR_I2Cmaster
                0x00200d3c                taskI2Cregulator
 .sramfunc      0x00200f28       0x98 /home/sbgmyql/eclipse-workspace/BIT/satellite-subsystems/demo/../..//hal/hal/lib/libHALD.a(WatchDogTimerNoOS.o)
                0x00200f28                WDT_kickEveryNcalls
                0x00200f70                WDT_forceKick
 .sramfunc      0x00200fc0       0x50 /home/sbgmyql/eclipse-workspace/BIT/satellite-subsystems/demo/../..//hal/hal/lib/libHALD.a(WatchDogTimerOS.o)
 .sramfunc      0x00201010      0x18c /home/sbgmyql/eclipse-workspace/BIT/satellite-subsystems/demo/../..//hal/freertos/lib/libFreeRTOSD.a(port.o)
                0x00201010                vPortTickISR
                0x002010e8                vPortYieldProcessor
 .sramfunc      0x0020119c       0x50 /home/sbgmyql/eclipse-workspace/BIT/satellite-subsystems/demo/../..//hal/at91/lib/libAt91D.a(ExitHandler.o)
                0x0020119c                gracefulReset
 *fill*         0x002011ec        0x4 
 .sramfunc.__stub
                0x002011f0       0xa8 linker stubs
 *(.ramfunc)
                0x00201298                        . = ALIGN (0x4)
                0x00201298                        _epostrelocate = .

.sramdata       0x00300000        0xc load address 0x200186d0
                0x00300000                        . = ALIGN (0x4)
                0x00300000                        _ssramdata = .
 *(.sramdata)
 .sramdata      0x00300000        0x4 /home/sbgmyql/eclipse-workspace/BIT/satellite-subsystems/demo/../..//hal/hal/lib/libHALD.a(WatchDogTimerNoOS.o)
 .sramdata      0x00300004        0x8 /home/sbgmyql/eclipse-workspace/BIT/satellite-subsystems/demo/../..//hal/hal/lib/libHALD.a(WatchDogTimerOS.o)
                0x0030000c                        . = ALIGN (0x4)
                0x0030000c                        _esramdata = .

.srambss        0x0030000c        0x0
                0x0030000c                        . = ALIGN (0x4)
                0x0030000c                        _ssrambss = .
 *(.srambss)
                0x0030000c                        . = ALIGN (0x4)
                0x0030000c                        _esrambss = .

.bss            0x20017438      0x470
                0x20017438                        _szero = .
 *(.bss)
 .bss           0x20017438        0xc /home/sbgmyql/eclipse-workspace/BIT/satellite-subsystems/demo/..//satellite-subsystems/lib/libSatelliteSubsystemsD.a(isismepsv2_ivid7_piu.o)
 .bss           0x20017444       0x10 /home/sbgmyql/eclipse-workspace/BIT/satellite-subsystems/demo/../..//hal/hal/lib/libHALD.a(LED.o)
 .bss           0x20017454       0x54 /home/sbgmyql/eclipse-workspace/BIT/satellite-subsystems/demo/../..//hal/hal/lib/libHALD.a(I2C.o)
                0x2001745c                RescheduleFlag
 .bss           0x200174a8        0x8 /home/sbgmyql/eclipse-workspace/BIT/satellite-subsystems/demo/../..//hal/hal/lib/libHALD.a(WatchDogTimerOS.o)
 .bss           0x200174b0       0xfc /home/sbgmyql/eclipse-workspace/BIT/satellite-subsystems/demo/../..//hal/freertos/lib/libFreeRTOSD.a(tasks.o)
                0x200174b0                pxCurrentTCB
 .bss           0x200175ac       0x38 /home/sbgmyql/eclipse-workspace/BIT/satellite-subsystems/demo/../..//hal/freertos/lib/libFreeRTOSD.a(timers.o)
 .bss           0x200175e4        0x8 /home/sbgmyql/eclipse-workspace/BIT/satellite-subsystems/demo/../..//hal/freertos/lib/libFreeRTOSD.a(standardMemMang.o)
 .bss           0x200175ec        0x8 /home/sbgmyql/eclipse-workspace/BIT/satellite-subsystems/demo/../..//hal/freertos/lib/libFreeRTOSD.a(port.o)
 .bss           0x200175f4       0x3c /home/sbgmyql/eclipse-workspace/BIT/satellite-subsystems/demo/../..//hal/at91/lib/libAt91D.a(pio_it.o)
 *(.bss.*)
 .bss.__malloc_current_mallinfo
                0x20017630       0x28 /usr/lib/gcc/arm-none-eabi/14.2.0/../../../../arm-none-eabi/lib/libg.a(libc_a-mallocr.o)
                0x20017630                __malloc_current_mallinfo
 .bss.__malloc_max_total_mem
                0x20017658        0x4 /usr/lib/gcc/arm-none-eabi/14.2.0/../../../../arm-none-eabi/lib/libg.a(libc_a-mallocr.o)
                0x20017658                __malloc_max_total_mem
 .bss.__malloc_max_sbrked_mem
                0x2001765c        0x4 /usr/lib/gcc/arm-none-eabi/14.2.0/../../../../arm-none-eabi/lib/libg.a(libc_a-mallocr.o)
                0x2001765c                __malloc_max_sbrked_mem
 .bss.__malloc_top_pad
                0x20017660        0x4 /usr/lib/gcc/arm-none-eabi/14.2.0/../../../../arm-none-eabi/lib/libg.a(libc_a-mallocr.o)
                0x20017660                __malloc_top_pad
 .bss.__sf      0x20017664      0x138 /usr/lib/gcc/arm-none-eabi/14.2.0/../../../../arm-none-eabi/lib/libg.a(libc_a-findfp.o)
                0x20017664                __sf
 .bss.__stdio_exit_handler
                0x2001779c        0x4 /usr/lib/gcc/arm-none-eabi/14.2.0/../../../../arm-none-eabi/lib/libg.a(libc_a-findfp.o)
                0x2001779c                __stdio_exit_handler
 .bss.errno     0x200177a0        0x4 /usr/lib/gcc/arm-none-eabi/14.2.0/../../../../arm-none-eabi/lib/libg.a(libc_a-reent.o)
                0x200177a0                errno
 .bss.__lock___sfp_recursive_mutex
                0x200177a4        0x1 /usr/lib/gcc/arm-none-eabi/14.2.0/../../../../arm-none-eabi/lib/libg.a(libc_a-lock.o)
                0x200177a4                __lock___sfp_recursive_mutex
 *(COMMON)
 *fill*         0x200177a5        0x3 
 COMMON         0x200177a8      0x100 /home/sbgmyql/eclipse-workspace/BIT/satellite-subsystems/demo/../..//hal/freertos/lib/libFreeRTOSD.a(queue.o)
                0x200177a8                xQueueRegistry
 *(COMMON.*)
                0x200178a8                        . = ALIGN (0x4)
                0x200178a8                        _ezero = .
                0x200178a8                        _sheap_ = .
                0x21f00000                        _eheap_ = 0x21f00000
                0x21fffc00                        _sstack = 0x21fffc00
                0x200178a8                        end = .
OUTPUT(satellite-subsystems-demo.elf elf32-littlearm)
LOAD linker stubs

.debug_info     0x00000000    0x3052b
 .debug_info    0x00000000      0x654 ./src/Bit/EPS.o
 .debug_info    0x00000654       0xaf ./src/Bit/OBC.o
 .debug_info    0x00000703       0xaf ./src/Bit/PayloadAndAnts.o
 .debug_info    0x000007b2       0xaf ./src/Bit/TRXVU.o
 .debug_info    0x00000861      0xe2f ./src/main.o
 .debug_info    0x00001690     0x2aa4 /home/sbgmyql/eclipse-workspace/BIT/satellite-subsystems/demo/..//satellite-subsystems/lib/libSatelliteSubsystemsD.a(isismepsv2_ivid7_piu.o)
 .debug_info    0x00004134       0xcf /home/sbgmyql/eclipse-workspace/BIT/satellite-subsystems/demo/..//satellite-subsystems/lib/libSatelliteSubsystemsD.a(version.o)
 .debug_info    0x00004203      0x506 /home/sbgmyql/eclipse-workspace/BIT/satellite-subsystems/demo/../..//hal/hal/lib/libHALD.a(LED.o)
 .debug_info    0x00004709     0x1981 /home/sbgmyql/eclipse-workspace/BIT/satellite-subsystems/demo/../..//hal/hal/lib/libHALD.a(I2C.o)
 .debug_info    0x0000608a      0x3f1 /home/sbgmyql/eclipse-workspace/BIT/satellite-subsystems/demo/../..//hal/hal/lib/libHALD.a(WatchDogTimerNoOS.o)
 .debug_info    0x0000647b      0x1aa /home/sbgmyql/eclipse-workspace/BIT/satellite-subsystems/demo/../..//hal/hal/lib/libHALD.a(WatchDogTimerOS.o)
 .debug_info    0x00006625      0x2cc /home/sbgmyql/eclipse-workspace/BIT/satellite-subsystems/demo/../..//hal/hal/lib/libHALD.a(util.o)
 .debug_info    0x000068f1       0xf6 /home/sbgmyql/eclipse-workspace/BIT/satellite-subsystems/demo/../..//hal/hal/lib/libHALD.a(version.o)
 .debug_info    0x000069e7      0xd24 /home/sbgmyql/eclipse-workspace/BIT/satellite-subsystems/demo/../..//hal/freertos/lib/libFreeRTOSD.a(queue.o)
 .debug_info    0x0000770b      0x2aa /home/sbgmyql/eclipse-workspace/BIT/satellite-subsystems/demo/../..//hal/freertos/lib/libFreeRTOSD.a(list.o)
 .debug_info    0x000079b5     0x17f9 /home/sbgmyql/eclipse-workspace/BIT/satellite-subsystems/demo/../..//hal/freertos/lib/libFreeRTOSD.a(tasks.o)
 .debug_info    0x000091ae      0x762 /home/sbgmyql/eclipse-workspace/BIT/satellite-subsystems/demo/../..//hal/freertos/lib/libFreeRTOSD.a(timers.o)
 .debug_info    0x00009910       0xf4 /home/sbgmyql/eclipse-workspace/BIT/satellite-subsystems/demo/../..//hal/freertos/lib/libFreeRTOSD.a(hooks.o)
 .debug_info    0x00009a04      0x214 /home/sbgmyql/eclipse-workspace/BIT/satellite-subsystems/demo/../..//hal/freertos/lib/libFreeRTOSD.a(standardMemMang.o)
 .debug_info    0x00009c18      0x5d3 /home/sbgmyql/eclipse-workspace/BIT/satellite-subsystems/demo/../..//hal/freertos/lib/libFreeRTOSD.a(port.o)
 .debug_info    0x0000a1eb      0x597 /home/sbgmyql/eclipse-workspace/BIT/satellite-subsystems/demo/../..//hal/at91/lib/libAt91D.a(syscalls.o)
 .debug_info    0x0000a782      0x287 /home/sbgmyql/eclipse-workspace/BIT/satellite-subsystems/demo/../..//hal/at91/lib/libAt91D.a(aic.o)
 .debug_info    0x0000aa09      0xc4d /home/sbgmyql/eclipse-workspace/BIT/satellite-subsystems/demo/../..//hal/at91/lib/libAt91D.a(cp15.o)
 .debug_info    0x0000b656      0xc6e /home/sbgmyql/eclipse-workspace/BIT/satellite-subsystems/demo/../..//hal/at91/lib/libAt91D.a(dbgu.o)
 .debug_info    0x0000c2c4      0x6a5 /home/sbgmyql/eclipse-workspace/BIT/satellite-subsystems/demo/../..//hal/at91/lib/libAt91D.a(pio_it.o)
 .debug_info    0x0000c969      0x734 /home/sbgmyql/eclipse-workspace/BIT/satellite-subsystems/demo/../..//hal/at91/lib/libAt91D.a(pio.o)
 .debug_info    0x0000d09d      0x1ae /home/sbgmyql/eclipse-workspace/BIT/satellite-subsystems/demo/../..//hal/at91/lib/libAt91D.a(pit.o)
 .debug_info    0x0000d24b      0xc40 /home/sbgmyql/eclipse-workspace/BIT/satellite-subsystems/demo/../..//hal/at91/lib/libAt91D.a(pmc.o)
 .debug_info    0x0000de8b      0xf50 /home/sbgmyql/eclipse-workspace/BIT/satellite-subsystems/demo/../..//hal/at91/lib/libAt91D.a(twi_at91.o)
 .debug_info    0x0000eddb      0x457 /home/sbgmyql/eclipse-workspace/BIT/satellite-subsystems/demo/../..//hal/at91/lib/libAt91D.a(ExitHandler.o)
 .debug_info    0x0000f232       0x92 /home/sbgmyql/eclipse-workspace/BIT/satellite-subsystems/demo/../..//hal/at91/lib/libAt91D.a(board_cstartup.o)
 .debug_info    0x0000f2c4       0x81 /home/sbgmyql/eclipse-workspace/BIT/satellite-subsystems/demo/../..//hal/at91/lib/libAt91D.a(cp15_asm.o)
 .debug_info    0x0000f345      0xf88 /home/sbgmyql/eclipse-workspace/BIT/satellite-subsystems/demo/../..//hal/at91/lib/libAt91D.a(board_lowlevel.o)
 .debug_info    0x000102cd      0x956 /home/sbgmyql/eclipse-workspace/BIT/satellite-subsystems/demo/../..//hal/at91/lib/libAt91D.a(board_memories.o)
 .debug_info    0x00010c23       0x3e /usr/lib/gcc/arm-none-eabi/14.2.0/libgcc.a(_udivsi3.o)
 .debug_info    0x00010c61       0x3c /usr/lib/gcc/arm-none-eabi/14.2.0/libgcc.a(_dvmd_tls.o)
 .debug_info    0x00010c9d       0xd3 /usr/lib/gcc/arm-none-eabi/14.2.0/libgcc.a(_arm_addsubdf3.o)
 .debug_info    0x00010d70       0x57 /usr/lib/gcc/arm-none-eabi/14.2.0/libgcc.a(_arm_muldivdf3.o)
 .debug_info    0x00010dc7       0xe2 /usr/lib/gcc/arm-none-eabi/14.2.0/libgcc.a(_arm_cmpdf2.o)
 .debug_info    0x00010ea9       0x3c /usr/lib/gcc/arm-none-eabi/14.2.0/libgcc.a(_arm_unorddf2.o)
 .debug_info    0x00010ee5       0x3c /usr/lib/gcc/arm-none-eabi/14.2.0/libgcc.a(_arm_fixdfsi.o)
 .debug_info    0x00010f21      0x7be /usr/lib/gcc/arm-none-eabi/14.2.0/../../../../arm-none-eabi/lib/libg.a(libc_a-malloc.o)
 .debug_info    0x000116df      0xce5 /usr/lib/gcc/arm-none-eabi/14.2.0/../../../../arm-none-eabi/lib/libg.a(libc_a-mallocr.o)
 .debug_info    0x000123c4       0xb9 /usr/lib/gcc/arm-none-eabi/14.2.0/../../../../arm-none-eabi/lib/libg.a(libc_a-ctype_.o)
 .debug_info    0x0001247d      0xaae /usr/lib/gcc/arm-none-eabi/14.2.0/../../../../arm-none-eabi/lib/libg.a(libc_a-fflush.o)
 .debug_info    0x00012f2b     0x10fe /usr/lib/gcc/arm-none-eabi/14.2.0/../../../../arm-none-eabi/lib/libg.a(libc_a-findfp.o)
 .debug_info    0x00014029      0x7ee /usr/lib/gcc/arm-none-eabi/14.2.0/../../../../arm-none-eabi/lib/libg.a(libc_a-fwalk.o)
 .debug_info    0x00014817      0x85f /usr/lib/gcc/arm-none-eabi/14.2.0/../../../../arm-none-eabi/lib/libg.a(libc_a-printf.o)
 .debug_info    0x00015076      0x948 /usr/lib/gcc/arm-none-eabi/14.2.0/../../../../arm-none-eabi/lib/libg.a(libc_a-puts.o)
 .debug_info    0x000159be      0x8a3 /usr/lib/gcc/arm-none-eabi/14.2.0/../../../../arm-none-eabi/lib/libg.a(libc_a-sprintf.o)
 .debug_info    0x00016261      0xa9a /usr/lib/gcc/arm-none-eabi/14.2.0/../../../../arm-none-eabi/lib/libg.a(libc_a-stdio.o)
 .debug_info    0x00016cfb      0x135 /usr/lib/gcc/arm-none-eabi/14.2.0/../../../../arm-none-eabi/lib/libg.a(libc_a-memset.o)
 .debug_info    0x00016e30      0xbe1 /usr/lib/gcc/arm-none-eabi/14.2.0/../../../../arm-none-eabi/lib/libg.a(libc_a-locale.o)
 .debug_info    0x00017a11      0x77a /usr/lib/gcc/arm-none-eabi/14.2.0/../../../../arm-none-eabi/lib/libg.a(libc_a-closer.o)
 .debug_info    0x0001818b      0x83b /usr/lib/gcc/arm-none-eabi/14.2.0/../../../../arm-none-eabi/lib/libg.a(libc_a-reent.o)
 .debug_info    0x000189c6      0x733 /usr/lib/gcc/arm-none-eabi/14.2.0/../../../../arm-none-eabi/lib/libg.a(libc_a-impure.o)
 .debug_info    0x000190f9      0x7c6 /usr/lib/gcc/arm-none-eabi/14.2.0/../../../../arm-none-eabi/lib/libg.a(libc_a-lseekr.o)
 .debug_info    0x000198bf      0x7dd /usr/lib/gcc/arm-none-eabi/14.2.0/../../../../arm-none-eabi/lib/libg.a(libc_a-readr.o)
 .debug_info    0x0001a09c      0x7a0 /usr/lib/gcc/arm-none-eabi/14.2.0/../../../../arm-none-eabi/lib/libg.a(libc_a-sbrkr.o)
 .debug_info    0x0001a83c      0x7e3 /usr/lib/gcc/arm-none-eabi/14.2.0/../../../../arm-none-eabi/lib/libg.a(libc_a-writer.o)
 .debug_info    0x0001b01f      0x719 /usr/lib/gcc/arm-none-eabi/14.2.0/../../../../arm-none-eabi/lib/libg.a(libc_a-errno.o)
 .debug_info    0x0001b738      0x218 /usr/lib/gcc/arm-none-eabi/14.2.0/../../../../arm-none-eabi/lib/libg.a(libc_a-lock.o)
 .debug_info    0x0001b950      0x7c1 /usr/lib/gcc/arm-none-eabi/14.2.0/../../../../arm-none-eabi/lib/libg.a(libc_a-syswrite.o)
 .debug_info    0x0001c111       0xc1 /usr/lib/gcc/arm-none-eabi/14.2.0/../../../../arm-none-eabi/lib/libg.a(libc_a-sysconf.o)
 .debug_info    0x0001c1d2      0x152 /usr/lib/gcc/arm-none-eabi/14.2.0/../../../../arm-none-eabi/lib/libg.a(libc_a-memcpy-stub.o)
 .debug_info    0x0001c324       0xbd /usr/lib/gcc/arm-none-eabi/14.2.0/../../../../arm-none-eabi/lib/libg.a(libc_a-strlen-stub.o)
 .debug_info    0x0001c3e1      0xb53 /usr/lib/gcc/arm-none-eabi/14.2.0/../../../../arm-none-eabi/lib/libg.a(libc_a-freer.o)
 .debug_info    0x0001cf34      0xace /usr/lib/gcc/arm-none-eabi/14.2.0/../../../../arm-none-eabi/lib/libg.a(libc_a-mbtowc_r.o)
 .debug_info    0x0001da02     0x1e34 /usr/lib/gcc/arm-none-eabi/14.2.0/../../../../arm-none-eabi/lib/libg.a(libc_a-mprec.o)
 .debug_info    0x0001f836      0xa98 /usr/lib/gcc/arm-none-eabi/14.2.0/../../../../arm-none-eabi/lib/libg.a(libc_a-wctomb_r.o)
 .debug_info    0x000202ce     0x1a71 /usr/lib/gcc/arm-none-eabi/14.2.0/../../../../arm-none-eabi/lib/libg.a(libc_a-svfprintf.o)
 .debug_info    0x00021d3f     0x1d3a /usr/lib/gcc/arm-none-eabi/14.2.0/../../../../arm-none-eabi/lib/libg.a(libc_a-vfprintf.o)
 .debug_info    0x00023a79      0x81d /usr/lib/gcc/arm-none-eabi/14.2.0/../../../../arm-none-eabi/lib/libg.a(libc_a-sprint_r.o)
 .debug_info    0x00024296      0x84a /usr/lib/gcc/arm-none-eabi/14.2.0/../../../../arm-none-eabi/lib/libg.a(libc_a-ssprint_r.o)
 .debug_info    0x00024ae0      0x8eb /usr/lib/gcc/arm-none-eabi/14.2.0/../../../../arm-none-eabi/lib/libg.a(libc_a-fclose.o)
 .debug_info    0x000253cb      0xb44 /usr/lib/gcc/arm-none-eabi/14.2.0/../../../../arm-none-eabi/lib/libg.a(libc_a-fvwrite.o)
 .debug_info    0x00025f0f      0x7d9 /usr/lib/gcc/arm-none-eabi/14.2.0/../../../../arm-none-eabi/lib/libg.a(libc_a-wsetup.o)
 .debug_info    0x000266e8      0x148 /usr/lib/gcc/arm-none-eabi/14.2.0/../../../../arm-none-eabi/lib/libg.a(libc_a-memmove.o)
 .debug_info    0x00026830      0x14a /usr/lib/gcc/arm-none-eabi/14.2.0/../../../../arm-none-eabi/lib/libg.a(libc_a-strncpy.o)
 .debug_info    0x0002697a      0xa36 /usr/lib/gcc/arm-none-eabi/14.2.0/../../../../arm-none-eabi/lib/libg.a(libc_a-localeconv.o)
 .debug_info    0x000273b0      0x144 /usr/lib/gcc/arm-none-eabi/14.2.0/../../../../arm-none-eabi/lib/libg.a(libc_a-memchr-stub.o)
 .debug_info    0x000274f4      0x1e0 /usr/lib/gcc/arm-none-eabi/14.2.0/../../../../arm-none-eabi/lib/libg.a(libm_a-s_frexp.o)
 .debug_info    0x000276d4      0x8db /usr/lib/gcc/arm-none-eabi/14.2.0/../../../../arm-none-eabi/lib/libg.a(libc_a-assert.o)
 .debug_info    0x00027faf      0x8e3 /usr/lib/gcc/arm-none-eabi/14.2.0/../../../../arm-none-eabi/lib/libg.a(libc_a-callocr.o)
 .debug_info    0x00028892     0x194c /usr/lib/gcc/arm-none-eabi/14.2.0/../../../../arm-none-eabi/lib/libg.a(libc_a-dtoa.o)
 .debug_info    0x0002a1de      0xbcc /usr/lib/gcc/arm-none-eabi/14.2.0/../../../../arm-none-eabi/lib/libg.a(libc_a-reallocr.o)
 .debug_info    0x0002adaa      0x87c /usr/lib/gcc/arm-none-eabi/14.2.0/../../../../arm-none-eabi/lib/libg.a(libc_a-fiprintf.o)
 .debug_info    0x0002b626     0x13a5 /usr/lib/gcc/arm-none-eabi/14.2.0/../../../../arm-none-eabi/lib/libg.a(libc_a-vfiprintf.o)
 .debug_info    0x0002c9cb      0x8d2 /usr/lib/gcc/arm-none-eabi/14.2.0/../../../../arm-none-eabi/lib/libg.a(libc_a-ssputs_r.o)
 .debug_info    0x0002d29d      0xc0c /usr/lib/gcc/arm-none-eabi/14.2.0/../../../../arm-none-eabi/lib/libg.a(libc_a-makebuf.o)
 .debug_info    0x0002dea9      0x99f /usr/lib/gcc/arm-none-eabi/14.2.0/../../../../arm-none-eabi/lib/libg.a(libc_a-fstatr.o)
 .debug_info    0x0002e848      0x77a /usr/lib/gcc/arm-none-eabi/14.2.0/../../../../arm-none-eabi/lib/libg.a(libc_a-isattyr.o)
 .debug_info    0x0002efc2       0xd8 /usr/lib/gcc/arm-none-eabi/14.2.0/../../../../arm-none-eabi/lib/libg.a(libc_a-abort.o)
 .debug_info    0x0002f09a      0xc48 /usr/lib/gcc/arm-none-eabi/14.2.0/../../../../arm-none-eabi/lib/libg.a(libc_a-signal.o)
 .debug_info    0x0002fce2      0x80b /usr/lib/gcc/arm-none-eabi/14.2.0/../../../../arm-none-eabi/lib/libg.a(libc_a-signalr.o)
 .debug_info    0x000304ed       0x3e /usr/lib/gcc/arm-none-eabi/14.2.0/libgcc.a(_divsi3.o)

.debug_abbrev   0x00000000     0xa3b0
 .debug_abbrev  0x00000000      0x17b ./src/Bit/EPS.o
 .debug_abbrev  0x0000017b       0x74 ./src/Bit/OBC.o
 .debug_abbrev  0x000001ef       0x74 ./src/Bit/PayloadAndAnts.o
 .debug_abbrev  0x00000263       0x74 ./src/Bit/TRXVU.o
 .debug_abbrev  0x000002d7      0x2ea ./src/main.o
 .debug_abbrev  0x000005c1      0x234 /home/sbgmyql/eclipse-workspace/BIT/satellite-subsystems/demo/..//satellite-subsystems/lib/libSatelliteSubsystemsD.a(isismepsv2_ivid7_piu.o)
 .debug_abbrev  0x000007f5       0x45 /home/sbgmyql/eclipse-workspace/BIT/satellite-subsystems/demo/..//satellite-subsystems/lib/libSatelliteSubsystemsD.a(version.o)
 .debug_abbrev  0x0000083a      0x163 /home/sbgmyql/eclipse-workspace/BIT/satellite-subsystems/demo/../..//hal/hal/lib/libHALD.a(LED.o)
 .debug_abbrev  0x0000099d      0x353 /home/sbgmyql/eclipse-workspace/BIT/satellite-subsystems/demo/../..//hal/hal/lib/libHALD.a(I2C.o)
 .debug_abbrev  0x00000cf0       0xf6 /home/sbgmyql/eclipse-workspace/BIT/satellite-subsystems/demo/../..//hal/hal/lib/libHALD.a(WatchDogTimerNoOS.o)
 .debug_abbrev  0x00000de6       0xeb /home/sbgmyql/eclipse-workspace/BIT/satellite-subsystems/demo/../..//hal/hal/lib/libHALD.a(WatchDogTimerOS.o)
 .debug_abbrev  0x00000ed1       0xbf /home/sbgmyql/eclipse-workspace/BIT/satellite-subsystems/demo/../..//hal/hal/lib/libHALD.a(util.o)
 .debug_abbrev  0x00000f90       0x45 /home/sbgmyql/eclipse-workspace/BIT/satellite-subsystems/demo/../..//hal/hal/lib/libHALD.a(version.o)
 .debug_abbrev  0x00000fd5      0x1af /home/sbgmyql/eclipse-workspace/BIT/satellite-subsystems/demo/../..//hal/freertos/lib/libFreeRTOSD.a(queue.o)
 .debug_abbrev  0x00001184       0xc0 /home/sbgmyql/eclipse-workspace/BIT/satellite-subsystems/demo/../..//hal/freertos/lib/libFreeRTOSD.a(list.o)
 .debug_abbrev  0x00001244      0x2b2 /home/sbgmyql/eclipse-workspace/BIT/satellite-subsystems/demo/../..//hal/freertos/lib/libFreeRTOSD.a(tasks.o)
 .debug_abbrev  0x000014f6      0x170 /home/sbgmyql/eclipse-workspace/BIT/satellite-subsystems/demo/../..//hal/freertos/lib/libFreeRTOSD.a(timers.o)
 .debug_abbrev  0x00001666       0xa2 /home/sbgmyql/eclipse-workspace/BIT/satellite-subsystems/demo/../..//hal/freertos/lib/libFreeRTOSD.a(hooks.o)
 .debug_abbrev  0x00001708      0x116 /home/sbgmyql/eclipse-workspace/BIT/satellite-subsystems/demo/../..//hal/freertos/lib/libFreeRTOSD.a(standardMemMang.o)
 .debug_abbrev  0x0000181e      0x21e /home/sbgmyql/eclipse-workspace/BIT/satellite-subsystems/demo/../..//hal/freertos/lib/libFreeRTOSD.a(port.o)
 .debug_abbrev  0x00001a3c      0x130 /home/sbgmyql/eclipse-workspace/BIT/satellite-subsystems/demo/../..//hal/at91/lib/libAt91D.a(syscalls.o)
 .debug_abbrev  0x00001b6c       0xc3 /home/sbgmyql/eclipse-workspace/BIT/satellite-subsystems/demo/../..//hal/at91/lib/libAt91D.a(aic.o)
 .debug_abbrev  0x00001c2f      0x1f0 /home/sbgmyql/eclipse-workspace/BIT/satellite-subsystems/demo/../..//hal/at91/lib/libAt91D.a(cp15.o)
 .debug_abbrev  0x00001e1f      0x1f7 /home/sbgmyql/eclipse-workspace/BIT/satellite-subsystems/demo/../..//hal/at91/lib/libAt91D.a(dbgu.o)
 .debug_abbrev  0x00002016      0x1a0 /home/sbgmyql/eclipse-workspace/BIT/satellite-subsystems/demo/../..//hal/at91/lib/libAt91D.a(pio_it.o)
 .debug_abbrev  0x000021b6      0x185 /home/sbgmyql/eclipse-workspace/BIT/satellite-subsystems/demo/../..//hal/at91/lib/libAt91D.a(pio.o)
 .debug_abbrev  0x0000233b       0xd3 /home/sbgmyql/eclipse-workspace/BIT/satellite-subsystems/demo/../..//hal/at91/lib/libAt91D.a(pit.o)
 .debug_abbrev  0x0000240e      0x1fc /home/sbgmyql/eclipse-workspace/BIT/satellite-subsystems/demo/../..//hal/at91/lib/libAt91D.a(pmc.o)
 .debug_abbrev  0x0000260a      0x24f /home/sbgmyql/eclipse-workspace/BIT/satellite-subsystems/demo/../..//hal/at91/lib/libAt91D.a(twi_at91.o)
 .debug_abbrev  0x00002859      0x15d /home/sbgmyql/eclipse-workspace/BIT/satellite-subsystems/demo/../..//hal/at91/lib/libAt91D.a(ExitHandler.o)
 .debug_abbrev  0x000029b6       0x12 /home/sbgmyql/eclipse-workspace/BIT/satellite-subsystems/demo/../..//hal/at91/lib/libAt91D.a(board_cstartup.o)
 .debug_abbrev  0x000029c8       0x14 /home/sbgmyql/eclipse-workspace/BIT/satellite-subsystems/demo/../..//hal/at91/lib/libAt91D.a(cp15_asm.o)
 .debug_abbrev  0x000029dc      0x1ac /home/sbgmyql/eclipse-workspace/BIT/satellite-subsystems/demo/../..//hal/at91/lib/libAt91D.a(board_lowlevel.o)
 .debug_abbrev  0x00002b88      0x149 /home/sbgmyql/eclipse-workspace/BIT/satellite-subsystems/demo/../..//hal/at91/lib/libAt91D.a(board_memories.o)
 .debug_abbrev  0x00002cd1       0x28 /usr/lib/gcc/arm-none-eabi/14.2.0/libgcc.a(_udivsi3.o)
 .debug_abbrev  0x00002cf9       0x26 /usr/lib/gcc/arm-none-eabi/14.2.0/libgcc.a(_dvmd_tls.o)
 .debug_abbrev  0x00002d1f       0x28 /usr/lib/gcc/arm-none-eabi/14.2.0/libgcc.a(_arm_addsubdf3.o)
 .debug_abbrev  0x00002d47       0x28 /usr/lib/gcc/arm-none-eabi/14.2.0/libgcc.a(_arm_muldivdf3.o)
 .debug_abbrev  0x00002d6f       0x28 /usr/lib/gcc/arm-none-eabi/14.2.0/libgcc.a(_arm_cmpdf2.o)
 .debug_abbrev  0x00002d97       0x28 /usr/lib/gcc/arm-none-eabi/14.2.0/libgcc.a(_arm_unorddf2.o)
 .debug_abbrev  0x00002dbf       0x28 /usr/lib/gcc/arm-none-eabi/14.2.0/libgcc.a(_arm_fixdfsi.o)
 .debug_abbrev  0x00002de7      0x208 /usr/lib/gcc/arm-none-eabi/14.2.0/../../../../arm-none-eabi/lib/libg.a(libc_a-malloc.o)
 .debug_abbrev  0x00002fef      0x2d7 /usr/lib/gcc/arm-none-eabi/14.2.0/../../../../arm-none-eabi/lib/libg.a(libc_a-mallocr.o)
 .debug_abbrev  0x000032c6       0x62 /usr/lib/gcc/arm-none-eabi/14.2.0/../../../../arm-none-eabi/lib/libg.a(libc_a-ctype_.o)
 .debug_abbrev  0x00003328      0x328 /usr/lib/gcc/arm-none-eabi/14.2.0/../../../../arm-none-eabi/lib/libg.a(libc_a-fflush.o)
 .debug_abbrev  0x00003650      0x473 /usr/lib/gcc/arm-none-eabi/14.2.0/../../../../arm-none-eabi/lib/libg.a(libc_a-findfp.o)
 .debug_abbrev  0x00003ac3      0x1d9 /usr/lib/gcc/arm-none-eabi/14.2.0/../../../../arm-none-eabi/lib/libg.a(libc_a-fwalk.o)
 .debug_abbrev  0x00003c9c      0x256 /usr/lib/gcc/arm-none-eabi/14.2.0/../../../../arm-none-eabi/lib/libg.a(libc_a-printf.o)
 .debug_abbrev  0x00003ef2      0x27d /usr/lib/gcc/arm-none-eabi/14.2.0/../../../../arm-none-eabi/lib/libg.a(libc_a-puts.o)
 .debug_abbrev  0x0000416f      0x258 /usr/lib/gcc/arm-none-eabi/14.2.0/../../../../arm-none-eabi/lib/libg.a(libc_a-sprintf.o)
 .debug_abbrev  0x000043c7      0x242 /usr/lib/gcc/arm-none-eabi/14.2.0/../../../../arm-none-eabi/lib/libg.a(libc_a-stdio.o)
 .debug_abbrev  0x00004609       0xb7 /usr/lib/gcc/arm-none-eabi/14.2.0/../../../../arm-none-eabi/lib/libg.a(libc_a-memset.o)
 .debug_abbrev  0x000046c0      0x2e2 /usr/lib/gcc/arm-none-eabi/14.2.0/../../../../arm-none-eabi/lib/libg.a(libc_a-locale.o)
 .debug_abbrev  0x000049a2      0x1ec /usr/lib/gcc/arm-none-eabi/14.2.0/../../../../arm-none-eabi/lib/libg.a(libc_a-closer.o)
 .debug_abbrev  0x00004b8e      0x22a /usr/lib/gcc/arm-none-eabi/14.2.0/../../../../arm-none-eabi/lib/libg.a(libc_a-reent.o)
 .debug_abbrev  0x00004db8      0x185 /usr/lib/gcc/arm-none-eabi/14.2.0/../../../../arm-none-eabi/lib/libg.a(libc_a-impure.o)
 .debug_abbrev  0x00004f3d      0x200 /usr/lib/gcc/arm-none-eabi/14.2.0/../../../../arm-none-eabi/lib/libg.a(libc_a-lseekr.o)
 .debug_abbrev  0x0000513d      0x1ec /usr/lib/gcc/arm-none-eabi/14.2.0/../../../../arm-none-eabi/lib/libg.a(libc_a-readr.o)
 .debug_abbrev  0x00005329      0x216 /usr/lib/gcc/arm-none-eabi/14.2.0/../../../../arm-none-eabi/lib/libg.a(libc_a-sbrkr.o)
 .debug_abbrev  0x0000553f      0x1f1 /usr/lib/gcc/arm-none-eabi/14.2.0/../../../../arm-none-eabi/lib/libg.a(libc_a-writer.o)
 .debug_abbrev  0x00005730      0x19a /usr/lib/gcc/arm-none-eabi/14.2.0/../../../../arm-none-eabi/lib/libg.a(libc_a-errno.o)
 .debug_abbrev  0x000058ca      0x115 /usr/lib/gcc/arm-none-eabi/14.2.0/../../../../arm-none-eabi/lib/libg.a(libc_a-lock.o)
 .debug_abbrev  0x000059df      0x1dd /usr/lib/gcc/arm-none-eabi/14.2.0/../../../../arm-none-eabi/lib/libg.a(libc_a-syswrite.o)
 .debug_abbrev  0x00005bbc       0x80 /usr/lib/gcc/arm-none-eabi/14.2.0/../../../../arm-none-eabi/lib/libg.a(libc_a-sysconf.o)
 .debug_abbrev  0x00005c3c       0xca /usr/lib/gcc/arm-none-eabi/14.2.0/../../../../arm-none-eabi/lib/libg.a(libc_a-memcpy-stub.o)
 .debug_abbrev  0x00005d06       0x78 /usr/lib/gcc/arm-none-eabi/14.2.0/../../../../arm-none-eabi/lib/libg.a(libc_a-strlen-stub.o)
 .debug_abbrev  0x00005d7e      0x289 /usr/lib/gcc/arm-none-eabi/14.2.0/../../../../arm-none-eabi/lib/libg.a(libc_a-freer.o)
 .debug_abbrev  0x00006007      0x24a /usr/lib/gcc/arm-none-eabi/14.2.0/../../../../arm-none-eabi/lib/libg.a(libc_a-mbtowc_r.o)
 .debug_abbrev  0x00006251      0x503 /usr/lib/gcc/arm-none-eabi/14.2.0/../../../../arm-none-eabi/lib/libg.a(libc_a-mprec.o)
 .debug_abbrev  0x00006754      0x246 /usr/lib/gcc/arm-none-eabi/14.2.0/../../../../arm-none-eabi/lib/libg.a(libc_a-wctomb_r.o)
 .debug_abbrev  0x0000699a      0x401 /usr/lib/gcc/arm-none-eabi/14.2.0/../../../../arm-none-eabi/lib/libg.a(libc_a-svfprintf.o)
 .debug_abbrev  0x00006d9b      0x4e1 /usr/lib/gcc/arm-none-eabi/14.2.0/../../../../arm-none-eabi/lib/libg.a(libc_a-vfprintf.o)
 .debug_abbrev  0x0000727c      0x1dd /usr/lib/gcc/arm-none-eabi/14.2.0/../../../../arm-none-eabi/lib/libg.a(libc_a-sprint_r.o)
 .debug_abbrev  0x00007459      0x1e0 /usr/lib/gcc/arm-none-eabi/14.2.0/../../../../arm-none-eabi/lib/libg.a(libc_a-ssprint_r.o)
 .debug_abbrev  0x00007639      0x2a2 /usr/lib/gcc/arm-none-eabi/14.2.0/../../../../arm-none-eabi/lib/libg.a(libc_a-fclose.o)
 .debug_abbrev  0x000078db      0x26d /usr/lib/gcc/arm-none-eabi/14.2.0/../../../../arm-none-eabi/lib/libg.a(libc_a-fvwrite.o)
 .debug_abbrev  0x00007b48      0x21e /usr/lib/gcc/arm-none-eabi/14.2.0/../../../../arm-none-eabi/lib/libg.a(libc_a-wsetup.o)
 .debug_abbrev  0x00007d66       0xc3 /usr/lib/gcc/arm-none-eabi/14.2.0/../../../../arm-none-eabi/lib/libg.a(libc_a-memmove.o)
 .debug_abbrev  0x00007e29       0xbe /usr/lib/gcc/arm-none-eabi/14.2.0/../../../../arm-none-eabi/lib/libg.a(libc_a-strncpy.o)
 .debug_abbrev  0x00007ee7      0x273 /usr/lib/gcc/arm-none-eabi/14.2.0/../../../../arm-none-eabi/lib/libg.a(libc_a-localeconv.o)
 .debug_abbrev  0x0000815a       0xd8 /usr/lib/gcc/arm-none-eabi/14.2.0/../../../../arm-none-eabi/lib/libg.a(libc_a-memchr-stub.o)
 .debug_abbrev  0x00008232      0x162 /usr/lib/gcc/arm-none-eabi/14.2.0/../../../../arm-none-eabi/lib/libg.a(libm_a-s_frexp.o)
 .debug_abbrev  0x00008394      0x226 /usr/lib/gcc/arm-none-eabi/14.2.0/../../../../arm-none-eabi/lib/libg.a(libc_a-assert.o)
 .debug_abbrev  0x000085ba      0x25b /usr/lib/gcc/arm-none-eabi/14.2.0/../../../../arm-none-eabi/lib/libg.a(libc_a-callocr.o)
 .debug_abbrev  0x00008815      0x392 /usr/lib/gcc/arm-none-eabi/14.2.0/../../../../arm-none-eabi/lib/libg.a(libc_a-dtoa.o)
 .debug_abbrev  0x00008ba7      0x295 /usr/lib/gcc/arm-none-eabi/14.2.0/../../../../arm-none-eabi/lib/libg.a(libc_a-reallocr.o)
 .debug_abbrev  0x00008e3c      0x252 /usr/lib/gcc/arm-none-eabi/14.2.0/../../../../arm-none-eabi/lib/libg.a(libc_a-fiprintf.o)
 .debug_abbrev  0x0000908e      0x3f6 /usr/lib/gcc/arm-none-eabi/14.2.0/../../../../arm-none-eabi/lib/libg.a(libc_a-vfiprintf.o)
 .debug_abbrev  0x00009484      0x25a /usr/lib/gcc/arm-none-eabi/14.2.0/../../../../arm-none-eabi/lib/libg.a(libc_a-ssputs_r.o)
 .debug_abbrev  0x000096de      0x2d9 /usr/lib/gcc/arm-none-eabi/14.2.0/../../../../arm-none-eabi/lib/libg.a(libc_a-makebuf.o)
 .debug_abbrev  0x000099b7      0x1ff /usr/lib/gcc/arm-none-eabi/14.2.0/../../../../arm-none-eabi/lib/libg.a(libc_a-fstatr.o)
 .debug_abbrev  0x00009bb6      0x1ec /usr/lib/gcc/arm-none-eabi/14.2.0/../../../../arm-none-eabi/lib/libg.a(libc_a-isattyr.o)
 .debug_abbrev  0x00009da2       0x99 /usr/lib/gcc/arm-none-eabi/14.2.0/../../../../arm-none-eabi/lib/libg.a(libc_a-abort.o)
 .debug_abbrev  0x00009e3b      0x324 /usr/lib/gcc/arm-none-eabi/14.2.0/../../../../arm-none-eabi/lib/libg.a(libc_a-signal.o)
 .debug_abbrev  0x0000a15f      0x229 /usr/lib/gcc/arm-none-eabi/14.2.0/../../../../arm-none-eabi/lib/libg.a(libc_a-signalr.o)
 .debug_abbrev  0x0000a388       0x28 /usr/lib/gcc/arm-none-eabi/14.2.0/libgcc.a(_divsi3.o)

.debug_aranges  0x00000000     0x1670
 .debug_aranges
                0x00000000       0x28 ./src/Bit/EPS.o
 .debug_aranges
                0x00000028       0x20 ./src/Bit/OBC.o
 .debug_aranges